Archive member included to satisfy reference by file (symbol)

/home/mats/gcc-arm-none-eabi-7-2018-q2-update/bin/../lib/gcc/arm-none-eabi/7.3.1/../../../../arm-none-eabi/lib/thumb/v7e-m/fpv4-sp/hard/libc_nano.a(lib_a-exit.o)
                              /home/mats/gcc-arm-none-eabi-7-2018-q2-update/bin/../lib/gcc/arm-none-eabi/7.3.1/../../../../arm-none-eabi/lib/thumb/v7e-m/fpv4-sp/hard/crt0.o (exit)
/home/mats/gcc-arm-none-eabi-7-2018-q2-update/bin/../lib/gcc/arm-none-eabi/7.3.1/../../../../arm-none-eabi/lib/thumb/v7e-m/fpv4-sp/hard/libc_nano.a(lib_a-impure.o)
                              /home/mats/gcc-arm-none-eabi-7-2018-q2-update/bin/../lib/gcc/arm-none-eabi/7.3.1/../../../../arm-none-eabi/lib/thumb/v7e-m/fpv4-sp/hard/libc_nano.a(lib_a-exit.o) (_global_impure_ptr)
/home/mats/gcc-arm-none-eabi-7-2018-q2-update/bin/../lib/gcc/arm-none-eabi/7.3.1/../../../../arm-none-eabi/lib/thumb/v7e-m/fpv4-sp/hard/libc_nano.a(lib_a-init.o)
                              /home/mats/gcc-arm-none-eabi-7-2018-q2-update/bin/../lib/gcc/arm-none-eabi/7.3.1/../../../../arm-none-eabi/lib/thumb/v7e-m/fpv4-sp/hard/crt0.o (__libc_init_array)
/home/mats/gcc-arm-none-eabi-7-2018-q2-update/bin/../lib/gcc/arm-none-eabi/7.3.1/../../../../arm-none-eabi/lib/thumb/v7e-m/fpv4-sp/hard/libc_nano.a(lib_a-memcpy-stub.o)
                              ../../applications/gps-firefly-example/build/fireflyx1.o (memcpy)
/home/mats/gcc-arm-none-eabi-7-2018-q2-update/bin/../lib/gcc/arm-none-eabi/7.3.1/../../../../arm-none-eabi/lib/thumb/v7e-m/fpv4-sp/hard/libc_nano.a(lib_a-memset.o)
                              /home/mats/gcc-arm-none-eabi-7-2018-q2-update/bin/../lib/gcc/arm-none-eabi/7.3.1/../../../../arm-none-eabi/lib/thumb/v7e-m/fpv4-sp/hard/crt0.o (memset)
/home/mats/gcc-arm-none-eabi-7-2018-q2-update/bin/../lib/gcc/arm-none-eabi/7.3.1/../../../../arm-none-eabi/lib/thumb/v7e-m/fpv4-sp/hard/libc_nano.a(lib_a-nano-vfprintf_float.o)
                              (_printf_float)
/home/mats/gcc-arm-none-eabi-7-2018-q2-update/bin/../lib/gcc/arm-none-eabi/7.3.1/../../../../arm-none-eabi/lib/thumb/v7e-m/fpv4-sp/hard/libc_nano.a(lib_a-nano-vfprintf_i.o)
                              /home/mats/gcc-arm-none-eabi-7-2018-q2-update/bin/../lib/gcc/arm-none-eabi/7.3.1/../../../../arm-none-eabi/lib/thumb/v7e-m/fpv4-sp/hard/libc_nano.a(lib_a-nano-vfprintf_float.o) (_printf_common)
/home/mats/gcc-arm-none-eabi-7-2018-q2-update/bin/../lib/gcc/arm-none-eabi/7.3.1/../../../../arm-none-eabi/lib/thumb/v7e-m/fpv4-sp/hard/libc_nano.a(lib_a-printf.o)
                              ../../applications/gps-firefly-example/build/gps-firefly-example.o (printf)
/home/mats/gcc-arm-none-eabi-7-2018-q2-update/bin/../lib/gcc/arm-none-eabi/7.3.1/../../../../arm-none-eabi/lib/thumb/v7e-m/fpv4-sp/hard/libc_nano.a(lib_a-puts.o)
                              ../../applications/gps-firefly-example/build/gps-firefly-example.o (puts)
/home/mats/gcc-arm-none-eabi-7-2018-q2-update/bin/../lib/gcc/arm-none-eabi/7.3.1/../../../../arm-none-eabi/lib/thumb/v7e-m/fpv4-sp/hard/libc_nano.a(lib_a-strlen.o)
                              ../../applications/gps-firefly-example/build/fireflyx1.o (strlen)
/home/mats/gcc-arm-none-eabi-7-2018-q2-update/bin/../lib/gcc/arm-none-eabi/7.3.1/../../../../arm-none-eabi/lib/thumb/v7e-m/fpv4-sp/hard/libc_nano.a(lib_a-wbuf.o)
                              /home/mats/gcc-arm-none-eabi-7-2018-q2-update/bin/../lib/gcc/arm-none-eabi/7.3.1/../../../../arm-none-eabi/lib/thumb/v7e-m/fpv4-sp/hard/libc_nano.a(lib_a-puts.o) (__swbuf_r)
/home/mats/gcc-arm-none-eabi-7-2018-q2-update/bin/../lib/gcc/arm-none-eabi/7.3.1/../../../../arm-none-eabi/lib/thumb/v7e-m/fpv4-sp/hard/libc_nano.a(lib_a-wsetup.o)
                              /home/mats/gcc-arm-none-eabi-7-2018-q2-update/bin/../lib/gcc/arm-none-eabi/7.3.1/../../../../arm-none-eabi/lib/thumb/v7e-m/fpv4-sp/hard/libc_nano.a(lib_a-puts.o) (__swsetup_r)
/home/mats/gcc-arm-none-eabi-7-2018-q2-update/bin/../lib/gcc/arm-none-eabi/7.3.1/../../../../arm-none-eabi/lib/thumb/v7e-m/fpv4-sp/hard/libc_nano.a(lib_a-dtoa.o)
                              /home/mats/gcc-arm-none-eabi-7-2018-q2-update/bin/../lib/gcc/arm-none-eabi/7.3.1/../../../../arm-none-eabi/lib/thumb/v7e-m/fpv4-sp/hard/libc_nano.a(lib_a-nano-vfprintf_float.o) (_dtoa_r)
/home/mats/gcc-arm-none-eabi-7-2018-q2-update/bin/../lib/gcc/arm-none-eabi/7.3.1/../../../../arm-none-eabi/lib/thumb/v7e-m/fpv4-sp/hard/libc_nano.a(lib_a-fflush.o)
                              /home/mats/gcc-arm-none-eabi-7-2018-q2-update/bin/../lib/gcc/arm-none-eabi/7.3.1/../../../../arm-none-eabi/lib/thumb/v7e-m/fpv4-sp/hard/libc_nano.a(lib_a-wbuf.o) (_fflush_r)
/home/mats/gcc-arm-none-eabi-7-2018-q2-update/bin/../lib/gcc/arm-none-eabi/7.3.1/../../../../arm-none-eabi/lib/thumb/v7e-m/fpv4-sp/hard/libc_nano.a(lib_a-findfp.o)
[...]
Memory Configuration

Name             Origin             Length             Attributes
RAM              0x0000000020000000 0x0000000000050000 xrw
FLASH            0x0000000008000000 0x0000000000100000 xr
*default*        0x0000000000000000 0xffffffffffffffff

Linker script and memory map

LOAD /home/mats/gcc-arm-none-eabi-7-2018-q2-update/bin/../lib/gcc/arm-none-eabi/7.3.1/thumb/v7e-m/fpv4-sp/hard/crti.o
LOAD /home/mats/gcc-arm-none-eabi-7-2018-q2-update/bin/../lib/gcc/arm-none-eabi/7.3.1/thumb/v7e-m/fpv4-sp/hard/crtbegin.o
LOAD /home/mats/gcc-arm-none-eabi-7-2018-q2-update/bin/../lib/gcc/arm-none-eabi/7.3.1/../../../../arm-none-eabi/lib/thumb/v7e-m/fpv4-sp/hard/crt0.o
LOAD ../../applications/gps-firefly-example/build/gps-firefly-example.o
LOAD ../../applications/gps-firefly-example/build/fireflyx1.o
LOAD ../../applications/gps-firefly-example/build/nmea.o
LOAD ../../applications/gps-firefly-example/build/platform.o
LOAD ../../applications/gps-firefly-example/build/stm32l4xx_hal_i2c.o
LOAD ../../applications/gps-firefly-example/build/stm32l4xx_hal_i2c_ex.o
LOAD ../../applications/gps-firefly-example/build/stm32l4xx_hal_spi.o
LOAD ../../applications/gps-firefly-example/build/stm32l4xx_hal_spi_ex.o
LOAD ../../applications/gps-firefly-example/build/stm32l4xx_hal_iwdg.o
LOAD ../../applications/gps-firefly-example/build/stm32l4xx_hal_uart.o
LOAD ../../applications/gps-firefly-example/build/stm32l4xx_hal_uart_ex.o
LOAD ../../applications/gps-firefly-example/build/stm32l4xx_hal_tim.o
LOAD ../../applications/gps-firefly-example/build/stm32l4xx_hal_tim_ex.o
LOAD ../../applications/gps-firefly-example/build/stm32l4xx_hal.o
LOAD ../../applications/gps-firefly-example/build/stm32l4xx_hal_rcc.o
LOAD ../../applications/gps-firefly-example/build/stm32l4xx_hal_rcc_ex.o
LOAD ../../applications/gps-firefly-example/build/stm32l4xx_hal_flash.o
LOAD ../../applications/gps-firefly-example/build/stm32l4xx_hal_flash_ex.o
LOAD ../../applications/gps-firefly-example/build/stm32l4xx_hal_flash_ramfunc.o
LOAD ../../applications/gps-firefly-example/build/stm32l4xx_hal_gpio.o
LOAD ../../applications/gps-firefly-example/build/stm32l4xx_hal_dma.o
LOAD ../../applications/gps-firefly-example/build/stm32l4xx_hal_dma_ex.o
LOAD ../../applications/gps-firefly-example/build/stm32l4xx_hal_pwr.o
LOAD ../../applications/gps-firefly-example/build/stm32l4xx_hal_pwr_ex.o
LOAD ../../applications/gps-firefly-example/build/stm32l4xx_hal_cortex.o
LOAD ../../applications/gps-firefly-example/build/stm32l4xx_hal_crc.o
LOAD ../../applications/gps-firefly-example/build/stm32l4xx_hal_crc_ex.o
LOAD ../../applications/gps-firefly-example/build/queue.o
LOAD ../../applications/gps-firefly-example/build/croutine.o
LOAD ../../applications/gps-firefly-example/build/list.o
LOAD ../../applications/gps-firefly-example/build/stream_buffer.o
LOAD ../../applications/gps-firefly-example/build/event_groups.o
LOAD ../../applications/gps-firefly-example/build/tasks.o
LOAD ../../applications/gps-firefly-example/build/timers.o
LOAD ../../applications/gps-firefly-example/build/cmsis_os.o
LOAD ../../applications/gps-firefly-example/build/heap_4.o
LOAD ../../applications/gps-firefly-example/build/port.o
LOAD ../../applications/gps-firefly-example/build/freertos.o
LOAD ../../applications/gps-firefly-example/build/system_stm32l4xx.o
LOAD ../../applications/gps-firefly-example/build/octa.o
LOAD ../../applications/gps-firefly-example/build/uart.o
LOAD ../../applications/gps-firefly-example/build/rtosmacros.o
LOAD ../../applications/gps-firefly-example/build/spi.o
LOAD ../../applications/gps-firefly-example/build/iwdg.o
LOAD ../../applications/gps-firefly-example/build/gpio.o
LOAD ../../applications/gps-firefly-example/build/sysclock.o
LOAD ../../applications/gps-firefly-example/build/stm32l4xx_hal_msp.o
LOAD ../../applications/gps-firefly-example/build/stm32l4xx_hal_timebase_tim.o
LOAD ../../applications/gps-firefly-example/build/stm32l4xx_it.o
LOAD ../../applications/gps-firefly-example/build/i2c.o
LOAD ../../applications/gps-firefly-example/build/LSM303AGRSensor.o
LOAD ../../applications/gps-firefly-example/build/sht31.o
LOAD ../../applications/gps-firefly-example/build/TCS3472.o
LOAD ../../applications/gps-firefly-example/build/stc3115.o
LOAD ../../applications/gps-firefly-example/build/startup_stm32l496xx.o
LOAD /home/mats/gcc-arm-none-eabi-7-2018-q2-update/bin/../lib/gcc/arm-none-eabi/7.3.1/../../../../arm-none-eabi/lib/thumb/v7e-m/fpv4-sp/hard/libc_nano.a
LOAD /home/mats/gcc-arm-none-eabi-7-2018-q2-update/bin/../lib/gcc/arm-none-eabi/7.3.1/../../../../arm-none-eabi/lib/thumb/v7e-m/fpv4-sp/hard/libm.a
LOAD /home/mats/gcc-arm-none-eabi-7-2018-q2-update/bin/../lib/gcc/arm-none-eabi/7.3.1/../../../../arm-none-eabi/lib/thumb/v7e-m/fpv4-sp/hard/libnosys.a
START GROUP
LOAD /home/mats/gcc-arm-none-eabi-7-2018-q2-update/bin/../lib/gcc/arm-none-eabi/7.3.1/thumb/v7e-m/fpv4-sp/hard/libgcc.a
LOAD /home/mats/gcc-arm-none-eabi-7-2018-q2-update/bin/../lib/gcc/arm-none-eabi/7.3.1/../../../../arm-none-eabi/lib/thumb/v7e-m/fpv4-sp/hard/libc_nano.a
END GROUP
START GROUP
LOAD /home/mats/gcc-arm-none-eabi-7-2018-q2-update/bin/../lib/gcc/arm-none-eabi/7.3.1/thumb/v7e-m/fpv4-sp/hard/libgcc.a
LOAD /home/mats/gcc-arm-none-eabi-7-2018-q2-update/bin/../lib/gcc/arm-none-eabi/7.3.1/../../../../arm-none-eabi/lib/thumb/v7e-m/fpv4-sp/hard/libc_nano.a
END GROUP
LOAD /home/mats/gcc-arm-none-eabi-7-2018-q2-update/bin/../lib/gcc/arm-none-eabi/7.3.1/thumb/v7e-m/fpv4-sp/hard/crtend.o
LOAD /home/mats/gcc-arm-none-eabi-7-2018-q2-update/bin/../lib/gcc/arm-none-eabi/7.3.1/thumb/v7e-m/fpv4-sp/hard/crtn.o
                0x0000000020050000                _estack = 0x20050000
                0x0000000000000200                _Min_Heap_Size = 0x200
                0x0000000000000400                _Min_Stack_Size = 0x400

.isr_vector     0x0000000008000000      0x1b0
                0x0000000008000000                . = ALIGN (0x8)
 *(.isr_vector)
 .isr_vector    0x0000000008000000      0x1ac ../../applications/gps-firefly-example/build/startup_stm32l496xx.o
                0x0000000008000000                g_pfnVectors
                0x00000000080001b0                . = ALIGN (0x8)
 *fill*         0x00000000080001ac        0x4 

.text           0x00000000080001b0     0x9ff0
                0x00000000080001b0                . = ALIGN (0x8)
 *(.text)
 .text          0x00000000080001b0       0x40 /home/mats/gcc-arm-none-eabi-7-2018-q2-update/bin/../lib/gcc/arm-none-eabi/7.3.1/thumb/v7e-m/fpv4-sp/hard/crtbegin.o
 .text          0x00000000080001f0       0x10 /home/mats/gcc-arm-none-eabi-7-2018-q2-update/bin/../lib/gcc/arm-none-eabi/7.3.1/../../../../arm-none-eabi/lib/thumb/v7e-m/fpv4-sp/hard/libc_nano.a(lib_a-strlen.o)
                0x00000000080001f0                strlen
 .text          0x0000000008000200       0xa0 /home/mats/gcc-arm-none-eabi-7-2018-q2-update/bin/../lib/gcc/arm-none-eabi/7.3.1/../../../../arm-none-eabi/lib/thumb/v7e-m/fpv4-sp/hard/libc_nano.a(lib_a-memchr.o)
                0x0000000008000200                memchr
 .text          0x00000000080002a0      0x378 /home/mats/gcc-arm-none-eabi-7-2018-q2-update/bin/../lib/gcc/arm-none-eabi/7.3.1/thumb/v7e-m/fpv4-sp/hard/libgcc.a(_arm_addsubdf3.o)
                0x00000000080002a0                __aeabi_drsub
                0x00000000080002a8                __aeabi_dsub
                0x00000000080002a8                __subdf3
                0x00000000080002ac                __adddf3
                0x00000000080002ac                __aeabi_dadd
                0x0000000008000524                __aeabi_ui2d
                0x0000000008000524                __floatunsidf
                0x0000000008000544                __floatsidf
                0x0000000008000544                __aeabi_i2d
                0x0000000008000568                __extendsfdf2
                0x0000000008000568                __aeabi_f2d
                0x00000000080005ac                __aeabi_ul2d
                0x00000000080005ac                __floatundidf
                0x00000000080005bc                __floatdidf
                0x00000000080005bc                __aeabi_l2d
 .text          0x0000000008000618      0x424 /home/mats/gcc-arm-none-eabi-7-2018-q2-update/bin/../lib/gcc/arm-none-eabi/7.3.1/thumb/v7e-m/fpv4-sp/hard/libgcc.a(_arm_muldivdf3.o)
                0x0000000008000618                __aeabi_dmul
                0x0000000008000618                __muldf3
                0x000000000800086c                __aeabi_ddiv
                0x000000000800086c                __divdf3
 .text          0x0000000008000a3c      0x110 /home/mats/gcc-arm-none-eabi-7-2018-q2-update/bin/../lib/gcc/arm-none-eabi/7.3.1/thumb/v7e-m/fpv4-sp/hard/libgcc.a(_arm_cmpdf2.o)
                0x0000000008000a3c                __gtdf2
                0x0000000008000a3c                __gedf2
                0x0000000008000a44                __ltdf2
                0x0000000008000a44                __ledf2
                0x0000000008000a4c                __cmpdf2
                0x0000000008000a4c                __eqdf2
                0x0000000008000a4c                __nedf2
                0x0000000008000ac8                __aeabi_cdrcmple
                0x0000000008000ad8                __aeabi_cdcmple
                0x0000000008000ad8                __aeabi_cdcmpeq
                0x0000000008000ae8                __aeabi_dcmpeq
                0x0000000008000afc                __aeabi_dcmplt
                0x0000000008000b10                __aeabi_dcmple
                0x0000000008000b24                __aeabi_dcmpge
                0x0000000008000b38                __aeabi_dcmpgt
 .text          0x0000000008000b4c       0x2c /home/mats/gcc-arm-none-eabi-7-2018-q2-update/bin/../lib/gcc/arm-none-eabi/7.3.1/thumb/v7e-m/fpv4-sp/hard/libgcc.a(_arm_unorddf2.o)
                0x0000000008000b4c                __aeabi_dcmpun
                0x0000000008000b4c                __unorddf2
 .text          0x0000000008000b78       0x50 /home/mats/gcc-arm-none-eabi-7-2018-q2-update/bin/../lib/gcc/arm-none-eabi/7.3.1/thumb/v7e-m/fpv4-sp/hard/libgcc.a(_arm_fixdfsi.o)
                0x0000000008000b78                __fixdfsi
                0x0000000008000b78                __aeabi_d2iz
 .text          0x0000000008000bc8       0x40 /home/mats/gcc-arm-none-eabi-7-2018-q2-update/bin/../lib/gcc/arm-none-eabi/7.3.1/thumb/v7e-m/fpv4-sp/hard/libgcc.a(_arm_fixunsdfsi.o)
                0x0000000008000bc8                __fixunsdfsi
                0x0000000008000bc8                __aeabi_d2uiz
 .text          0x0000000008000c08       0xa0 /home/mats/gcc-arm-none-eabi-7-2018-q2-update/bin/../lib/gcc/arm-none-eabi/7.3.1/thumb/v7e-m/fpv4-sp/hard/libgcc.a(_arm_truncdfsf2.o)
                0x0000000008000c08                __aeabi_d2f
                0x0000000008000c08                __truncdfsf2
 .text          0x0000000008000ca8       0x30 /home/mats/gcc-arm-none-eabi-7-2018-q2-update/bin/../lib/gcc/arm-none-eabi/7.3.1/thumb/v7e-m/fpv4-sp/hard/libgcc.a(_aeabi_uldivmod.o)
                0x0000000008000ca8                __aeabi_uldivmod
 .text          0x0000000008000cd8      0x2cc /home/mats/gcc-arm-none-eabi-7-2018-q2-update/bin/../lib/gcc/arm-none-eabi/7.3.1/thumb/v7e-m/fpv4-sp/hard/libgcc.a(_udivmoddi4.o)
                0x0000000008000cd8                __udivmoddi4
 .text          0x0000000008000fa4        0x4 /home/mats/gcc-arm-none-eabi-7-2018-q2-update/bin/../lib/gcc/arm-none-eabi/7.3.1/thumb/v7e-m/fpv4-sp/hard/libgcc.a(_dvmd_tls.o)
                0x0000000008000fa4                __aeabi_ldiv0
                0x0000000008000fa4                __aeabi_idiv0
 *(.text*)
 .text.printWelcome
                0x0000000008000fa8       0x54 ../../applications/gps-firefly-example/build/gps-firefly-example.o
                0x0000000008000fa8                printWelcome
 .text.main     0x0000000008000ffc       0x84 ../../applications/gps-firefly-example/build/gps-firefly-example.o
                0x0000000008000ffc                main
 .text.setGPSCoordinates
                0x0000000008001080       0x70 ../../applications/gps-firefly-example/build/gps-firefly-example.o
                0x0000000008001080                setGPSCoordinates
 .text.GPS_Read
                0x00000000080010f0       0x38 ../../applications/gps-firefly-example/build/gps-firefly-example.o
                0x00000000080010f0                GPS_Read
 .text.HAL_TIM_PeriodElapsedCallback
                0x0000000008001128       0x18 ../../applications/gps-firefly-example/build/gps-firefly-example.o
                0x0000000008001128                HAL_TIM_PeriodElapsedCallback
 .text.Error_Handler
                0x0000000008001140        0x2 ../../applications/gps-firefly-example/build/gps-firefly-example.o
                0x0000000008001140                Error_Handler
 *fill*         0x0000000008001142        0x2 
 .text.Firefly_Initialize
                0x0000000008001144       0x90 ../../applications/gps-firefly-example/build/fireflyx1.o
                0x0000000008001144                Firefly_Initialize
 .text.READ_REG_GPS
                0x00000000080011d4       0x24 ../../applications/gps-firefly-example/build/fireflyx1.o
                0x00000000080011d4                READ_REG_GPS
 .text.feedToProcessor
                0x00000000080011f8       0x1c ../../applications/gps-firefly-example/build/fireflyx1.o
                0x00000000080011f8                feedToProcessor
 .text.Firefly_receive
                0x0000000008001214       0x12 ../../applications/gps-firefly-example/build/fireflyx1.o
                0x0000000008001214                Firefly_receive
 *fill*         0x0000000008001226        0x2 
 .text.gps_get_position_dd
                0x0000000008001228       0xb0 ../../applications/gps-firefly-example/build/fireflyx1.o
                0x0000000008001228                gps_get_position_dd
 .text.find_start
                0x00000000080012d8        0xc ../../applications/gps-firefly-example/build/nmea.o
                0x00000000080012d8                find_start
 .text.parse_ns_ind
                0x00000000080012e4       0x20 ../../applications/gps-firefly-example/build/nmea.o
                0x00000000080012e4                parse_ns_ind
 .text.parse_ew_ind
                0x0000000008001304       0x20 ../../applications/gps-firefly-example/build/nmea.o
                0x0000000008001304                parse_ew_ind
 .text.parse_quality
                0x0000000008001324       0x24 ../../applications/gps-firefly-example/build/nmea.o
                0x0000000008001324                parse_quality
 .text.parse_nr_sats
                0x0000000008001348       0x58 ../../applications/gps-firefly-example/build/nmea.o
                0x0000000008001348                parse_nr_sats
 .text.parse_time
                0x00000000080013a0      0x1a8 ../../applications/gps-firefly-example/build/nmea.o
                0x00000000080013a0                parse_time
 .text.parse_latitude
                0x0000000008001548      0x1b8 ../../applications/gps-firefly-example/build/nmea.o
                0x0000000008001548                parse_latitude
 .text.parse_longitude
                0x0000000008001700      0x1c0 ../../applications/gps-firefly-example/build/nmea.o
                0x0000000008001700                parse_longitude
 .text.parse_hdop
                0x00000000080018c0       0xf8 ../../applications/gps-firefly-example/build/nmea.o
                0x00000000080018c0                parse_hdop
 .text.nmea_get_position
                0x00000000080019b8       0x24 ../../applications/gps-firefly-example/build/nmea.o
                0x00000000080019b8                nmea_get_position
 .text.nmea_have_position
                0x00000000080019dc       0x14 ../../applications/gps-firefly-example/build/nmea.o
                0x00000000080019dc                nmea_have_position
 .text._reset_position
                0x00000000080019f0       0x24 ../../applications/gps-firefly-example/build/nmea.o
                0x00000000080019f0                _reset_position
 .text.parse_gngga
                0x0000000008001a14       0x58 ../../applications/gps-firefly-example/build/nmea.o
                0x0000000008001a14                parse_gngga
 .text.nmea_parse
                0x0000000008001a6c       0x30 ../../applications/gps-firefly-example/build/nmea.o
                0x0000000008001a6c                nmea_parse
 .text.Initialize_Platform
                0x0000000008001a9c        0x8 ../../applications/gps-firefly-example/build/platform.o
                0x0000000008001a9c                Initialize_Platform
 .text.I2C_Flush_TXDR
                0x0000000008001aa4       0x22 ../../applications/gps-firefly-example/build/stm32l4xx_hal_i2c.o
 .text.I2C_TransferConfig
                0x0000000008001ac6       0x36 ../../applications/gps-firefly-example/build/stm32l4xx_hal_i2c.o
 .text.I2C_IsAcknowledgeFailed
                0x0000000008001afc       0x90 ../../applications/gps-firefly-example/build/stm32l4xx_hal_i2c.o
 .text.I2C_WaitOnFlagUntilTimeout
                0x0000000008001b8c       0x52 ../../applications/gps-firefly-example/build/stm32l4xx_hal_i2c.o
 .text.I2C_WaitOnSTOPFlagUntilTimeout
                0x0000000008001bde       0x50 ../../applications/gps-firefly-example/build/stm32l4xx_hal_i2c.o
 .text.I2C_WaitOnRXNEFlagUntilTimeout
                0x0000000008001c2e       0x98 ../../applications/gps-firefly-example/build/stm32l4xx_hal_i2c.o
 .text.HAL_I2C_Init
                0x0000000008001cc6       0xbc ../../applications/gps-firefly-example/build/stm32l4xx_hal_i2c.o
                0x0000000008001cc6                HAL_I2C_Init
 *fill*         0x0000000008001d82        0x2 
 .text.HAL_I2C_Master_Receive
                0x0000000008001d84      0x17c ../../applications/gps-firefly-example/build/stm32l4xx_hal_i2c.o
                0x0000000008001d84                HAL_I2C_Master_Receive
 .text.HAL_I2CEx_ConfigAnalogFilter
                0x0000000008001f00       0x5c ../../applications/gps-firefly-example/build/stm32l4xx_hal_i2c_ex.o
                0x0000000008001f00                HAL_I2CEx_ConfigAnalogFilter
 .text.HAL_I2CEx_ConfigDigitalFilter
                0x0000000008001f5c       0x58 ../../applications/gps-firefly-example/build/stm32l4xx_hal_i2c_ex.o
                0x0000000008001f5c                HAL_I2CEx_ConfigDigitalFilter
 .text.HAL_SPI_ErrorCallback
                0x0000000008001fb4        0x2 ../../applications/gps-firefly-example/build/stm32l4xx_hal_spi.o
                0x0000000008001fb4                HAL_SPI_ErrorCallback
 *fill*         0x0000000008001fb6        0x2 
 .text.HAL_SPI_IRQHandler
                0x0000000008001fb8      0x120 ../../applications/gps-firefly-example/build/stm32l4xx_hal_spi.o
                0x0000000008001fb8                HAL_SPI_IRQHandler
 .text.SPI_DMAAbortOnError
                0x00000000080020d8       0x12 ../../applications/gps-firefly-example/build/stm32l4xx_hal_spi.o
 .text.HAL_IWDG_Init
                0x00000000080020ea       0x58 ../../applications/gps-firefly-example/build/stm32l4xx_hal_iwdg.o
                0x00000000080020ea                HAL_IWDG_Init
 .text.UART_EndRxTransfer
                0x0000000008002142       0x20 ../../applications/gps-firefly-example/build/stm32l4xx_hal_uart.o
 .text.HAL_UART_TxCpltCallback
                0x0000000008002162        0x2 ../../applications/gps-firefly-example/build/stm32l4xx_hal_uart.o
                0x0000000008002162                HAL_UART_TxCpltCallback
 .text.UART_EndTransmit_IT
                0x0000000008002164       0x1c ../../applications/gps-firefly-example/build/stm32l4xx_hal_uart.o
 .text.HAL_UART_ErrorCallback
                0x0000000008002180        0x2 ../../applications/gps-firefly-example/build/stm32l4xx_hal_uart.o
                0x0000000008002180                HAL_UART_ErrorCallback
 *fill*         0x0000000008002182        0x2 
 .text.HAL_UART_IRQHandler
                0x0000000008002184      0x15c ../../applications/gps-firefly-example/build/stm32l4xx_hal_uart.o
                0x0000000008002184                HAL_UART_IRQHandler
 .text.UART_DMAAbortOnError
                0x00000000080022e0       0x14 ../../applications/gps-firefly-example/build/stm32l4xx_hal_uart.o
 .text.UART_SetConfig
                0x00000000080022f4      0x424 ../../applications/gps-firefly-example/build/stm32l4xx_hal_uart.o
                0x00000000080022f4                UART_SetConfig
 .text.UART_AdvFeatureConfig
                0x0000000008002718       0xca ../../applications/gps-firefly-example/build/stm32l4xx_hal_uart.o
                0x0000000008002718                UART_AdvFeatureConfig
 .text.UART_WaitOnFlagUntilTimeout
                0x00000000080027e2       0x62 ../../applications/gps-firefly-example/build/stm32l4xx_hal_uart.o
                0x00000000080027e2                UART_WaitOnFlagUntilTimeout
 .text.HAL_UART_Transmit
                0x0000000008002844       0xce ../../applications/gps-firefly-example/build/stm32l4xx_hal_uart.o
                0x0000000008002844                HAL_UART_Transmit
 .text.UART_CheckIdleState
                0x0000000008002912       0x70 ../../applications/gps-firefly-example/build/stm32l4xx_hal_uart.o
                0x0000000008002912                UART_CheckIdleState
 .text.HAL_UART_Init
                0x0000000008002982       0x66 ../../applications/gps-firefly-example/build/stm32l4xx_hal_uart.o
                0x0000000008002982                HAL_UART_Init
 .text.HAL_UARTEx_WakeupCallback
                0x00000000080029e8        0x2 ../../applications/gps-firefly-example/build/stm32l4xx_hal_uart_ex.o
                0x00000000080029e8                HAL_UARTEx_WakeupCallback
 .text.HAL_TIM_Base_MspInit
                0x00000000080029ea        0x2 ../../applications/gps-firefly-example/build/stm32l4xx_hal_tim.o
                0x00000000080029ea                HAL_TIM_Base_MspInit
 .text.HAL_TIM_Base_Start_IT
                0x00000000080029ec       0x34 ../../applications/gps-firefly-example/build/stm32l4xx_hal_tim.o
                0x00000000080029ec                HAL_TIM_Base_Start_IT
 .text.HAL_TIM_OC_DelayElapsedCallback
                0x0000000008002a20        0x2 ../../applications/gps-firefly-example/build/stm32l4xx_hal_tim.o
                0x0000000008002a20                HAL_TIM_OC_DelayElapsedCallback
 .text.HAL_TIM_IC_CaptureCallback
                0x0000000008002a22        0x2 ../../applications/gps-firefly-example/build/stm32l4xx_hal_tim.o
                0x0000000008002a22                HAL_TIM_IC_CaptureCallback
 .text.HAL_TIM_PWM_PulseFinishedCallback
                0x0000000008002a24        0x2 ../../applications/gps-firefly-example/build/stm32l4xx_hal_tim.o
                0x0000000008002a24                HAL_TIM_PWM_PulseFinishedCallback
 .text.HAL_TIM_TriggerCallback
                0x0000000008002a26        0x2 ../../applications/gps-firefly-example/build/stm32l4xx_hal_tim.o
                0x0000000008002a26                HAL_TIM_TriggerCallback
 .text.HAL_TIM_IRQHandler
                0x0000000008002a28      0x19a ../../applications/gps-firefly-example/build/stm32l4xx_hal_tim.o
                0x0000000008002a28                HAL_TIM_IRQHandler
 *fill*         0x0000000008002bc2        0x2 
 .text.TIM_Base_SetConfig
                0x0000000008002bc4       0xc8 ../../applications/gps-firefly-example/build/stm32l4xx_hal_tim.o
                0x0000000008002bc4                TIM_Base_SetConfig
 .text.HAL_TIM_Base_Init
                0x0000000008002c8c       0x32 ../../applications/gps-firefly-example/build/stm32l4xx_hal_tim.o
                0x0000000008002c8c                HAL_TIM_Base_Init
 .text.HAL_TIMEx_CommutationCallback
                0x0000000008002cbe        0x2 ../../applications/gps-firefly-example/build/stm32l4xx_hal_tim_ex.o
                0x0000000008002cbe                HAL_TIMEx_CommutationCallback
 .text.HAL_TIMEx_BreakCallback
                0x0000000008002cc0        0x2 ../../applications/gps-firefly-example/build/stm32l4xx_hal_tim_ex.o
                0x0000000008002cc0                HAL_TIMEx_BreakCallback
 .text.HAL_TIMEx_Break2Callback
                0x0000000008002cc2        0x2 ../../applications/gps-firefly-example/build/stm32l4xx_hal_tim_ex.o
                0x0000000008002cc2                HAL_TIMEx_Break2Callback
 .text.HAL_Init
                0x0000000008002cc4       0x1e ../../applications/gps-firefly-example/build/stm32l4xx_hal.o
                0x0000000008002cc4                HAL_Init
 *fill*         0x0000000008002ce2        0x2 
 .text.HAL_IncTick
                0x0000000008002ce4       0x10 ../../applications/gps-firefly-example/build/stm32l4xx_hal.o
                0x0000000008002ce4                HAL_IncTick
 .text.HAL_GetTick
                0x0000000008002cf4        0xc ../../applications/gps-firefly-example/build/stm32l4xx_hal.o
                0x0000000008002cf4                HAL_GetTick
 .text.HAL_Delay
                0x0000000008002d00       0x1e ../../applications/gps-firefly-example/build/stm32l4xx_hal.o
                0x0000000008002d00                HAL_Delay
 *fill*         0x0000000008002d1e        0x2 
 .text.RCC_SetFlashLatencyFromMSIRange
                0x0000000008002d20       0x90 ../../applications/gps-firefly-example/build/stm32l4xx_hal_rcc.o
 .text.HAL_RCC_GetSysClockFreq
                0x0000000008002db0       0xd8 ../../applications/gps-firefly-example/build/stm32l4xx_hal_rcc.o
                0x0000000008002db0                HAL_RCC_GetSysClockFreq
 .text.HAL_RCC_OscConfig
                0x0000000008002e88      0x5b4 ../../applications/gps-firefly-example/build/stm32l4xx_hal_rcc.o
                0x0000000008002e88                HAL_RCC_OscConfig
 .text.HAL_RCC_ClockConfig
                0x000000000800343c      0x154 ../../applications/gps-firefly-example/build/stm32l4xx_hal_rcc.o
                0x000000000800343c                HAL_RCC_ClockConfig
 .text.HAL_RCC_GetHCLKFreq
                0x0000000008003590        0xc ../../applications/gps-firefly-example/build/stm32l4xx_hal_rcc.o
                0x0000000008003590                HAL_RCC_GetHCLKFreq
 .text.HAL_RCC_GetPCLK1Freq
                0x000000000800359c       0x24 ../../applications/gps-firefly-example/build/stm32l4xx_hal_rcc.o
                0x000000000800359c                HAL_RCC_GetPCLK1Freq
 .text.HAL_RCC_GetPCLK2Freq
                0x00000000080035c0       0x24 ../../applications/gps-firefly-example/build/stm32l4xx_hal_rcc.o
                0x00000000080035c0                HAL_RCC_GetPCLK2Freq
 .text.HAL_RCC_GetClockConfig
                0x00000000080035e4       0x3c ../../applications/gps-firefly-example/build/stm32l4xx_hal_rcc.o
                0x00000000080035e4                HAL_RCC_GetClockConfig
 .text.RCCEx_PLLSAI1_Config
                0x0000000008003620      0x16c ../../applications/gps-firefly-example/build/stm32l4xx_hal_rcc_ex.o
 .text.RCCEx_PLLSAI2_Config
                0x000000000800378c      0x148 ../../applications/gps-firefly-example/build/stm32l4xx_hal_rcc_ex.o
 .text.HAL_RCCEx_PeriphCLKConfig
                0x00000000080038d4      0x46c ../../applications/gps-firefly-example/build/stm32l4xx_hal_rcc_ex.o
                0x00000000080038d4                HAL_RCCEx_PeriphCLKConfig
 .text.HAL_GPIO_Init
                0x0000000008003d40      0x1b8 ../../applications/gps-firefly-example/build/stm32l4xx_hal_gpio.o
                0x0000000008003d40                HAL_GPIO_Init
 .text.HAL_GPIO_WritePin
                0x0000000008003ef8        0xa ../../applications/gps-firefly-example/build/stm32l4xx_hal_gpio.o
                0x0000000008003ef8                HAL_GPIO_WritePin
 .text.HAL_GPIO_TogglePin
                0x0000000008003f02        0x8 ../../applications/gps-firefly-example/build/stm32l4xx_hal_gpio.o
                0x0000000008003f02                HAL_GPIO_TogglePin
 .text.HAL_DMA_Abort_IT
                0x0000000008003f0a       0x50 ../../applications/gps-firefly-example/build/stm32l4xx_hal_dma.o
                0x0000000008003f0a                HAL_DMA_Abort_IT
 *fill*         0x0000000008003f5a        0x2 
 .text.HAL_PWREx_GetVoltageRange
                0x0000000008003f5c       0x10 ../../applications/gps-firefly-example/build/stm32l4xx_hal_pwr_ex.o
                0x0000000008003f5c                HAL_PWREx_GetVoltageRange
 .text.HAL_PWREx_ControlVoltageScaling
                0x0000000008003f6c       0x90 ../../applications/gps-firefly-example/build/stm32l4xx_hal_pwr_ex.o
                0x0000000008003f6c                HAL_PWREx_ControlVoltageScaling
 .text.HAL_PWREx_EnableVddIO2
                0x0000000008003ffc       0x10 ../../applications/gps-firefly-example/build/stm32l4xx_hal_pwr_ex.o
                0x0000000008003ffc                HAL_PWREx_EnableVddIO2
 .text.HAL_NVIC_SetPriorityGrouping
                0x000000000800400c       0x24 ../../applications/gps-firefly-example/build/stm32l4xx_hal_cortex.o
                0x000000000800400c                HAL_NVIC_SetPriorityGrouping
 .text.HAL_NVIC_SetPriority
                0x0000000008004030       0x68 ../../applications/gps-firefly-example/build/stm32l4xx_hal_cortex.o
                0x0000000008004030                HAL_NVIC_SetPriority
 .text.HAL_NVIC_EnableIRQ
                0x0000000008004098       0x18 ../../applications/gps-firefly-example/build/stm32l4xx_hal_cortex.o
                0x0000000008004098                HAL_NVIC_EnableIRQ
 .text.prvIsQueueFull
                0x00000000080040b0       0x1e ../../applications/gps-firefly-example/build/queue.o
 .text.prvIsQueueEmpty
                0x00000000080040ce       0x1a ../../applications/gps-firefly-example/build/queue.o
 .text.prvCopyDataToQueue
                0x00000000080040e8       0x76 ../../applications/gps-firefly-example/build/queue.o
 .text.prvCopyDataFromQueue
                0x000000000800415e       0x24 ../../applications/gps-firefly-example/build/queue.o
 .text.prvUnlockQueue
                0x0000000008004182       0x6e ../../applications/gps-firefly-example/build/queue.o
 .text.xQueueGenericReset
                0x00000000080041f0       0x84 ../../applications/gps-firefly-example/build/queue.o
                0x00000000080041f0                xQueueGenericReset
 .text.prvInitialiseNewQueue
                0x0000000008004274       0x1c ../../applications/gps-firefly-example/build/queue.o
 .text.xQueueGenericCreate
                0x0000000008004290       0x48 ../../applications/gps-firefly-example/build/queue.o
                0x0000000008004290                xQueueGenericCreate
 .text.xQueueGenericSend
                0x00000000080042d8      0x17c ../../applications/gps-firefly-example/build/queue.o
                0x00000000080042d8                xQueueGenericSend
 .text.xQueueGenericSendFromISR
                0x0000000008004454       0xcc ../../applications/gps-firefly-example/build/queue.o
                0x0000000008004454                xQueueGenericSendFromISR
 .text.xQueueReceive
                0x0000000008004520      0x158 ../../applications/gps-firefly-example/build/queue.o
                0x0000000008004520                xQueueReceive
 .text.vQueueAddToRegistry
                0x0000000008004678       0x28 ../../applications/gps-firefly-example/build/queue.o
                0x0000000008004678                vQueueAddToRegistry
 .text.vQueueWaitForMessageRestricted
                0x00000000080046a0       0x52 ../../applications/gps-firefly-example/build/queue.o
                0x00000000080046a0                vQueueWaitForMessageRestricted
 .text.vListInitialise
                0x00000000080046f2       0x16 ../../applications/gps-firefly-example/build/list.o
                0x00000000080046f2                vListInitialise
 .text.vListInitialiseItem
                0x0000000008004708        0x6 ../../applications/gps-firefly-example/build/list.o
                0x0000000008004708                vListInitialiseItem
 .text.vListInsertEnd
                0x000000000800470e       0x18 ../../applications/gps-firefly-example/build/list.o
                0x000000000800470e                vListInsertEnd
 .text.vListInsert
                0x0000000008004726       0x34 ../../applications/gps-firefly-example/build/list.o
                0x0000000008004726                vListInsert
 .text.uxListRemove
                0x000000000800475a       0x28 ../../applications/gps-firefly-example/build/list.o
                0x000000000800475a                uxListRemove
 *fill*         0x0000000008004782        0x2 
 .text.prvResetNextTaskUnblockTime
                0x0000000008004784       0x2c ../../applications/gps-firefly-example/build/tasks.o
 .text.prvDeleteTCB
                0x00000000080047b0       0x12 ../../applications/gps-firefly-example/build/tasks.o
 .text.prvInitialiseNewTask
                0x00000000080047c2       0x80 ../../applications/gps-firefly-example/build/tasks.o
 *fill*         0x0000000008004842        0x2 
 .text.prvInitialiseTaskLists
                0x0000000008004844       0x68 ../../applications/gps-firefly-example/build/tasks.o
 .text.prvAddNewTaskToReadyList
                0x00000000080048ac       0xa8 ../../applications/gps-firefly-example/build/tasks.o
 .text.prvCheckTasksWaitingTermination
                0x0000000008004954       0x4c ../../applications/gps-firefly-example/build/tasks.o
 .text.prvIdleTask
                0x00000000080049a0       0x28 ../../applications/gps-firefly-example/build/tasks.o
 .text.prvAddCurrentTaskToDelayedList
                0x00000000080049c8       0x98 ../../applications/gps-firefly-example/build/tasks.o
 .text.xTaskCreate
                0x0000000008004a60       0x62 ../../applications/gps-firefly-example/build/tasks.o
                0x0000000008004a60                xTaskCreate
 *fill*         0x0000000008004ac2        0x2 
 .text.vTaskStartScheduler
                0x0000000008004ac4       0x84 ../../applications/gps-firefly-example/build/tasks.o
                0x0000000008004ac4                vTaskStartScheduler
 .text.vTaskSuspendAll
                0x0000000008004b48       0x10 ../../applications/gps-firefly-example/build/tasks.o
                0x0000000008004b48                vTaskSuspendAll
 .text.xTaskGetTickCount
                0x0000000008004b58        0xc ../../applications/gps-firefly-example/build/tasks.o
                0x0000000008004b58                xTaskGetTickCount
 .text.xTaskIncrementTick
                0x0000000008004b64      0x118 ../../applications/gps-firefly-example/build/tasks.o
                0x0000000008004b64                xTaskIncrementTick
 .text.xTaskResumeAll
                0x0000000008004c7c       0xf4 ../../applications/gps-firefly-example/build/tasks.o
                0x0000000008004c7c                xTaskResumeAll
 .text.vTaskSwitchContext
                0x0000000008004d70       0x98 ../../applications/gps-firefly-example/build/tasks.o
                0x0000000008004d70                vTaskSwitchContext
 .text.vTaskPlaceOnEventList
                0x0000000008004e08       0x30 ../../applications/gps-firefly-example/build/tasks.o
                0x0000000008004e08                vTaskPlaceOnEventList
 .text.vTaskPlaceOnEventListRestricted
                0x0000000008004e38       0x38 ../../applications/gps-firefly-example/build/tasks.o
                0x0000000008004e38                vTaskPlaceOnEventListRestricted
 .text.xTaskRemoveFromEventList
                0x0000000008004e70       0x8c ../../applications/gps-firefly-example/build/tasks.o
                0x0000000008004e70                xTaskRemoveFromEventList
 .text.vTaskInternalSetTimeOutState
                0x0000000008004efc       0x18 ../../applications/gps-firefly-example/build/tasks.o
                0x0000000008004efc                vTaskInternalSetTimeOutState
 .text.xTaskCheckForTimeOut
                0x0000000008004f14       0x80 ../../applications/gps-firefly-example/build/tasks.o
                0x0000000008004f14                xTaskCheckForTimeOut
 .text.vTaskMissedYield
                0x0000000008004f94        0xc ../../applications/gps-firefly-example/build/tasks.o
                0x0000000008004f94                vTaskMissedYield
 .text.xTaskGetSchedulerState
                0x0000000008004fa0       0x20 ../../applications/gps-firefly-example/build/tasks.o
                0x0000000008004fa0                xTaskGetSchedulerState
 .text.xTaskPriorityDisinherit
                0x0000000008004fc0       0xb0 ../../applications/gps-firefly-example/build/tasks.o
                0x0000000008004fc0                xTaskPriorityDisinherit
 .text.prvGetNextExpireTime
                0x0000000008005070       0x20 ../../applications/gps-firefly-example/build/timers.o
 .text.prvInsertTimerInActiveList
                0x0000000008005090       0x48 ../../applications/gps-firefly-example/build/timers.o
 .text.prvCheckForValidListAndQueue
                0x00000000080050d8       0x5c ../../applications/gps-firefly-example/build/timers.o
 .text.prvInitialiseNewTimer
                0x0000000008005134       0x40 ../../applications/gps-firefly-example/build/timers.o
 .text.xTimerCreateTimerTask
                0x0000000008005174       0x50 ../../applications/gps-firefly-example/build/timers.o
                0x0000000008005174                xTimerCreateTimerTask
 .text.xTimerCreate
                0x00000000080051c4       0x32 ../../applications/gps-firefly-example/build/timers.o
                0x00000000080051c4                xTimerCreate
 *fill*         0x00000000080051f6        0x2 
 .text.xTimerGenericCommand
                0x00000000080051f8       0x6c ../../applications/gps-firefly-example/build/timers.o
                0x00000000080051f8                xTimerGenericCommand
 .text.prvSwitchTimerLists
                0x0000000008005264       0x78 ../../applications/gps-firefly-example/build/timers.o
 .text.prvSampleTimeNow
                0x00000000080052dc       0x2c ../../applications/gps-firefly-example/build/timers.o
 .text.prvProcessExpiredTimer
                0x0000000008005308       0x60 ../../applications/gps-firefly-example/build/timers.o
 .text.prvProcessTimerOrBlockTask
                0x0000000008005368       0x74 ../../applications/gps-firefly-example/build/timers.o
 .text.prvProcessReceivedCommands
                0x00000000080053dc       0xe0 ../../applications/gps-firefly-example/build/timers.o
 .text.prvTimerTask
                0x00000000080054bc       0x16 ../../applications/gps-firefly-example/build/timers.o
 .text.inHandlerMode
                0x00000000080054d2        0xc ../../applications/gps-firefly-example/build/cmsis_os.o
 .text.osKernelStart
                0x00000000080054de        0xa ../../applications/gps-firefly-example/build/cmsis_os.o
                0x00000000080054de                osKernelStart
 .text.osTimerCreate
                0x00000000080054e8       0x28 ../../applications/gps-firefly-example/build/cmsis_os.o
                0x00000000080054e8                osTimerCreate
 .text.osTimerStart
                0x0000000008005510       0x6c ../../applications/gps-firefly-example/build/cmsis_os.o
                0x0000000008005510                osTimerStart
 .text.prvHeapInit
                0x000000000800557c       0x64 ../../applications/gps-firefly-example/build/heap_4.o
 .text.prvInsertBlockIntoFreeList
                0x00000000080055e0       0x58 ../../applications/gps-firefly-example/build/heap_4.o
 .text.pvPortMalloc
                0x0000000008005638      0x108 ../../applications/gps-firefly-example/build/heap_4.o
                0x0000000008005638                pvPortMalloc
 .text.vPortFree
                0x0000000008005740       0x70 ../../applications/gps-firefly-example/build/heap_4.o
                0x0000000008005740                vPortFree
 .text.prvTaskExitError
                0x00000000080057b0       0x40 ../../applications/gps-firefly-example/build/port.o
 .text.prvPortStartFirstTask
                0x00000000080057f0       0x28 ../../applications/gps-firefly-example/build/port.o
 .text.vPortEnableVFP
                0x0000000008005818       0x14 ../../applications/gps-firefly-example/build/port.o
 .text.pxPortInitialiseStack
                0x000000000800582c       0x2c ../../applications/gps-firefly-example/build/port.o
                0x000000000800582c                pxPortInitialiseStack
 *fill*         0x0000000008005858        0x8 
 .text.SVC_Handler
                0x0000000008005860       0x24 ../../applications/gps-firefly-example/build/port.o
                0x0000000008005860                SVC_Handler
 .text.vPortEnterCritical
                0x0000000008005884       0x44 ../../applications/gps-firefly-example/build/port.o
                0x0000000008005884                vPortEnterCritical
 .text.vPortExitCritical
                0x00000000080058c8       0x2c ../../applications/gps-firefly-example/build/port.o
                0x00000000080058c8                vPortExitCritical
 *fill*         0x00000000080058f4        0xc 
 .text.PendSV_Handler
                0x0000000008005900       0x64 ../../applications/gps-firefly-example/build/port.o
                0x0000000008005900                PendSV_Handler
 .text.SysTick_Handler
                0x0000000008005964       0x2c ../../applications/gps-firefly-example/build/port.o
                0x0000000008005964                SysTick_Handler
 .text.vPortSetupTimerInterrupt
                0x0000000008005990       0x38 ../../applications/gps-firefly-example/build/port.o
                0x0000000008005990                vPortSetupTimerInterrupt
 .text.xPortStartScheduler
                0x00000000080059c8      0x110 ../../applications/gps-firefly-example/build/port.o
                0x00000000080059c8                xPortStartScheduler
 .text.vPortValidateInterruptPriority
                0x0000000008005ad8       0x5c ../../applications/gps-firefly-example/build/port.o
                0x0000000008005ad8                vPortValidateInterruptPriority
 .text.SystemInit
                0x0000000008005b34       0x48 ../../applications/gps-firefly-example/build/system_stm32l4xx.o
                0x0000000008005b34                SystemInit
 .text.OCTA_Initialize_Common_Peripherals
                0x0000000008005b7c       0x18 ../../applications/gps-firefly-example/build/octa.o
                0x0000000008005b7c                OCTA_Initialize_Common_Peripherals
 .text.OCTA_Initialize_P1_Peripherals
                0x0000000008005b94       0x54 ../../applications/gps-firefly-example/build/octa.o
                0x0000000008005b94                OCTA_Initialize_P1_Peripherals
 .text.OCTA_Initialize_P2_Peripherals
                0x0000000008005be8       0x54 ../../applications/gps-firefly-example/build/octa.o
                0x0000000008005be8                OCTA_Initialize_P2_Peripherals
 .text.OCTA_Initialize_P3_Peripherals
                0x0000000008005c3c       0x54 ../../applications/gps-firefly-example/build/octa.o
                0x0000000008005c3c                OCTA_Initialize_P3_Peripherals
 .text.OCTA_Initialize_Platform
                0x0000000008005c90       0x14 ../../applications/gps-firefly-example/build/octa.o
                0x0000000008005c90                OCTA_Initialize_Platform
 .text.platform_initialize_I2C
                0x0000000008005ca4       0x36 ../../applications/gps-firefly-example/build/octa.o
                0x0000000008005ca4                platform_initialize_I2C
 *fill*         0x0000000008005cda        0x2 
 .text.platform_getHeader
                0x0000000008005cdc       0x9c ../../applications/gps-firefly-example/build/octa.o
                0x0000000008005cdc                platform_getHeader
 .text.USB_UART_Init
                0x0000000008005d78       0x34 ../../applications/gps-firefly-example/build/uart.o
                0x0000000008005d78                USB_UART_Init
 .text.__io_putchar
                0x0000000008005dac       0x24 ../../applications/gps-firefly-example/build/uart.o
                0x0000000008005dac                __io_putchar
 .text._write   0x0000000008005dd0       0x1c ../../applications/gps-firefly-example/build/uart.o
                0x0000000008005dd0                _write
 .text.OCTA_IWDG_Init
                0x0000000008005dec       0x2c ../../applications/gps-firefly-example/build/iwdg.o
                0x0000000008005dec                OCTA_IWDG_Init
 .text.IWDG_feed
                0x0000000008005e18       0x10 ../../applications/gps-firefly-example/build/iwdg.o
                0x0000000008005e18                IWDG_feed
 .text.OCTA_GPIO_Init
                0x0000000008005e28      0x2c0 ../../applications/gps-firefly-example/build/gpio.o
                0x0000000008005e28                OCTA_GPIO_Init
 .text.SystemClock_Config
                0x00000000080060e8       0xb8 ../../applications/gps-firefly-example/build/sysclock.o
                0x00000000080060e8                SystemClock_Config
 .text.HAL_MspInit
                0x00000000080061a0       0x40 ../../applications/gps-firefly-example/build/stm32l4xx_hal_msp.o
                0x00000000080061a0                HAL_MspInit
 .text.HAL_I2C_MspInit
                0x00000000080061e0      0x18c ../../applications/gps-firefly-example/build/stm32l4xx_hal_msp.o
                0x00000000080061e0                HAL_I2C_MspInit
 .text.HAL_UART_MspInit
                0x000000000800636c      0x188 ../../applications/gps-firefly-example/build/stm32l4xx_hal_msp.o
                0x000000000800636c                HAL_UART_MspInit
 .text.HAL_InitTick
                0x00000000080064f4       0x78 ../../applications/gps-firefly-example/build/stm32l4xx_hal_timebase_tim.o
                0x00000000080064f4                HAL_InitTick
 .text.NMI_Handler
                0x000000000800656c        0x2 ../../applications/gps-firefly-example/build/stm32l4xx_it.o
                0x000000000800656c                NMI_Handler
 .text.HardFault_Handler
                0x000000000800656e        0x2 ../../applications/gps-firefly-example/build/stm32l4xx_it.o
                0x000000000800656e                HardFault_Handler
 .text.MemManage_Handler
                0x0000000008006570        0x2 ../../applications/gps-firefly-example/build/stm32l4xx_it.o
                0x0000000008006570                MemManage_Handler
 .text.BusFault_Handler
                0x0000000008006572        0x2 ../../applications/gps-firefly-example/build/stm32l4xx_it.o
                0x0000000008006572                BusFault_Handler
 .text.UsageFault_Handler
                0x0000000008006574        0x2 ../../applications/gps-firefly-example/build/stm32l4xx_it.o
                0x0000000008006574                UsageFault_Handler
 .text.DebugMon_Handler
                0x0000000008006576        0x2 ../../applications/gps-firefly-example/build/stm32l4xx_it.o
                0x0000000008006576                DebugMon_Handler
 .text.TIM1_UP_TIM16_IRQHandler
                0x0000000008006578       0x10 ../../applications/gps-firefly-example/build/stm32l4xx_it.o
                0x0000000008006578                TIM1_UP_TIM16_IRQHandler
 .text.USART2_IRQHandler
                0x0000000008006588       0x10 ../../applications/gps-firefly-example/build/stm32l4xx_it.o
                0x0000000008006588                USART2_IRQHandler
 .text.USART3_IRQHandler
                0x0000000008006598       0x10 ../../applications/gps-firefly-example/build/stm32l4xx_it.o
                0x0000000008006598                USART3_IRQHandler
 .text.UART5_IRQHandler
                0x00000000080065a8       0x10 ../../applications/gps-firefly-example/build/stm32l4xx_it.o
                0x00000000080065a8                UART5_IRQHandler
 .text.SPI1_IRQHandler
                0x00000000080065b8       0x10 ../../applications/gps-firefly-example/build/stm32l4xx_it.o
                0x00000000080065b8                SPI1_IRQHandler
 .text.SPI2_IRQHandler
                0x00000000080065c8       0x10 ../../applications/gps-firefly-example/build/stm32l4xx_it.o
                0x00000000080065c8                SPI2_IRQHandler
 .text.SPI3_IRQHandler
                0x00000000080065d8       0x10 ../../applications/gps-firefly-example/build/stm32l4xx_it.o
                0x00000000080065d8                SPI3_IRQHandler
 .text.common_I2C_Init
                0x00000000080065e8       0x58 ../../applications/gps-firefly-example/build/i2c.o
                0x00000000080065e8                common_I2C_Init
 .text.P1_I2C_Init
                0x0000000008006640       0x58 ../../applications/gps-firefly-example/build/i2c.o
                0x0000000008006640                P1_I2C_Init
 .text.P2_I2C_Init
                0x0000000008006698       0x58 ../../applications/gps-firefly-example/build/i2c.o
                0x0000000008006698                P2_I2C_Init
 .text.P3_I2C_Init
                0x00000000080066f0       0x58 ../../applications/gps-firefly-example/build/i2c.o
                0x00000000080066f0                P3_I2C_Init
 .text.Reset_Handler
                0x0000000008006748       0x50 ../../applications/gps-firefly-example/build/startup_stm32l496xx.o
                0x0000000008006748                Reset_Handler
 .text.Default_Handler
                0x0000000008006798        0x2 ../../applications/gps-firefly-example/build/startup_stm32l496xx.o
                0x0000000008006798                RTC_Alarm_IRQHandler
                0x0000000008006798                EXTI2_IRQHandler
                0x0000000008006798                TIM8_TRG_COM_IRQHandler
                0x0000000008006798                TIM8_CC_IRQHandler
                0x0000000008006798                TIM1_CC_IRQHandler
                0x0000000008006798                TSC_IRQHandler
                0x0000000008006798                TAMP_STAMP_IRQHandler
                0x0000000008006798                CAN2_RX1_IRQHandler
                0x0000000008006798                EXTI3_IRQHandler
                0x0000000008006798                LPTIM2_IRQHandler
                0x0000000008006798                DFSDM1_FLT1_IRQHandler
                0x0000000008006798                I2C3_ER_IRQHandler
                0x0000000008006798                DFSDM1_FLT2_IRQHandler
                0x0000000008006798                EXTI0_IRQHandler
                0x0000000008006798                I2C2_EV_IRQHandler
                0x0000000008006798                CAN1_RX0_IRQHandler
                0x0000000008006798                FPU_IRQHandler
                0x0000000008006798                CAN2_SCE_IRQHandler
                0x0000000008006798                ADC1_2_IRQHandler
                0x0000000008006798                TIM6_DAC_IRQHandler
                0x0000000008006798                DCMI_IRQHandler
                0x0000000008006798                CAN2_RX0_IRQHandler
                0x0000000008006798                TIM8_UP_IRQHandler
                0x0000000008006798                DMA2_Channel2_IRQHandler
                0x0000000008006798                DMA1_Channel4_IRQHandler
                0x0000000008006798                SAI2_IRQHandler
                0x0000000008006798                DFSDM1_FLT3_IRQHandler
                0x0000000008006798                DMA1_Channel7_IRQHandler
                0x0000000008006798                CAN1_RX1_IRQHandler
                0x0000000008006798                LCD_IRQHandler
                0x0000000008006798                ADC3_IRQHandler
                0x0000000008006798                TIM4_IRQHandler
                0x0000000008006798                DMA2_Channel1_IRQHandler
                0x0000000008006798                QUADSPI_IRQHandler
                0x0000000008006798                I2C1_EV_IRQHandler
                0x0000000008006798                DMA1_Channel6_IRQHandler
                0x0000000008006798                UART4_IRQHandler
                0x0000000008006798                DMA2_Channel4_IRQHandler
                0x0000000008006798                TIM3_IRQHandler
                0x0000000008006798                RCC_IRQHandler
                0x0000000008006798                DMA1_Channel1_IRQHandler
                0x0000000008006798                Default_Handler
                0x0000000008006798                DMA2_Channel7_IRQHandler
                0x0000000008006798                EXTI15_10_IRQHandler
                0x0000000008006798                TIM7_IRQHandler
                0x0000000008006798                SDMMC1_IRQHandler
                0x0000000008006798                CAN2_TX_IRQHandler
                0x0000000008006798                TIM5_IRQHandler
                0x0000000008006798                I2C3_EV_IRQHandler
                0x0000000008006798                EXTI9_5_IRQHandler
                0x0000000008006798                RTC_WKUP_IRQHandler
                0x0000000008006798                PVD_PVM_IRQHandler
                0x0000000008006798                CAN1_TX_IRQHandler
                0x0000000008006798                DMA2_Channel5_IRQHandler
                0x0000000008006798                CRS_IRQHandler
                0x0000000008006798                DMA1_Channel5_IRQHandler
                0x0000000008006798                EXTI4_IRQHandler
                0x0000000008006798                RNG_IRQHandler
                0x0000000008006798                TIM1_TRG_COM_TIM17_IRQHandler
                0x0000000008006798                DMA1_Channel3_IRQHandler
                0x0000000008006798                COMP_IRQHandler
                0x0000000008006798                WWDG_IRQHandler
                0x0000000008006798                I2C4_EV_IRQHandler
                0x0000000008006798                LPUART1_IRQHandler
                0x0000000008006798                DMA2_Channel6_IRQHandler
                0x0000000008006798                TIM2_IRQHandler
                0x0000000008006798                EXTI1_IRQHandler
                0x0000000008006798                DFSDM1_FLT0_IRQHandler
                0x0000000008006798                I2C2_ER_IRQHandler
                0x0000000008006798                DMA1_Channel2_IRQHandler
                0x0000000008006798                TIM8_BRK_IRQHandler
                0x0000000008006798                CAN1_SCE_IRQHandler
                0x0000000008006798                FLASH_IRQHandler
                0x0000000008006798                USART1_IRQHandler
                0x0000000008006798                OTG_FS_IRQHandler
                0x0000000008006798                I2C1_ER_IRQHandler
                0x0000000008006798                FMC_IRQHandler
                0x0000000008006798                SWPMI1_IRQHandler
                0x0000000008006798                LPTIM1_IRQHandler
                0x0000000008006798                I2C4_ER_IRQHandler
                0x0000000008006798                SAI1_IRQHandler
                0x0000000008006798                DMA2_Channel3_IRQHandler
                0x0000000008006798                TIM1_BRK_TIM15_IRQHandler
 *fill*         0x000000000800679a        0x2 
 .text.__libc_init_array
                0x000000000800679c       0x48 /home/mats/gcc-arm-none-eabi-7-2018-q2-update/bin/../lib/gcc/arm-none-eabi/7.3.1/../../../../arm-none-eabi/lib/thumb/v7e-m/fpv4-sp/hard/libc_nano.a(lib_a-init.o)
                0x000000000800679c                __libc_init_array
 .text.memcpy   0x00000000080067e4       0x16 /home/mats/gcc-arm-none-eabi-7-2018-q2-update/bin/../lib/gcc/arm-none-eabi/7.3.1/../../../../arm-none-eabi/lib/thumb/v7e-m/fpv4-sp/hard/libc_nano.a(lib_a-memcpy-stub.o)
                0x00000000080067e4                memcpy
 .text.memset   0x00000000080067fa       0x10 /home/mats/gcc-arm-none-eabi-7-2018-q2-update/bin/../lib/gcc/arm-none-eabi/7.3.1/../../../../arm-none-eabi/lib/thumb/v7e-m/fpv4-sp/hard/libc_nano.a(lib_a-memset.o)
                0x00000000080067fa                memset
 .text.__cvt    0x000000000800680a       0xc2 /home/mats/gcc-arm-none-eabi-7-2018-q2-update/bin/../lib/gcc/arm-none-eabi/7.3.1/../../../../arm-none-eabi/lib/thumb/v7e-m/fpv4-sp/hard/libc_nano.a(lib_a-nano-vfprintf_float.o)
                0x000000000800680a                __cvt
 .text.__exponent
                0x00000000080068cc       0x66 /home/mats/gcc-arm-none-eabi-7-2018-q2-update/bin/../lib/gcc/arm-none-eabi/7.3.1/../../../../arm-none-eabi/lib/thumb/v7e-m/fpv4-sp/hard/libc_nano.a(lib_a-nano-vfprintf_float.o)
                0x00000000080068cc                __exponent
 *fill*         0x0000000008006932        0x2 
 .text._printf_float
                0x0000000008006934      0x480 /home/mats/gcc-arm-none-eabi-7-2018-q2-update/bin/../lib/gcc/arm-none-eabi/7.3.1/../../../../arm-none-eabi/lib/thumb/v7e-m/fpv4-sp/hard/libc_nano.a(lib_a-nano-vfprintf_float.o)
                0x0000000008006934                _printf_float
 .text._printf_common
                0x0000000008006db4       0xea /home/mats/gcc-arm-none-eabi-7-2018-q2-update/bin/../lib/gcc/arm-none-eabi/7.3.1/../../../../arm-none-eabi/lib/thumb/v7e-m/fpv4-sp/hard/libc_nano.a(lib_a-nano-vfprintf_i.o)
                0x0000000008006db4                _printf_common
 *fill*         0x0000000008006e9e        0x2 
 .text._printf_i
                0x0000000008006ea0      0x224 /home/mats/gcc-arm-none-eabi-7-2018-q2-update/bin/../lib/gcc/arm-none-eabi/7.3.1/../../../../arm-none-eabi/lib/thumb/v7e-m/fpv4-sp/hard/libc_nano.a(lib_a-nano-vfprintf_i.o)
                0x0000000008006ea0                _printf_i
 .text.printf   0x00000000080070c4       0x30 /home/mats/gcc-arm-none-eabi-7-2018-q2-update/bin/../lib/gcc/arm-none-eabi/7.3.1/../../../../arm-none-eabi/lib/thumb/v7e-m/fpv4-sp/hard/libc_nano.a(lib_a-printf.o)
                0x00000000080070c4                printf
                0x00000000080070c4                iprintf
 .text._puts_r  0x00000000080070f4       0xb8 /home/mats/gcc-arm-none-eabi-7-2018-q2-update/bin/../lib/gcc/arm-none-eabi/7.3.1/../../../../arm-none-eabi/lib/thumb/v7e-m/fpv4-sp/hard/libc_nano.a(lib_a-puts.o)
                0x00000000080070f4                _puts_r
 .text.puts     0x00000000080071ac       0x10 /home/mats/gcc-arm-none-eabi-7-2018-q2-update/bin/../lib/gcc/arm-none-eabi/7.3.1/../../../../arm-none-eabi/lib/thumb/v7e-m/fpv4-sp/hard/libc_nano.a(lib_a-puts.o)
                0x00000000080071ac                puts
 .text.__swbuf_r
                0x00000000080071bc       0xa4 /home/mats/gcc-arm-none-eabi-7-2018-q2-update/bin/../lib/gcc/arm-none-eabi/7.3.1/../../../../arm-none-eabi/lib/thumb/v7e-m/fpv4-sp/hard/libc_nano.a(lib_a-wbuf.o)
                0x00000000080071bc                __swbuf_r
 .text.__swsetup_r
                0x0000000008007260       0xdc /home/mats/gcc-arm-none-eabi-7-2018-q2-update/bin/../lib/gcc/arm-none-eabi/7.3.1/../../../../arm-none-eabi/lib/thumb/v7e-m/fpv4-sp/hard/libc_nano.a(lib_a-wsetup.o)
                0x0000000008007260                __swsetup_r
 .text.quorem   0x000000000800733c      0x118 /home/mats/gcc-arm-none-eabi-7-2018-q2-update/bin/../lib/gcc/arm-none-eabi/7.3.1/../../../../arm-none-eabi/lib/thumb/v7e-m/fpv4-sp/hard/libc_nano.a(lib_a-dtoa.o)
 *fill*         0x0000000008007454        0x4 
 .text._dtoa_r  0x0000000008007458      0xb70 /home/mats/gcc-arm-none-eabi-7-2018-q2-update/bin/../lib/gcc/arm-none-eabi/7.3.1/../../../../arm-none-eabi/lib/thumb/v7e-m/fpv4-sp/hard/libc_nano.a(lib_a-dtoa.o)
                0x0000000008007458                _dtoa_r
 .text.__sflush_r
                0x0000000008007fc8      0x10c /home/mats/gcc-arm-none-eabi-7-2018-q2-update/bin/../lib/gcc/arm-none-eabi/7.3.1/../../../../arm-none-eabi/lib/thumb/v7e-m/fpv4-sp/hard/libc_nano.a(lib_a-fflush.o)
                0x0000000008007fc8                __sflush_r
 .text._fflush_r
                0x00000000080080d4       0x54 /home/mats/gcc-arm-none-eabi-7-2018-q2-update/bin/../lib/gcc/arm-none-eabi/7.3.1/../../../../arm-none-eabi/lib/thumb/v7e-m/fpv4-sp/hard/libc_nano.a(lib_a-fflush.o)
                0x00000000080080d4                _fflush_r
 .text.std      0x0000000008008128       0x48 /home/mats/gcc-arm-none-eabi-7-2018-q2-update/bin/../lib/gcc/arm-none-eabi/7.3.1/../../../../arm-none-eabi/lib/thumb/v7e-m/fpv4-sp/hard/libc_nano.a(lib_a-findfp.o)
 .text._cleanup_r
                0x0000000008008170        0xc /home/mats/gcc-arm-none-eabi-7-2018-q2-update/bin/../lib/gcc/arm-none-eabi/7.3.1/../../../../arm-none-eabi/lib/thumb/v7e-m/fpv4-sp/hard/libc_nano.a(lib_a-findfp.o)
                0x0000000008008170                _cleanup_r
 .text.__sfmoreglue
                0x000000000800817c       0x2c /home/mats/gcc-arm-none-eabi-7-2018-q2-update/bin/../lib/gcc/arm-none-eabi/7.3.1/../../../../arm-none-eabi/lib/thumb/v7e-m/fpv4-sp/hard/libc_nano.a(lib_a-findfp.o)
                0x000000000800817c                __sfmoreglue
 .text.__sinit  0x00000000080081a8       0x60 /home/mats/gcc-arm-none-eabi-7-2018-q2-update/bin/../lib/gcc/arm-none-eabi/7.3.1/../../../../arm-none-eabi/lib/thumb/v7e-m/fpv4-sp/hard/libc_nano.a(lib_a-findfp.o)
                0x00000000080081a8                __sinit
 .text.__sfp    0x0000000008008208       0x78 /home/mats/gcc-arm-none-eabi-7-2018-q2-update/bin/../lib/gcc/arm-none-eabi/7.3.1/../../../../arm-none-eabi/lib/thumb/v7e-m/fpv4-sp/hard/libc_nano.a(lib_a-findfp.o)
                0x0000000008008208                __sfp
 .text._fwalk_reent
                0x0000000008008280       0x3c /home/mats/gcc-arm-none-eabi-7-2018-q2-update/bin/../lib/gcc/arm-none-eabi/7.3.1/../../../../arm-none-eabi/lib/thumb/v7e-m/fpv4-sp/hard/libc_nano.a(lib_a-fwalk.o)
                0x0000000008008280                _fwalk_reent
 .text._localeconv_r
                0x00000000080082bc       0x1c /home/mats/gcc-arm-none-eabi-7-2018-q2-update/bin/../lib/gcc/arm-none-eabi/7.3.1/../../../../arm-none-eabi/lib/thumb/v7e-m/fpv4-sp/hard/libc_nano.a(lib_a-localeconv.o)
                0x00000000080082bc                _localeconv_r
 .text.__swhatbuf_r
                0x00000000080082d8       0x48 /home/mats/gcc-arm-none-eabi-7-2018-q2-update/bin/../lib/gcc/arm-none-eabi/7.3.1/../../../../arm-none-eabi/lib/thumb/v7e-m/fpv4-sp/hard/libc_nano.a(lib_a-makebuf.o)
                0x00000000080082d8                __swhatbuf_r
 .text.__smakebuf_r
                0x0000000008008320       0x80 /home/mats/gcc-arm-none-eabi-7-2018-q2-update/bin/../lib/gcc/arm-none-eabi/7.3.1/../../../../arm-none-eabi/lib/thumb/v7e-m/fpv4-sp/hard/libc_nano.a(lib_a-makebuf.o)
                0x0000000008008320                __smakebuf_r
 .text.malloc   0x00000000080083a0       0x10 /home/mats/gcc-arm-none-eabi-7-2018-q2-update/bin/../lib/gcc/arm-none-eabi/7.3.1/../../../../arm-none-eabi/lib/thumb/v7e-m/fpv4-sp/hard/libc_nano.a(lib_a-malloc.o)
                0x00000000080083a0                malloc
 .text._Balloc  0x00000000080083b0       0x68 /home/mats/gcc-arm-none-eabi-7-2018-q2-update/bin/../lib/gcc/arm-none-eabi/7.3.1/../../../../arm-none-eabi/lib/thumb/v7e-m/fpv4-sp/hard/libc_nano.a(lib_a-mprec.o)
                0x00000000080083b0                _Balloc
 .text._Bfree   0x0000000008008418       0x2e /home/mats/gcc-arm-none-eabi-7-2018-q2-update/bin/../lib/gcc/arm-none-eabi/7.3.1/../../../../arm-none-eabi/lib/thumb/v7e-m/fpv4-sp/hard/libc_nano.a(lib_a-mprec.o)
                0x0000000008008418                _Bfree
 .text.__multadd
                0x0000000008008446       0x76 /home/mats/gcc-arm-none-eabi-7-2018-q2-update/bin/../lib/gcc/arm-none-eabi/7.3.1/../../../../arm-none-eabi/lib/thumb/v7e-m/fpv4-sp/hard/libc_nano.a(lib_a-mprec.o)
                0x0000000008008446                __multadd
 .text.__hi0bits
                0x00000000080084bc       0x3e /home/mats/gcc-arm-none-eabi-7-2018-q2-update/bin/../lib/gcc/arm-none-eabi/7.3.1/../../../../arm-none-eabi/lib/thumb/v7e-m/fpv4-sp/hard/libc_nano.a(lib_a-mprec.o)
                0x00000000080084bc                __hi0bits
 .text.__lo0bits
                0x00000000080084fa       0x5e /home/mats/gcc-arm-none-eabi-7-2018-q2-update/bin/../lib/gcc/arm-none-eabi/7.3.1/../../../../arm-none-eabi/lib/thumb/v7e-m/fpv4-sp/hard/libc_nano.a(lib_a-mprec.o)
                0x00000000080084fa                __lo0bits
 .text.__i2b    0x0000000008008558       0x12 /home/mats/gcc-arm-none-eabi-7-2018-q2-update/bin/../lib/gcc/arm-none-eabi/7.3.1/../../../../arm-none-eabi/lib/thumb/v7e-m/fpv4-sp/hard/libc_nano.a(lib_a-mprec.o)
                0x0000000008008558                __i2b
 .text.__multiply
                0x000000000800856a      0x12c /home/mats/gcc-arm-none-eabi-7-2018-q2-update/bin/../lib/gcc/arm-none-eabi/7.3.1/../../../../arm-none-eabi/lib/thumb/v7e-m/fpv4-sp/hard/libc_nano.a(lib_a-mprec.o)
                0x000000000800856a                __multiply
 *fill*         0x0000000008008696        0x2 
 .text.__pow5mult
                0x0000000008008698       0x9c /home/mats/gcc-arm-none-eabi-7-2018-q2-update/bin/../lib/gcc/arm-none-eabi/7.3.1/../../../../arm-none-eabi/lib/thumb/v7e-m/fpv4-sp/hard/libc_nano.a(lib_a-mprec.o)
                0x0000000008008698                __pow5mult
 .text.__lshift
                0x0000000008008734       0xa8 /home/mats/gcc-arm-none-eabi-7-2018-q2-update/bin/../lib/gcc/arm-none-eabi/7.3.1/../../../../arm-none-eabi/lib/thumb/v7e-m/fpv4-sp/hard/libc_nano.a(lib_a-mprec.o)
                0x0000000008008734                __lshift
 .text.__mcmp   0x00000000080087dc       0x34 /home/mats/gcc-arm-none-eabi-7-2018-q2-update/bin/../lib/gcc/arm-none-eabi/7.3.1/../../../../arm-none-eabi/lib/thumb/v7e-m/fpv4-sp/hard/libc_nano.a(lib_a-mprec.o)
                0x00000000080087dc                __mcmp
 .text.__mdiff  0x0000000008008810       0xba /home/mats/gcc-arm-none-eabi-7-2018-q2-update/bin/../lib/gcc/arm-none-eabi/7.3.1/../../../../arm-none-eabi/lib/thumb/v7e-m/fpv4-sp/hard/libc_nano.a(lib_a-mprec.o)
                0x0000000008008810                __mdiff
 .text.__d2b    0x00000000080088ca       0x9e /home/mats/gcc-arm-none-eabi-7-2018-q2-update/bin/../lib/gcc/arm-none-eabi/7.3.1/../../../../arm-none-eabi/lib/thumb/v7e-m/fpv4-sp/hard/libc_nano.a(lib_a-mprec.o)
                0x00000000080088ca                __d2b
 .text._calloc_r
                0x0000000008008968       0x1c /home/mats/gcc-arm-none-eabi-7-2018-q2-update/bin/../lib/gcc/arm-none-eabi/7.3.1/../../../../arm-none-eabi/lib/thumb/v7e-m/fpv4-sp/hard/libc_nano.a(lib_a-nano-callocr.o)
                0x0000000008008968                _calloc_r
 .text._free_r  0x0000000008008984       0x9c /home/mats/gcc-arm-none-eabi-7-2018-q2-update/bin/../lib/gcc/arm-none-eabi/7.3.1/../../../../arm-none-eabi/lib/thumb/v7e-m/fpv4-sp/hard/libc_nano.a(lib_a-nano-freer.o)
                0x0000000008008984                _free_r
 .text._malloc_r
                0x0000000008008a20       0xb4 /home/mats/gcc-arm-none-eabi-7-2018-q2-update/bin/../lib/gcc/arm-none-eabi/7.3.1/../../../../arm-none-eabi/lib/thumb/v7e-m/fpv4-sp/hard/libc_nano.a(lib_a-nano-mallocr.o)
                0x0000000008008a20                _malloc_r
 .text.__sfputc_r
                0x0000000008008ad4       0x2e /home/mats/gcc-arm-none-eabi-7-2018-q2-update/bin/../lib/gcc/arm-none-eabi/7.3.1/../../../../arm-none-eabi/lib/thumb/v7e-m/fpv4-sp/hard/libc_nano.a(lib_a-nano-vfprintf.o)
 .text.__sfputs_r
                0x0000000008008b02       0x24 /home/mats/gcc-arm-none-eabi-7-2018-q2-update/bin/../lib/gcc/arm-none-eabi/7.3.1/../../../../arm-none-eabi/lib/thumb/v7e-m/fpv4-sp/hard/libc_nano.a(lib_a-nano-vfprintf.o)
                0x0000000008008b02                __sfputs_r
 *fill*         0x0000000008008b26        0x2 
 .text._vfprintf_r
                0x0000000008008b28      0x22c /home/mats/gcc-arm-none-eabi-7-2018-q2-update/bin/../lib/gcc/arm-none-eabi/7.3.1/../../../../arm-none-eabi/lib/thumb/v7e-m/fpv4-sp/hard/libc_nano.a(lib_a-nano-vfprintf.o)
                0x0000000008008b28                _vfiprintf_r
                0x0000000008008b28                _vfprintf_r
 .text._sbrk_r  0x0000000008008d54       0x20 /home/mats/gcc-arm-none-eabi-7-2018-q2-update/bin/../lib/gcc/arm-none-eabi/7.3.1/../../../../arm-none-eabi/lib/thumb/v7e-m/fpv4-sp/hard/libc_nano.a(lib_a-sbrkr.o)
                0x0000000008008d54                _sbrk_r
 .text.__sread  0x0000000008008d74       0x22 /home/mats/gcc-arm-none-eabi-7-2018-q2-update/bin/../lib/gcc/arm-none-eabi/7.3.1/../../../../arm-none-eabi/lib/thumb/v7e-m/fpv4-sp/hard/libc_nano.a(lib_a-stdio.o)
                0x0000000008008d74                __sread
 .text.__swrite
                0x0000000008008d96       0x38 /home/mats/gcc-arm-none-eabi-7-2018-q2-update/bin/../lib/gcc/arm-none-eabi/7.3.1/../../../../arm-none-eabi/lib/thumb/v7e-m/fpv4-sp/hard/libc_nano.a(lib_a-stdio.o)
                0x0000000008008d96                __swrite
 .text.__sseek  0x0000000008008dce       0x24 /home/mats/gcc-arm-none-eabi-7-2018-q2-update/bin/../lib/gcc/arm-none-eabi/7.3.1/../../../../arm-none-eabi/lib/thumb/v7e-m/fpv4-sp/hard/libc_nano.a(lib_a-stdio.o)
                0x0000000008008dce                __sseek
 .text.__sclose
                0x0000000008008df2        0x8 /home/mats/gcc-arm-none-eabi-7-2018-q2-update/bin/../lib/gcc/arm-none-eabi/7.3.1/../../../../arm-none-eabi/lib/thumb/v7e-m/fpv4-sp/hard/libc_nano.a(lib_a-stdio.o)
                0x0000000008008df2                __sclose
 *fill*         0x0000000008008dfa        0x2 
 .text._write_r
                0x0000000008008dfc       0x24 /home/mats/gcc-arm-none-eabi-7-2018-q2-update/bin/../lib/gcc/arm-none-eabi/7.3.1/../../../../arm-none-eabi/lib/thumb/v7e-m/fpv4-sp/hard/libc_nano.a(lib_a-writer.o)
                0x0000000008008dfc                _write_r
 .text._close_r
                0x0000000008008e20       0x20 /home/mats/gcc-arm-none-eabi-7-2018-q2-update/bin/../lib/gcc/arm-none-eabi/7.3.1/../../../../arm-none-eabi/lib/thumb/v7e-m/fpv4-sp/hard/libc_nano.a(lib_a-closer.o)
                0x0000000008008e20                _close_r
 .text._fstat_r
                0x0000000008008e40       0x24 /home/mats/gcc-arm-none-eabi-7-2018-q2-update/bin/../lib/gcc/arm-none-eabi/7.3.1/../../../../arm-none-eabi/lib/thumb/v7e-m/fpv4-sp/hard/libc_nano.a(lib_a-fstatr.o)
                0x0000000008008e40                _fstat_r
 .text._isatty_r
                0x0000000008008e64       0x20 /home/mats/gcc-arm-none-eabi-7-2018-q2-update/bin/../lib/gcc/arm-none-eabi/7.3.1/../../../../arm-none-eabi/lib/thumb/v7e-m/fpv4-sp/hard/libc_nano.a(lib_a-isattyr.o)
                0x0000000008008e64                _isatty_r
 .text._lseek_r
                0x0000000008008e84       0x24 /home/mats/gcc-arm-none-eabi-7-2018-q2-update/bin/../lib/gcc/arm-none-eabi/7.3.1/../../../../arm-none-eabi/lib/thumb/v7e-m/fpv4-sp/hard/libc_nano.a(lib_a-lseekr.o)
                0x0000000008008e84                _lseek_r
 .text.__ascii_mbtowc
                0x0000000008008ea8       0x24 /home/mats/gcc-arm-none-eabi-7-2018-q2-update/bin/../lib/gcc/arm-none-eabi/7.3.1/../../../../arm-none-eabi/lib/thumb/v7e-m/fpv4-sp/hard/libc_nano.a(lib_a-mbtowc_r.o)
                0x0000000008008ea8                __ascii_mbtowc
 .text.__malloc_lock
                0x0000000008008ecc        0x2 /home/mats/gcc-arm-none-eabi-7-2018-q2-update/bin/../lib/gcc/arm-none-eabi/7.3.1/../../../../arm-none-eabi/lib/thumb/v7e-m/fpv4-sp/hard/libc_nano.a(lib_a-mlock.o)
                0x0000000008008ecc                __malloc_lock
 .text.__malloc_unlock
                0x0000000008008ece        0x2 /home/mats/gcc-arm-none-eabi-7-2018-q2-update/bin/../lib/gcc/arm-none-eabi/7.3.1/../../../../arm-none-eabi/lib/thumb/v7e-m/fpv4-sp/hard/libc_nano.a(lib_a-mlock.o)
                0x0000000008008ece                __malloc_unlock
 .text._read_r  0x0000000008008ed0       0x24 /home/mats/gcc-arm-none-eabi-7-2018-q2-update/bin/../lib/gcc/arm-none-eabi/7.3.1/../../../../arm-none-eabi/lib/thumb/v7e-m/fpv4-sp/hard/libc_nano.a(lib_a-readr.o)
                0x0000000008008ed0                _read_r
 .text.__ascii_wctomb
                0x0000000008008ef4       0x1a /home/mats/gcc-arm-none-eabi-7-2018-q2-update/bin/../lib/gcc/arm-none-eabi/7.3.1/../../../../arm-none-eabi/lib/thumb/v7e-m/fpv4-sp/hard/libc_nano.a(lib_a-wctomb_r.o)
                0x0000000008008ef4                __ascii_wctomb
 *fill*         0x0000000008008f0e        0x2 
 .text.pow      0x0000000008008f10      0x338 /home/mats/gcc-arm-none-eabi-7-2018-q2-update/bin/../lib/gcc/arm-none-eabi/7.3.1/../../../../arm-none-eabi/lib/thumb/v7e-m/fpv4-sp/hard/libm.a(lib_a-w_pow.o)
                0x0000000008008f10                pow
 .text.__ieee754_pow
                0x0000000008009248      0xab8 /home/mats/gcc-arm-none-eabi-7-2018-q2-update/bin/../lib/gcc/arm-none-eabi/7.3.1/../../../../arm-none-eabi/lib/thumb/v7e-m/fpv4-sp/hard/libm.a(lib_a-e_pow.o)
                0x0000000008009248                __ieee754_pow
 .text.__ieee754_sqrt
                0x0000000008009d00      0x194 /home/mats/gcc-arm-none-eabi-7-2018-q2-update/bin/../lib/gcc/arm-none-eabi/7.3.1/../../../../arm-none-eabi/lib/thumb/v7e-m/fpv4-sp/hard/libm.a(lib_a-e_sqrt.o)
                0x0000000008009d00                __ieee754_sqrt
 .text.fabs     0x0000000008009e94       0x14 /home/mats/gcc-arm-none-eabi-7-2018-q2-update/bin/../lib/gcc/arm-none-eabi/7.3.1/../../../../arm-none-eabi/lib/thumb/v7e-m/fpv4-sp/hard/libm.a(lib_a-s_fabs.o)
                0x0000000008009e94                fabs
 .text.finite   0x0000000008009ea8       0x10 /home/mats/gcc-arm-none-eabi-7-2018-q2-update/bin/../lib/gcc/arm-none-eabi/7.3.1/../../../../arm-none-eabi/lib/thumb/v7e-m/fpv4-sp/hard/libm.a(lib_a-s_finite.o)
                0x0000000008009ea8                finite
 .text.matherr  0x0000000008009eb8        0x4 /home/mats/gcc-arm-none-eabi-7-2018-q2-update/bin/../lib/gcc/arm-none-eabi/7.3.1/../../../../arm-none-eabi/lib/thumb/v7e-m/fpv4-sp/hard/libm.a(lib_a-s_matherr.o)
                0x0000000008009eb8                matherr
 *fill*         0x0000000008009ebc        0x4 
 .text.nan      0x0000000008009ec0       0x10 /home/mats/gcc-arm-none-eabi-7-2018-q2-update/bin/../lib/gcc/arm-none-eabi/7.3.1/../../../../arm-none-eabi/lib/thumb/v7e-m/fpv4-sp/hard/libm.a(lib_a-s_nan.o)
                0x0000000008009ec0                nan
 .text.rint     0x0000000008009ed0      0x110 /home/mats/gcc-arm-none-eabi-7-2018-q2-update/bin/../lib/gcc/arm-none-eabi/7.3.1/../../../../arm-none-eabi/lib/thumb/v7e-m/fpv4-sp/hard/libm.a(lib_a-s_rint.o)
                0x0000000008009ed0                rint
 .text.scalbn   0x0000000008009fe0      0x114 /home/mats/gcc-arm-none-eabi-7-2018-q2-update/bin/../lib/gcc/arm-none-eabi/7.3.1/../../../../arm-none-eabi/lib/thumb/v7e-m/fpv4-sp/hard/libm.a(lib_a-s_scalbn.o)
                0x0000000008009fe0                scalbn
 .text.copysign
                0x000000000800a0f4       0x1c /home/mats/gcc-arm-none-eabi-7-2018-q2-update/bin/../lib/gcc/arm-none-eabi/7.3.1/../../../../arm-none-eabi/lib/thumb/v7e-m/fpv4-sp/hard/libm.a(lib_a-s_copysign.o)
                0x000000000800a0f4                copysign
 .text._close   0x000000000800a110       0x10 /home/mats/gcc-arm-none-eabi-7-2018-q2-update/bin/../lib/gcc/arm-none-eabi/7.3.1/../../../../arm-none-eabi/lib/thumb/v7e-m/fpv4-sp/hard/libnosys.a(close.o)
                0x000000000800a110                _close
 .text._fstat   0x000000000800a120       0x10 /home/mats/gcc-arm-none-eabi-7-2018-q2-update/bin/../lib/gcc/arm-none-eabi/7.3.1/../../../../arm-none-eabi/lib/thumb/v7e-m/fpv4-sp/hard/libnosys.a(fstat.o)
                0x000000000800a120                _fstat
 .text._isatty  0x000000000800a130       0x10 /home/mats/gcc-arm-none-eabi-7-2018-q2-update/bin/../lib/gcc/arm-none-eabi/7.3.1/../../../../arm-none-eabi/lib/thumb/v7e-m/fpv4-sp/hard/libnosys.a(isatty.o)
                0x000000000800a130                _isatty
 .text._lseek   0x000000000800a140       0x10 /home/mats/gcc-arm-none-eabi-7-2018-q2-update/bin/../lib/gcc/arm-none-eabi/7.3.1/../../../../arm-none-eabi/lib/thumb/v7e-m/fpv4-sp/hard/libnosys.a(lseek.o)
                0x000000000800a140                _lseek
 .text._read    0x000000000800a150       0x10 /home/mats/gcc-arm-none-eabi-7-2018-q2-update/bin/../lib/gcc/arm-none-eabi/7.3.1/../../../../arm-none-eabi/lib/thumb/v7e-m/fpv4-sp/hard/libnosys.a(read.o)
                0x000000000800a150                _read
 .text._sbrk    0x000000000800a160       0x1c /home/mats/gcc-arm-none-eabi-7-2018-q2-update/bin/../lib/gcc/arm-none-eabi/7.3.1/../../../../arm-none-eabi/lib/thumb/v7e-m/fpv4-sp/hard/libnosys.a(sbrk.o)
                0x000000000800a160                _sbrk
 .text.__errno  0x000000000800a17c        0xc /home/mats/gcc-arm-none-eabi-7-2018-q2-update/bin/../lib/gcc/arm-none-eabi/7.3.1/../../../../arm-none-eabi/lib/thumb/v7e-m/fpv4-sp/hard/libc_nano.a(lib_a-errno.o)
                0x000000000800a17c                __errno
 *(.glue_7)
 .glue_7        0x000000000800a188        0x0 linker stubs
 *(.glue_7t)
 .glue_7t       0x000000000800a188        0x0 linker stubs
 *(.eh_frame)
 .eh_frame      0x000000000800a188        0x0 /home/mats/gcc-arm-none-eabi-7-2018-q2-update/bin/../lib/gcc/arm-none-eabi/7.3.1/thumb/v7e-m/fpv4-sp/hard/crtbegin.o
 *(.init)
 .init          0x000000000800a188        0x4 /home/mats/gcc-arm-none-eabi-7-2018-q2-update/bin/../lib/gcc/arm-none-eabi/7.3.1/thumb/v7e-m/fpv4-sp/hard/crti.o
                0x000000000800a188                _init
 .init          0x000000000800a18c        0x8 /home/mats/gcc-arm-none-eabi-7-2018-q2-update/bin/../lib/gcc/arm-none-eabi/7.3.1/thumb/v7e-m/fpv4-sp/hard/crtn.o
 *(.fini)
 .fini          0x000000000800a194        0x4 /home/mats/gcc-arm-none-eabi-7-2018-q2-update/bin/../lib/gcc/arm-none-eabi/7.3.1/thumb/v7e-m/fpv4-sp/hard/crti.o
                0x000000000800a194                _fini
 .fini          0x000000000800a198        0x8 /home/mats/gcc-arm-none-eabi-7-2018-q2-update/bin/../lib/gcc/arm-none-eabi/7.3.1/thumb/v7e-m/fpv4-sp/hard/crtn.o
                0x000000000800a1a0                . = ALIGN (0x8)
                0x000000000800a1a0                _etext = .

.vfp11_veneer   0x000000000800a1a0        0x0
 .vfp11_veneer  0x000000000800a1a0        0x0 linker stubs

.v4_bx          0x000000000800a1a0        0x0
 .v4_bx         0x000000000800a1a0        0x0 linker stubs

.iplt           0x000000000800a1a0        0x0
 .iplt          0x000000000800a1a0        0x0 /home/mats/gcc-arm-none-eabi-7-2018-q2-update/bin/../lib/gcc/arm-none-eabi/7.3.1/thumb/v7e-m/fpv4-sp/hard/crtbegin.o

.rodata         0x000000000800a1a0      0x530
                0x000000000800a1a0                . = ALIGN (0x8)
 *(.rodata)
 *(.rodata*)
 .rodata.GPS_Read.str1.4
                0x000000000800a1a0       0x18 ../../applications/gps-firefly-example/build/gps-firefly-example.o
 .rodata.main.str1.4
                0x000000000800a1b8       0x2d ../../applications/gps-firefly-example/build/gps-firefly-example.o
 *fill*         0x000000000800a1e5        0x3 
 .rodata.printWelcome.str1.4
                0x000000000800a1e8       0x4c ../../applications/gps-firefly-example/build/gps-firefly-example.o
 .rodata.setGPSCoordinates.str1.4
                0x000000000800a234       0x28 ../../applications/gps-firefly-example/build/gps-firefly-example.o
 .rodata.Firefly_Initialize.str1.4
                0x000000000800a25c       0x7b ../../applications/gps-firefly-example/build/fireflyx1.o
 *fill*         0x000000000800a2d7        0x1 
 .rodata.parse_gngga.str1.4
                0x000000000800a2d8        0x7 ../../applications/gps-firefly-example/build/nmea.o
 *fill*         0x000000000800a2df        0x1 
 .rodata.transitions
                0x000000000800a2e0       0xa0 ../../applications/gps-firefly-example/build/nmea.o
 .rodata.vTaskStartScheduler.str1.4
                0x000000000800a380        0x5 ../../applications/gps-firefly-example/build/tasks.o
 *fill*         0x000000000800a385        0x3 
 .rodata.prvCheckForValidListAndQueue.str1.4
                0x000000000800a388        0x5 ../../applications/gps-firefly-example/build/timers.o
 *fill*         0x000000000800a38d        0x3 
 .rodata.xTimerCreateTimerTask.str1.4
                0x000000000800a390        0x8 ../../applications/gps-firefly-example/build/timers.o
 .rodata.osTimerCreate.str1.4
                0x000000000800a398        0x8 ../../applications/gps-firefly-example/build/cmsis_os.o
                                          0x1 (size before relaxing)
 .rodata.AHBPrescTable
                0x000000000800a398       0x10 ../../applications/gps-firefly-example/build/system_stm32l4xx.o
                0x000000000800a398                AHBPrescTable
 .rodata.APBPrescTable
                0x000000000800a3a8        0x8 ../../applications/gps-firefly-example/build/system_stm32l4xx.o
                0x000000000800a3a8                APBPrescTable
 .rodata.MSIRangeTable
                0x000000000800a3b0       0x30 ../../applications/gps-firefly-example/build/system_stm32l4xx.o
                0x000000000800a3b0                MSIRangeTable
 .rodata.platform_getHeader.str1.4
                0x000000000800a3e0       0x13 ../../applications/gps-firefly-example/build/octa.o
 *fill*         0x000000000800a3f3        0x1 
 .rodata._global_impure_ptr
                0x000000000800a3f4        0x4 /home/mats/gcc-arm-none-eabi-7-2018-q2-update/bin/../lib/gcc/arm-none-eabi/7.3.1/../../../../arm-none-eabi/lib/thumb/v7e-m/fpv4-sp/hard/libc_nano.a(lib_a-impure.o)
                0x000000000800a3f4                _global_impure_ptr
 .rodata._printf_float.str1.1
                0x000000000800a3f8       0x12 /home/mats/gcc-arm-none-eabi-7-2018-q2-update/bin/../lib/gcc/arm-none-eabi/7.3.1/../../../../arm-none-eabi/lib/thumb/v7e-m/fpv4-sp/hard/libc_nano.a(lib_a-nano-vfprintf_float.o)
 .rodata._printf_i.str1.1
                0x000000000800a40a       0x22 /home/mats/gcc-arm-none-eabi-7-2018-q2-update/bin/../lib/gcc/arm-none-eabi/7.3.1/../../../../arm-none-eabi/lib/thumb/v7e-m/fpv4-sp/hard/libc_nano.a(lib_a-nano-vfprintf_i.o)
 .rodata._dtoa_r.str1.1
                0x000000000800a42c        0xd /home/mats/gcc-arm-none-eabi-7-2018-q2-update/bin/../lib/gcc/arm-none-eabi/7.3.1/../../../../arm-none-eabi/lib/thumb/v7e-m/fpv4-sp/hard/libc_nano.a(lib_a-dtoa.o)
                                          0xf (size before relaxing)
 *fill*         0x000000000800a439        0x3 
 .rodata.__sf_fake_stderr
                0x000000000800a43c       0x20 /home/mats/gcc-arm-none-eabi-7-2018-q2-update/bin/../lib/gcc/arm-none-eabi/7.3.1/../../../../arm-none-eabi/lib/thumb/v7e-m/fpv4-sp/hard/libc_nano.a(lib_a-findfp.o)
                0x000000000800a43c                __sf_fake_stderr
 .rodata.__sf_fake_stdin
                0x000000000800a45c       0x20 /home/mats/gcc-arm-none-eabi-7-2018-q2-update/bin/../lib/gcc/arm-none-eabi/7.3.1/../../../../arm-none-eabi/lib/thumb/v7e-m/fpv4-sp/hard/libc_nano.a(lib_a-findfp.o)
                0x000000000800a45c                __sf_fake_stdin
 .rodata.__sf_fake_stdout
                0x000000000800a47c       0x20 /home/mats/gcc-arm-none-eabi-7-2018-q2-update/bin/../lib/gcc/arm-none-eabi/7.3.1/../../../../arm-none-eabi/lib/thumb/v7e-m/fpv4-sp/hard/libc_nano.a(lib_a-findfp.o)
                0x000000000800a47c                __sf_fake_stdout
 *fill*         0x000000000800a49c        0x4 
 .rodata.__mprec_bigtens
                0x000000000800a4a0       0x28 /home/mats/gcc-arm-none-eabi-7-2018-q2-update/bin/../lib/gcc/arm-none-eabi/7.3.1/../../../../arm-none-eabi/lib/thumb/v7e-m/fpv4-sp/hard/libc_nano.a(lib_a-mprec.o)
                0x000000000800a4a0                __mprec_bigtens
 .rodata.__mprec_tens
                0x000000000800a4c8       0xc8 /home/mats/gcc-arm-none-eabi-7-2018-q2-update/bin/../lib/gcc/arm-none-eabi/7.3.1/../../../../arm-none-eabi/lib/thumb/v7e-m/fpv4-sp/hard/libc_nano.a(lib_a-mprec.o)
                0x000000000800a4c8                __mprec_tens
 .rodata.p05.7359
                0x000000000800a590        0xc /home/mats/gcc-arm-none-eabi-7-2018-q2-update/bin/../lib/gcc/arm-none-eabi/7.3.1/../../../../arm-none-eabi/lib/thumb/v7e-m/fpv4-sp/hard/libc_nano.a(lib_a-mprec.o)
 .rodata._vfprintf_r.str1.1
                0x000000000800a59c       0x11 /home/mats/gcc-arm-none-eabi-7-2018-q2-update/bin/../lib/gcc/arm-none-eabi/7.3.1/../../../../arm-none-eabi/lib/thumb/v7e-m/fpv4-sp/hard/libc_nano.a(lib_a-nano-vfprintf.o)
 .rodata._setlocale_r.str1.1
                0x000000000800a5ad        0x8 /home/mats/gcc-arm-none-eabi-7-2018-q2-update/bin/../lib/gcc/arm-none-eabi/7.3.1/../../../../arm-none-eabi/lib/thumb/v7e-m/fpv4-sp/hard/libc_nano.a(lib_a-locale.o)
                                          0x9 (size before relaxing)
 .rodata.str1.1
                0x000000000800a5b5        0x2 /home/mats/gcc-arm-none-eabi-7-2018-q2-update/bin/../lib/gcc/arm-none-eabi/7.3.1/../../../../arm-none-eabi/lib/thumb/v7e-m/fpv4-sp/hard/libc_nano.a(lib_a-locale.o)
 .rodata._ctype_
                0x000000000800a5b7      0x101 /home/mats/gcc-arm-none-eabi-7-2018-q2-update/bin/../lib/gcc/arm-none-eabi/7.3.1/../../../../arm-none-eabi/lib/thumb/v7e-m/fpv4-sp/hard/libc_nano.a(lib_a-ctype_.o)
                0x000000000800a5b7                _ctype_
 .rodata.pow.str1.4
                0x000000000800a6b8        0x4 /home/mats/gcc-arm-none-eabi-7-2018-q2-update/bin/../lib/gcc/arm-none-eabi/7.3.1/../../../../arm-none-eabi/lib/thumb/v7e-m/fpv4-sp/hard/libm.a(lib_a-w_pow.o)
 .rodata.__ieee754_pow.str1.4
                0x000000000800a6bc        0x1 /home/mats/gcc-arm-none-eabi-7-2018-q2-update/bin/../lib/gcc/arm-none-eabi/7.3.1/../../../../arm-none-eabi/lib/thumb/v7e-m/fpv4-sp/hard/libm.a(lib_a-e_pow.o)
 *fill*         0x000000000800a6bc        0x4 
 .rodata.TWO52  0x000000000800a6c0       0x10 /home/mats/gcc-arm-none-eabi-7-2018-q2-update/bin/../lib/gcc/arm-none-eabi/7.3.1/../../../../arm-none-eabi/lib/thumb/v7e-m/fpv4-sp/hard/libm.a(lib_a-s_rint.o)
                0x000000000800a6d0                . = ALIGN (0x8)

.ARM.extab      0x000000000800a6d0        0x0
                0x000000000800a6d0                . = ALIGN (0x8)
 *(.ARM.extab* .gnu.linkonce.armextab.*)
                0x000000000800a6d0                . = ALIGN (0x8)

.ARM            0x000000000800a6d0        0x8
                0x000000000800a6d0                . = ALIGN (0x8)
                0x000000000800a6d0                __exidx_start = .
 *(.ARM.exidx*)
 .ARM.exidx     0x000000000800a6d0        0x8 /home/mats/gcc-arm-none-eabi-7-2018-q2-update/bin/../lib/gcc/arm-none-eabi/7.3.1/thumb/v7e-m/fpv4-sp/hard/libgcc.a(_udivmoddi4.o)
                0x000000000800a6d8                __exidx_end = .
                0x000000000800a6d8                . = ALIGN (0x8)

.rel.dyn        0x000000000800a6d8        0x0
 .rel.iplt      0x000000000800a6d8        0x0 /home/mats/gcc-arm-none-eabi-7-2018-q2-update/bin/../lib/gcc/arm-none-eabi/7.3.1/thumb/v7e-m/fpv4-sp/hard/crtbegin.o

.preinit_array  0x000000000800a6d8        0x0
                0x000000000800a6d8                . = ALIGN (0x8)
                0x000000000800a6d8                PROVIDE (__preinit_array_start = .)
 *(.preinit_array*)
                0x000000000800a6d8                PROVIDE (__preinit_array_end = .)
                0x000000000800a6d8                . = ALIGN (0x8)

.init_array     0x000000000800a6d8        0x8
                0x000000000800a6d8                . = ALIGN (0x8)
                0x000000000800a6d8                PROVIDE (__init_array_start = .)
 *(SORT_BY_NAME(.init_array.*))
 *(.init_array*)
 .init_array    0x000000000800a6d8        0x4 /home/mats/gcc-arm-none-eabi-7-2018-q2-update/bin/../lib/gcc/arm-none-eabi/7.3.1/thumb/v7e-m/fpv4-sp/hard/crtbegin.o
                0x000000000800a6dc                PROVIDE (__init_array_end = .)
                0x000000000800a6e0                . = ALIGN (0x8)
 *fill*         0x000000000800a6dc        0x4 

.fini_array     0x000000000800a6e0        0x8
                0x000000000800a6e0                . = ALIGN (0x8)
                [!provide]                        PROVIDE (__fini_array_start = .)
 *(SORT_BY_NAME(.fini_array.*))
 *(.fini_array*)
 .fini_array    0x000000000800a6e0        0x4 /home/mats/gcc-arm-none-eabi-7-2018-q2-update/bin/../lib/gcc/arm-none-eabi/7.3.1/thumb/v7e-m/fpv4-sp/hard/crtbegin.o
                [!provide]                        PROVIDE (__fini_array_end = .)
                0x000000000800a6e8                . = ALIGN (0x8)
 *fill*         0x000000000800a6e4        0x4 
                0x000000000800a6e8                _sidata = LOADADDR (.data)

.data           0x0000000020000000      0x1e0 load address 0x000000000800a6e8
                0x0000000020000000                . = ALIGN (0x8)
                0x0000000020000000                _sdata = .
 *(.data)
 *(.data*)
 .data.uxCriticalNesting
                0x0000000020000000        0x4 ../../applications/gps-firefly-example/build/port.o
 .data.SystemCoreClock
                0x0000000020000004        0x4 ../../applications/gps-firefly-example/build/system_stm32l4xx.o
                0x0000000020000004                SystemCoreClock
 .data._impure_ptr
                0x0000000020000008        0x4 /home/mats/gcc-arm-none-eabi-7-2018-q2-update/bin/../lib/gcc/arm-none-eabi/7.3.1/../../../../arm-none-eabi/lib/thumb/v7e-m/fpv4-sp/hard/libc_nano.a(lib_a-impure.o)
                0x0000000020000008                _impure_ptr
 .data.impure_data
                0x000000002000000c       0x60 /home/mats/gcc-arm-none-eabi-7-2018-q2-update/bin/../lib/gcc/arm-none-eabi/7.3.1/../../../../arm-none-eabi/lib/thumb/v7e-m/fpv4-sp/hard/libc_nano.a(lib_a-impure.o)
 .data.__global_locale
                0x000000002000006c      0x16c /home/mats/gcc-arm-none-eabi-7-2018-q2-update/bin/../lib/gcc/arm-none-eabi/7.3.1/../../../../arm-none-eabi/lib/thumb/v7e-m/fpv4-sp/hard/libc_nano.a(lib_a-locale.o)
                0x000000002000006c                __global_locale
 .data.__fdlib_version
                0x00000000200001d8        0x1 /home/mats/gcc-arm-none-eabi-7-2018-q2-update/bin/../lib/gcc/arm-none-eabi/7.3.1/../../../../arm-none-eabi/lib/thumb/v7e-m/fpv4-sp/hard/libm.a(lib_a-s_lib_ver.o)
                0x00000000200001d8                __fdlib_version
                0x00000000200001e0                . = ALIGN (0x8)
 *fill*         0x00000000200001d9        0x7 
                0x00000000200001e0                _edata = .

.igot.plt       0x00000000200001e0        0x0 load address 0x000000000800a8c8
 .igot.plt      0x00000000200001e0        0x0 /home/mats/gcc-arm-none-eabi-7-2018-q2-update/bin/../lib/gcc/arm-none-eabi/7.3.1/thumb/v7e-m/fpv4-sp/hard/crtbegin.o
                0x00000000200001e0                . = ALIGN (0x4)

.bss            0x00000000200001e0    0x248f0 load address 0x000000000800a8c8
                0x00000000200001e0                _sbss = .
                0x00000000200001e0                __bss_start__ = _sbss
 *(.bss)
 .bss           0x00000000200001e0       0x1c /home/mats/gcc-arm-none-eabi-7-2018-q2-update/bin/../lib/gcc/arm-none-eabi/7.3.1/thumb/v7e-m/fpv4-sp/hard/crtbegin.o
 *(.bss*)
 .bss.currentLocation
                0x00000000200001fc        0xc ../../applications/gps-firefly-example/build/gps-firefly-example.o
                0x00000000200001fc                currentLocation
 .bss.hasGPSFix
                0x0000000020000208        0x1 ../../applications/gps-firefly-example/build/gps-firefly-example.o
                0x0000000020000208                hasGPSFix
 *fill*         0x0000000020000209        0x3 
 .bss.current_position
                0x000000002000020c       0x2c ../../applications/gps-firefly-example/build/nmea.o
 .bss.current_state
                0x0000000020000238        0x4 ../../applications/gps-firefly-example/build/nmea.o
 .bss.dec.6668  0x000000002000023c        0x1 ../../applications/gps-firefly-example/build/nmea.o
 .bss.pos.6598  0x000000002000023d        0x1 ../../applications/gps-firefly-example/build/nmea.o
 .bss.pos.6603  0x000000002000023e        0x1 ../../applications/gps-firefly-example/build/nmea.o
 .bss.pos.6619  0x000000002000023f        0x1 ../../applications/gps-firefly-example/build/nmea.o
 .bss.pos.6639  0x0000000020000240        0x1 ../../applications/gps-firefly-example/build/nmea.o
 .bss.pos.6663  0x0000000020000241        0x1 ../../applications/gps-firefly-example/build/nmea.o
 .bss.pos.6667  0x0000000020000242        0x1 ../../applications/gps-firefly-example/build/nmea.o
 *fill*         0x0000000020000243        0x1 
 .bss.position  0x0000000020000244       0x2c ../../applications/gps-firefly-example/build/nmea.o
 .bss.pxCurrentTCB
                0x0000000020000270        0x4 ../../applications/gps-firefly-example/build/tasks.o
                0x0000000020000270                pxCurrentTCB
 .bss.pxDelayedTaskList
                0x0000000020000274        0x4 ../../applications/gps-firefly-example/build/tasks.o
 .bss.pxOverflowDelayedTaskList
                0x0000000020000278        0x4 ../../applications/gps-firefly-example/build/tasks.o
 .bss.pxReadyTasksLists
                0x000000002000027c       0x8c ../../applications/gps-firefly-example/build/tasks.o
 .bss.uxCurrentNumberOfTasks
                0x0000000020000308        0x4 ../../applications/gps-firefly-example/build/tasks.o
 .bss.uxDeletedTasksWaitingCleanUp
                0x000000002000030c        0x4 ../../applications/gps-firefly-example/build/tasks.o
 .bss.uxPendedTicks
                0x0000000020000310        0x4 ../../applications/gps-firefly-example/build/tasks.o
 .bss.uxSchedulerSuspended
                0x0000000020000314        0x4 ../../applications/gps-firefly-example/build/tasks.o
 .bss.uxTaskNumber
                0x0000000020000318        0x4 ../../applications/gps-firefly-example/build/tasks.o
 .bss.uxTopReadyPriority
                0x000000002000031c        0x4 ../../applications/gps-firefly-example/build/tasks.o
 .bss.xDelayedTaskList1
                0x0000000020000320       0x14 ../../applications/gps-firefly-example/build/tasks.o
 .bss.xDelayedTaskList2
                0x0000000020000334       0x14 ../../applications/gps-firefly-example/build/tasks.o
 .bss.xIdleTaskHandle
                0x0000000020000348        0x4 ../../applications/gps-firefly-example/build/tasks.o
 .bss.xNextTaskUnblockTime
                0x000000002000034c        0x4 ../../applications/gps-firefly-example/build/tasks.o
 .bss.xNumOfOverflows
                0x0000000020000350        0x4 ../../applications/gps-firefly-example/build/tasks.o