Archive member included to satisfy reference by file (symbol)

/home/mats/gcc-arm-none-eabi-7-2018-q2-update/bin/../lib/gcc/arm-none-eabi/7.3.1/../../../../arm-none-eabi/lib/thumb/v7e-m/fpv4-sp/hard/libc_nano.a(lib_a-exit.o)
                              /home/mats/gcc-arm-none-eabi-7-2018-q2-update/bin/../lib/gcc/arm-none-eabi/7.3.1/../../../../arm-none-eabi/lib/thumb/v7e-m/fpv4-sp/hard/crt0.o (exit)
/home/mats/gcc-arm-none-eabi-7-2018-q2-update/bin/../lib/gcc/arm-none-eabi/7.3.1/../../../../arm-none-eabi/lib/thumb/v7e-m/fpv4-sp/hard/libc_nano.a(lib_a-impure.o)
                              /home/mats/gcc-arm-none-eabi-7-2018-q2-update/bin/../lib/gcc/arm-none-eabi/7.3.1/../../../../arm-none-eabi/lib/thumb/v7e-m/fpv4-sp/hard/libc_nano.a(lib_a-exit.o) (_global_impure_ptr)
/home/mats/gcc-arm-none-eabi-7-2018-q2-update/bin/../lib/gcc/arm-none-eabi/7.3.1/../../../../arm-none-eabi/lib/thumb/v7e-m/fpv4-sp/hard/libc_nano.a(lib_a-init.o)
                              /home/mats/gcc-arm-none-eabi-7-2018-q2-update/bin/../lib/gcc/arm-none-eabi/7.3.1/../../../../arm-none-eabi/lib/thumb/v7e-m/fpv4-sp/hard/crt0.o (__libc_init_array)
/home/mats/gcc-arm-none-eabi-7-2018-q2-update/bin/../lib/gcc/arm-none-eabi/7.3.1/../../../../arm-none-eabi/lib/thumb/v7e-m/fpv4-sp/hard/libc_nano.a(lib_a-memcpy-stub.o)
                              ../../applications/hello-world/build/queue.o (memcpy)
/home/mats/gcc-arm-none-eabi-7-2018-q2-update/bin/../lib/gcc/arm-none-eabi/7.3.1/../../../../arm-none-eabi/lib/thumb/v7e-m/fpv4-sp/hard/libc_nano.a(lib_a-memset.o)
                              /home/mats/gcc-arm-none-eabi-7-2018-q2-update/bin/../lib/gcc/arm-none-eabi/7.3.1/../../../../arm-none-eabi/lib/thumb/v7e-m/fpv4-sp/hard/crt0.o (memset)
/home/mats/gcc-arm-none-eabi-7-2018-q2-update/bin/../lib/gcc/arm-none-eabi/7.3.1/../../../../arm-none-eabi/lib/thumb/v7e-m/fpv4-sp/hard/libc_nano.a(lib_a-puts.o)
                              ../../applications/hello-world/build/hello-world.o (puts)
/home/mats/gcc-arm-none-eabi-7-2018-q2-update/bin/../lib/gcc/arm-none-eabi/7.3.1/../../../../arm-none-eabi/lib/thumb/v7e-m/fpv4-sp/hard/libc_nano.a(lib_a-wbuf.o)
                              /home/mats/gcc-arm-none-eabi-7-2018-q2-update/bin/../lib/gcc/arm-none-eabi/7.3.1/../../../../arm-none-eabi/lib/thumb/v7e-m/fpv4-sp/hard/libc_nano.a(lib_a-puts.o) (__swbuf_r)
/home/mats/gcc-arm-none-eabi-7-2018-q2-update/bin/../lib/gcc/arm-none-eabi/7.3.1/../../../../arm-none-eabi/lib/thumb/v7e-m/fpv4-sp/hard/libc_nano.a(lib_a-wsetup.o)
                              /home/mats/gcc-arm-none-eabi-7-2018-q2-update/bin/../lib/gcc/arm-none-eabi/7.3.1/../../../../arm-none-eabi/lib/thumb/v7e-m/fpv4-sp/hard/libc_nano.a(lib_a-puts.o) (__swsetup_r)
/home/mats/gcc-arm-none-eabi-7-2018-q2-update/bin/../lib/gcc/arm-none-eabi/7.3.1/../../../../arm-none-eabi/lib/thumb/v7e-m/fpv4-sp/hard/libc_nano.a(lib_a-fflush.o)
                              /home/mats/gcc-arm-none-eabi-7-2018-q2-update/bin/../lib/gcc/arm-none-eabi/7.3.1/../../../../arm-none-eabi/lib/thumb/v7e-m/fpv4-sp/hard/libc_nano.a(lib_a-wbuf.o) (_fflush_r)
/home/mats/gcc-arm-none-eabi-7-2018-q2-update/bin/../lib/gcc/arm-none-eabi/7.3.1/../../../../arm-none-eabi/lib/thumb/v7e-m/fpv4-sp/hard/libc_nano.a(lib_a-findfp.o)
                              /home/mats/gcc-arm-none-eabi-7-2018-q2-update/bin/../lib/gcc/arm-none-eabi/7.3.1/../../../../arm-none-eabi/lib/thumb/v7e-m/fpv4-sp/hard/libc_nano.a(lib_a-puts.o) (__sinit)
/home/mats/gcc-arm-none-eabi-7-2018-q2-update/bin/../lib/gcc/arm-none-eabi/7.3.1/../../../../arm-none-eabi/lib/thumb/v7e-m/fpv4-sp/hard/libc_nano.a(lib_a-fwalk.o)
                              /home/mats/gcc-arm-none-eabi-7-2018-q2-update/bin/../lib/gcc/arm-none-eabi/7.3.1/../../../../arm-none-eabi/lib/thumb/v7e-m/fpv4-sp/hard/libc_nano.a(lib_a-findfp.o) (_fwalk)
/home/mats/gcc-arm-none-eabi-7-2018-q2-update/bin/../lib/gcc/arm-none-eabi/7.3.1/../../../../arm-none-eabi/lib/thumb/v7e-m/fpv4-sp/hard/libc_nano.a(lib_a-makebuf.o)
                              /home/mats/gcc-arm-none-eabi-7-2018-q2-update/bin/../lib/gcc/arm-none-eabi/7.3.1/../../../../arm-none-eabi/lib/thumb/v7e-m/fpv4-sp/hard/libc_nano.a(lib_a-wsetup.o) (__smakebuf_r)
/home/mats/gcc-arm-none-eabi-7-2018-q2-update/bin/../lib/gcc/arm-none-eabi/7.3.1/../../../../arm-none-eabi/lib/thumb/v7e-m/fpv4-sp/hard/libc_nano.a(lib_a-nano-freer.o)
                              /home/mats/gcc-arm-none-eabi-7-2018-q2-update/bin/../lib/gcc/arm-none-eabi/7.3.1/../../../../arm-none-eabi/lib/thumb/v7e-m/fpv4-sp/hard/libc_nano.a(lib_a-wsetup.o) (_free_r)
/home/mats/gcc-arm-none-eabi-7-2018-q2-update/bin/../lib/gcc/arm-none-eabi/7.3.1/../../../../arm-none-eabi/lib/thumb/v7e-m/fpv4-sp/hard/libc_nano.a(lib_a-nano-mallocr.o)
                              /home/mats/gcc-arm-none-eabi-7-2018-q2-update/bin/../lib/gcc/arm-none-eabi/7.3.1/../../../../arm-none-eabi/lib/thumb/v7e-m/fpv4-sp/hard/libc_nano.a(lib_a-findfp.o) (_malloc_r)
[...]
Memory Configuration

Name             Origin             Length             Attributes
RAM              0x0000000020000000 0x0000000000050000 xrw
FLASH            0x0000000008000000 0x0000000000100000 xr
*default*        0x0000000000000000 0xffffffffffffffff

Linker script and memory map

LOAD /home/mats/gcc-arm-none-eabi-7-2018-q2-update/bin/../lib/gcc/arm-none-eabi/7.3.1/thumb/v7e-m/fpv4-sp/hard/crti.o
LOAD /home/mats/gcc-arm-none-eabi-7-2018-q2-update/bin/../lib/gcc/arm-none-eabi/7.3.1/thumb/v7e-m/fpv4-sp/hard/crtbegin.o
LOAD /home/mats/gcc-arm-none-eabi-7-2018-q2-update/bin/../lib/gcc/arm-none-eabi/7.3.1/../../../../arm-none-eabi/lib/thumb/v7e-m/fpv4-sp/hard/crt0.o
LOAD ../../applications/hello-world/build/hello-world.o
LOAD ../../applications/hello-world/build/platform.o
LOAD ../../applications/hello-world/build/stm32l4xx_hal_i2c.o
LOAD ../../applications/hello-world/build/stm32l4xx_hal_i2c_ex.o
LOAD ../../applications/hello-world/build/stm32l4xx_hal_spi.o
LOAD ../../applications/hello-world/build/stm32l4xx_hal_spi_ex.o
LOAD ../../applications/hello-world/build/stm32l4xx_hal_iwdg.o
LOAD ../../applications/hello-world/build/stm32l4xx_hal_uart.o
LOAD ../../applications/hello-world/build/stm32l4xx_hal_uart_ex.o
LOAD ../../applications/hello-world/build/stm32l4xx_hal_tim.o
LOAD ../../applications/hello-world/build/stm32l4xx_hal_tim_ex.o
LOAD ../../applications/hello-world/build/stm32l4xx_hal.o
LOAD ../../applications/hello-world/build/stm32l4xx_hal_rcc.o
LOAD ../../applications/hello-world/build/stm32l4xx_hal_rcc_ex.o
LOAD ../../applications/hello-world/build/stm32l4xx_hal_flash.o
LOAD ../../applications/hello-world/build/stm32l4xx_hal_flash_ex.o
LOAD ../../applications/hello-world/build/stm32l4xx_hal_flash_ramfunc.o
LOAD ../../applications/hello-world/build/stm32l4xx_hal_gpio.o
LOAD ../../applications/hello-world/build/stm32l4xx_hal_dma.o
LOAD ../../applications/hello-world/build/stm32l4xx_hal_dma_ex.o
LOAD ../../applications/hello-world/build/stm32l4xx_hal_pwr.o
LOAD ../../applications/hello-world/build/stm32l4xx_hal_pwr_ex.o
LOAD ../../applications/hello-world/build/stm32l4xx_hal_cortex.o
LOAD ../../applications/hello-world/build/stm32l4xx_hal_crc.o
LOAD ../../applications/hello-world/build/stm32l4xx_hal_crc_ex.o
LOAD ../../applications/hello-world/build/queue.o
LOAD ../../applications/hello-world/build/croutine.o
LOAD ../../applications/hello-world/build/list.o
LOAD ../../applications/hello-world/build/stream_buffer.o
LOAD ../../applications/hello-world/build/event_groups.o
LOAD ../../applications/hello-world/build/tasks.o
LOAD ../../applications/hello-world/build/timers.o
LOAD ../../applications/hello-world/build/cmsis_os.o
LOAD ../../applications/hello-world/build/heap_4.o
LOAD ../../applications/hello-world/build/port.o
LOAD ../../applications/hello-world/build/freertos.o
LOAD ../../applications/hello-world/build/system_stm32l4xx.o
LOAD ../../applications/hello-world/build/octa.o
LOAD ../../applications/hello-world/build/uart.o
LOAD ../../applications/hello-world/build/rtosmacros.o
LOAD ../../applications/hello-world/build/spi.o
LOAD ../../applications/hello-world/build/iwdg.o
LOAD ../../applications/hello-world/build/gpio.o
LOAD ../../applications/hello-world/build/sysclock.o
LOAD ../../applications/hello-world/build/stm32l4xx_hal_msp.o
LOAD ../../applications/hello-world/build/stm32l4xx_hal_timebase_tim.o
LOAD ../../applications/hello-world/build/stm32l4xx_it.o
LOAD ../../applications/hello-world/build/i2c.o
LOAD ../../applications/hello-world/build/LSM303AGRSensor.o
LOAD ../../applications/hello-world/build/sht31.o
LOAD ../../applications/hello-world/build/S25FL256.o
LOAD ../../applications/hello-world/build/TCS3472.o
LOAD ../../applications/hello-world/build/stc3115.o
LOAD ../../applications/hello-world/build/startup_stm32l496xx.o
LOAD /home/mats/gcc-arm-none-eabi-7-2018-q2-update/bin/../lib/gcc/arm-none-eabi/7.3.1/../../../../arm-none-eabi/lib/thumb/v7e-m/fpv4-sp/hard/libc_nano.a
LOAD /home/mats/gcc-arm-none-eabi-7-2018-q2-update/bin/../lib/gcc/arm-none-eabi/7.3.1/../../../../arm-none-eabi/lib/thumb/v7e-m/fpv4-sp/hard/libm.a
LOAD /home/mats/gcc-arm-none-eabi-7-2018-q2-update/bin/../lib/gcc/arm-none-eabi/7.3.1/../../../../arm-none-eabi/lib/thumb/v7e-m/fpv4-sp/hard/libnosys.a
START GROUP
LOAD /home/mats/gcc-arm-none-eabi-7-2018-q2-update/bin/../lib/gcc/arm-none-eabi/7.3.1/thumb/v7e-m/fpv4-sp/hard/libgcc.a
LOAD /home/mats/gcc-arm-none-eabi-7-2018-q2-update/bin/../lib/gcc/arm-none-eabi/7.3.1/../../../../arm-none-eabi/lib/thumb/v7e-m/fpv4-sp/hard/libc_nano.a
END GROUP
START GROUP
LOAD /home/mats/gcc-arm-none-eabi-7-2018-q2-update/bin/../lib/gcc/arm-none-eabi/7.3.1/thumb/v7e-m/fpv4-sp/hard/libgcc.a
LOAD /home/mats/gcc-arm-none-eabi-7-2018-q2-update/bin/../lib/gcc/arm-none-eabi/7.3.1/../../../../arm-none-eabi/lib/thumb/v7e-m/fpv4-sp/hard/libc_nano.a
END GROUP
LOAD /home/mats/gcc-arm-none-eabi-7-2018-q2-update/bin/../lib/gcc/arm-none-eabi/7.3.1/thumb/v7e-m/fpv4-sp/hard/crtend.o
LOAD /home/mats/gcc-arm-none-eabi-7-2018-q2-update/bin/../lib/gcc/arm-none-eabi/7.3.1/thumb/v7e-m/fpv4-sp/hard/crtn.o
                0x0000000020050000                _estack = 0x20050000
                0x0000000000000200                _Min_Heap_Size = 0x200
                0x0000000000000400                _Min_Stack_Size = 0x400

.isr_vector     0x0000000008000000      0x1b0
                0x0000000008000000                . = ALIGN (0x8)
 *(.isr_vector)
 .isr_vector    0x0000000008000000      0x1ac ../../applications/hello-world/build/startup_stm32l496xx.o
                0x0000000008000000                g_pfnVectors
                0x00000000080001b0                . = ALIGN (0x8)
 *fill*         0x00000000080001ac        0x4 

.text           0x00000000080001b0     0x58b0
                0x00000000080001b0                . = ALIGN (0x8)
 *(.text)
 .text          0x00000000080001b0       0x40 /home/mats/gcc-arm-none-eabi-7-2018-q2-update/bin/../lib/gcc/arm-none-eabi/7.3.1/thumb/v7e-m/fpv4-sp/hard/crtbegin.o
 .text          0x00000000080001f0       0x30 /home/mats/gcc-arm-none-eabi-7-2018-q2-update/bin/../lib/gcc/arm-none-eabi/7.3.1/thumb/v7e-m/fpv4-sp/hard/libgcc.a(_aeabi_uldivmod.o)
                0x00000000080001f0                __aeabi_uldivmod
 .text          0x0000000008000220      0x2cc /home/mats/gcc-arm-none-eabi-7-2018-q2-update/bin/../lib/gcc/arm-none-eabi/7.3.1/thumb/v7e-m/fpv4-sp/hard/libgcc.a(_udivmoddi4.o)
                0x0000000008000220                __udivmoddi4
 .text          0x00000000080004ec        0x4 /home/mats/gcc-arm-none-eabi-7-2018-q2-update/bin/../lib/gcc/arm-none-eabi/7.3.1/thumb/v7e-m/fpv4-sp/hard/libgcc.a(_dvmd_tls.o)
                0x00000000080004ec                __aeabi_ldiv0
                0x00000000080004ec                __aeabi_idiv0
 *(.text*)
 .text.StartDefaultTask
                0x00000000080004f0        0xa ../../applications/hello-world/build/hello-world.o
                0x00000000080004f0                StartDefaultTask
 *fill*         0x00000000080004fa        0x2 
 .text.printWelcome
                0x00000000080004fc       0x54 ../../applications/hello-world/build/hello-world.o
                0x00000000080004fc                printWelcome
 .text.main     0x0000000008000550       0x70 ../../applications/hello-world/build/hello-world.o
                0x0000000008000550                main
 .text.HAL_TIM_PeriodElapsedCallback
                0x00000000080005c0       0x18 ../../applications/hello-world/build/hello-world.o
                0x00000000080005c0                HAL_TIM_PeriodElapsedCallback
 .text.Error_Handler
                0x00000000080005d8        0x2 ../../applications/hello-world/build/hello-world.o
                0x00000000080005d8                Error_Handler
 .text.Initialize_Platform
                0x00000000080005da        0x8 ../../applications/hello-world/build/platform.o
                0x00000000080005da                Initialize_Platform
 .text.HAL_I2C_Init
                0x00000000080005e2       0xbc ../../applications/hello-world/build/stm32l4xx_hal_i2c.o
                0x00000000080005e2                HAL_I2C_Init
 .text.HAL_I2CEx_ConfigAnalogFilter
                0x000000000800069e       0x5c ../../applications/hello-world/build/stm32l4xx_hal_i2c_ex.o
                0x000000000800069e                HAL_I2CEx_ConfigAnalogFilter
 .text.HAL_I2CEx_ConfigDigitalFilter
                0x00000000080006fa       0x58 ../../applications/hello-world/build/stm32l4xx_hal_i2c_ex.o
                0x00000000080006fa                HAL_I2CEx_ConfigDigitalFilter
 .text.HAL_SPI_Init
                0x0000000008000752       0xb0 ../../applications/hello-world/build/stm32l4xx_hal_spi.o
                0x0000000008000752                HAL_SPI_Init
 .text.HAL_SPI_ErrorCallback
                0x0000000008000802        0x2 ../../applications/hello-world/build/stm32l4xx_hal_spi.o
                0x0000000008000802                HAL_SPI_ErrorCallback
 .text.HAL_SPI_IRQHandler
                0x0000000008000804      0x120 ../../applications/hello-world/build/stm32l4xx_hal_spi.o
                0x0000000008000804                HAL_SPI_IRQHandler
 .text.SPI_DMAAbortOnError
                0x0000000008000924       0x12 ../../applications/hello-world/build/stm32l4xx_hal_spi.o
 .text.HAL_IWDG_Init
                0x0000000008000936       0x58 ../../applications/hello-world/build/stm32l4xx_hal_iwdg.o
                0x0000000008000936                HAL_IWDG_Init
 .text.UART_EndRxTransfer
                0x000000000800098e       0x20 ../../applications/hello-world/build/stm32l4xx_hal_uart.o
 .text.HAL_UART_TxCpltCallback
                0x00000000080009ae        0x2 ../../applications/hello-world/build/stm32l4xx_hal_uart.o
                0x00000000080009ae                HAL_UART_TxCpltCallback
 .text.UART_EndTransmit_IT
                0x00000000080009b0       0x1c ../../applications/hello-world/build/stm32l4xx_hal_uart.o
 .text.HAL_UART_ErrorCallback
                0x00000000080009cc        0x2 ../../applications/hello-world/build/stm32l4xx_hal_uart.o
                0x00000000080009cc                HAL_UART_ErrorCallback
 *fill*         0x00000000080009ce        0x2 
 .text.HAL_UART_IRQHandler
                0x00000000080009d0      0x15c ../../applications/hello-world/build/stm32l4xx_hal_uart.o
                0x00000000080009d0                HAL_UART_IRQHandler
 .text.UART_DMAAbortOnError
                0x0000000008000b2c       0x14 ../../applications/hello-world/build/stm32l4xx_hal_uart.o
 .text.UART_SetConfig
                0x0000000008000b40      0x424 ../../applications/hello-world/build/stm32l4xx_hal_uart.o
                0x0000000008000b40                UART_SetConfig
 .text.UART_AdvFeatureConfig
                0x0000000008000f64       0xca ../../applications/hello-world/build/stm32l4xx_hal_uart.o
                0x0000000008000f64                UART_AdvFeatureConfig
 .text.UART_WaitOnFlagUntilTimeout
                0x000000000800102e       0x62 ../../applications/hello-world/build/stm32l4xx_hal_uart.o
                0x000000000800102e                UART_WaitOnFlagUntilTimeout
 .text.HAL_UART_Transmit
                0x0000000008001090       0xce ../../applications/hello-world/build/stm32l4xx_hal_uart.o
                0x0000000008001090                HAL_UART_Transmit
 .text.UART_CheckIdleState
                0x000000000800115e       0x70 ../../applications/hello-world/build/stm32l4xx_hal_uart.o
                0x000000000800115e                UART_CheckIdleState
 .text.HAL_UART_Init
                0x00000000080011ce       0x66 ../../applications/hello-world/build/stm32l4xx_hal_uart.o
                0x00000000080011ce                HAL_UART_Init
 .text.HAL_UARTEx_WakeupCallback
                0x0000000008001234        0x2 ../../applications/hello-world/build/stm32l4xx_hal_uart_ex.o
                0x0000000008001234                HAL_UARTEx_WakeupCallback
 .text.HAL_TIM_Base_MspInit
                0x0000000008001236        0x2 ../../applications/hello-world/build/stm32l4xx_hal_tim.o
                0x0000000008001236                HAL_TIM_Base_MspInit
 .text.HAL_TIM_Base_Start_IT
                0x0000000008001238       0x34 ../../applications/hello-world/build/stm32l4xx_hal_tim.o
                0x0000000008001238                HAL_TIM_Base_Start_IT
 .text.HAL_TIM_OC_DelayElapsedCallback
                0x000000000800126c        0x2 ../../applications/hello-world/build/stm32l4xx_hal_tim.o
                0x000000000800126c                HAL_TIM_OC_DelayElapsedCallback
 .text.HAL_TIM_IC_CaptureCallback
                0x000000000800126e        0x2 ../../applications/hello-world/build/stm32l4xx_hal_tim.o
                0x000000000800126e                HAL_TIM_IC_CaptureCallback
 .text.HAL_TIM_PWM_PulseFinishedCallback
                0x0000000008001270        0x2 ../../applications/hello-world/build/stm32l4xx_hal_tim.o
                0x0000000008001270                HAL_TIM_PWM_PulseFinishedCallback
 .text.HAL_TIM_TriggerCallback
                0x0000000008001272        0x2 ../../applications/hello-world/build/stm32l4xx_hal_tim.o
                0x0000000008001272                HAL_TIM_TriggerCallback
 .text.HAL_TIM_IRQHandler
                0x0000000008001274      0x19a ../../applications/hello-world/build/stm32l4xx_hal_tim.o
                0x0000000008001274                HAL_TIM_IRQHandler
 *fill*         0x000000000800140e        0x2 
 .text.TIM_Base_SetConfig
                0x0000000008001410       0xc8 ../../applications/hello-world/build/stm32l4xx_hal_tim.o
                0x0000000008001410                TIM_Base_SetConfig
 .text.HAL_TIM_Base_Init
                0x00000000080014d8       0x32 ../../applications/hello-world/build/stm32l4xx_hal_tim.o
                0x00000000080014d8                HAL_TIM_Base_Init
 .text.HAL_TIMEx_CommutationCallback
                0x000000000800150a        0x2 ../../applications/hello-world/build/stm32l4xx_hal_tim_ex.o
                0x000000000800150a                HAL_TIMEx_CommutationCallback
 .text.HAL_TIMEx_BreakCallback
                0x000000000800150c        0x2 ../../applications/hello-world/build/stm32l4xx_hal_tim_ex.o
                0x000000000800150c                HAL_TIMEx_BreakCallback
 .text.HAL_TIMEx_Break2Callback
                0x000000000800150e        0x2 ../../applications/hello-world/build/stm32l4xx_hal_tim_ex.o
                0x000000000800150e                HAL_TIMEx_Break2Callback
 .text.HAL_Init
                0x0000000008001510       0x1e ../../applications/hello-world/build/stm32l4xx_hal.o
                0x0000000008001510                HAL_Init
 *fill*         0x000000000800152e        0x2 
 .text.HAL_IncTick
                0x0000000008001530       0x10 ../../applications/hello-world/build/stm32l4xx_hal.o
                0x0000000008001530                HAL_IncTick
 .text.HAL_GetTick
                0x0000000008001540        0xc ../../applications/hello-world/build/stm32l4xx_hal.o
                0x0000000008001540                HAL_GetTick
 .text.HAL_Delay
                0x000000000800154c       0x1e ../../applications/hello-world/build/stm32l4xx_hal.o
                0x000000000800154c                HAL_Delay
 *fill*         0x000000000800156a        0x2 
 .text.RCC_SetFlashLatencyFromMSIRange
                0x000000000800156c       0x90 ../../applications/hello-world/build/stm32l4xx_hal_rcc.o
 .text.HAL_RCC_GetSysClockFreq
                0x00000000080015fc       0xd8 ../../applications/hello-world/build/stm32l4xx_hal_rcc.o
                0x00000000080015fc                HAL_RCC_GetSysClockFreq
 .text.HAL_RCC_OscConfig
                0x00000000080016d4      0x5b4 ../../applications/hello-world/build/stm32l4xx_hal_rcc.o
                0x00000000080016d4                HAL_RCC_OscConfig
 .text.HAL_RCC_ClockConfig
                0x0000000008001c88      0x154 ../../applications/hello-world/build/stm32l4xx_hal_rcc.o
                0x0000000008001c88                HAL_RCC_ClockConfig
 .text.HAL_RCC_GetHCLKFreq
                0x0000000008001ddc        0xc ../../applications/hello-world/build/stm32l4xx_hal_rcc.o
                0x0000000008001ddc                HAL_RCC_GetHCLKFreq
 .text.HAL_RCC_GetPCLK1Freq
                0x0000000008001de8       0x24 ../../applications/hello-world/build/stm32l4xx_hal_rcc.o
                0x0000000008001de8                HAL_RCC_GetPCLK1Freq
 .text.HAL_RCC_GetPCLK2Freq
                0x0000000008001e0c       0x24 ../../applications/hello-world/build/stm32l4xx_hal_rcc.o
                0x0000000008001e0c                HAL_RCC_GetPCLK2Freq
 .text.HAL_RCC_GetClockConfig
                0x0000000008001e30       0x3c ../../applications/hello-world/build/stm32l4xx_hal_rcc.o
                0x0000000008001e30                HAL_RCC_GetClockConfig
 .text.RCCEx_PLLSAI1_Config
                0x0000000008001e6c      0x16c ../../applications/hello-world/build/stm32l4xx_hal_rcc_ex.o
 .text.RCCEx_PLLSAI2_Config
                0x0000000008001fd8      0x148 ../../applications/hello-world/build/stm32l4xx_hal_rcc_ex.o
 .text.HAL_RCCEx_PeriphCLKConfig
                0x0000000008002120      0x46c ../../applications/hello-world/build/stm32l4xx_hal_rcc_ex.o
                0x0000000008002120                HAL_RCCEx_PeriphCLKConfig
 .text.HAL_GPIO_Init
                0x000000000800258c      0x1b8 ../../applications/hello-world/build/stm32l4xx_hal_gpio.o
                0x000000000800258c                HAL_GPIO_Init
 .text.HAL_GPIO_WritePin
                0x0000000008002744        0xa ../../applications/hello-world/build/stm32l4xx_hal_gpio.o
                0x0000000008002744                HAL_GPIO_WritePin
 .text.HAL_GPIO_TogglePin
                0x000000000800274e        0x8 ../../applications/hello-world/build/stm32l4xx_hal_gpio.o
                0x000000000800274e                HAL_GPIO_TogglePin
 .text.HAL_DMA_Abort_IT
                0x0000000008002756       0x50 ../../applications/hello-world/build/stm32l4xx_hal_dma.o
                0x0000000008002756                HAL_DMA_Abort_IT
 *fill*         0x00000000080027a6        0x2 
 .text.HAL_PWREx_GetVoltageRange
                0x00000000080027a8       0x10 ../../applications/hello-world/build/stm32l4xx_hal_pwr_ex.o
                0x00000000080027a8                HAL_PWREx_GetVoltageRange
 .text.HAL_PWREx_ControlVoltageScaling
                0x00000000080027b8       0x90 ../../applications/hello-world/build/stm32l4xx_hal_pwr_ex.o
                0x00000000080027b8                HAL_PWREx_ControlVoltageScaling
 .text.HAL_PWREx_EnableVddIO2
                0x0000000008002848       0x10 ../../applications/hello-world/build/stm32l4xx_hal_pwr_ex.o
                0x0000000008002848                HAL_PWREx_EnableVddIO2
 .text.HAL_NVIC_SetPriorityGrouping
                0x0000000008002858       0x24 ../../applications/hello-world/build/stm32l4xx_hal_cortex.o
                0x0000000008002858                HAL_NVIC_SetPriorityGrouping
 .text.HAL_NVIC_SetPriority
                0x000000000800287c       0x68 ../../applications/hello-world/build/stm32l4xx_hal_cortex.o
                0x000000000800287c                HAL_NVIC_SetPriority
 .text.HAL_NVIC_EnableIRQ
                0x00000000080028e4       0x18 ../../applications/hello-world/build/stm32l4xx_hal_cortex.o
                0x00000000080028e4                HAL_NVIC_EnableIRQ
 .text.prvIsQueueFull
                0x00000000080028fc       0x1e ../../applications/hello-world/build/queue.o
 .text.prvIsQueueEmpty
                0x000000000800291a       0x1a ../../applications/hello-world/build/queue.o
 .text.prvCopyDataToQueue
                0x0000000008002934       0x76 ../../applications/hello-world/build/queue.o
 .text.prvCopyDataFromQueue
                0x00000000080029aa       0x24 ../../applications/hello-world/build/queue.o
 .text.prvUnlockQueue
                0x00000000080029ce       0x6e ../../applications/hello-world/build/queue.o
 .text.xQueueGenericReset
                0x0000000008002a3c       0x84 ../../applications/hello-world/build/queue.o
                0x0000000008002a3c                xQueueGenericReset
 .text.prvInitialiseNewQueue
                0x0000000008002ac0       0x1c ../../applications/hello-world/build/queue.o
 .text.xQueueGenericCreate
                0x0000000008002adc       0x48 ../../applications/hello-world/build/queue.o
                0x0000000008002adc                xQueueGenericCreate
 .text.xQueueGenericSend
                0x0000000008002b24      0x17c ../../applications/hello-world/build/queue.o
                0x0000000008002b24                xQueueGenericSend
 .text.xQueueGenericSendFromISR
                0x0000000008002ca0       0xcc ../../applications/hello-world/build/queue.o
                0x0000000008002ca0                xQueueGenericSendFromISR
 .text.xQueueReceive
                0x0000000008002d6c      0x158 ../../applications/hello-world/build/queue.o
                0x0000000008002d6c                xQueueReceive
 .text.vQueueAddToRegistry
                0x0000000008002ec4       0x28 ../../applications/hello-world/build/queue.o
                0x0000000008002ec4                vQueueAddToRegistry
 .text.vQueueWaitForMessageRestricted
                0x0000000008002eec       0x52 ../../applications/hello-world/build/queue.o
                0x0000000008002eec                vQueueWaitForMessageRestricted
 .text.vListInitialise
                0x0000000008002f3e       0x16 ../../applications/hello-world/build/list.o
                0x0000000008002f3e                vListInitialise
 .text.vListInitialiseItem
                0x0000000008002f54        0x6 ../../applications/hello-world/build/list.o
                0x0000000008002f54                vListInitialiseItem
 .text.vListInsertEnd
                0x0000000008002f5a       0x18 ../../applications/hello-world/build/list.o
                0x0000000008002f5a                vListInsertEnd
 .text.vListInsert
                0x0000000008002f72       0x34 ../../applications/hello-world/build/list.o
                0x0000000008002f72                vListInsert
 .text.uxListRemove
                0x0000000008002fa6       0x28 ../../applications/hello-world/build/list.o
                0x0000000008002fa6                uxListRemove
 *fill*         0x0000000008002fce        0x2 
 .text.prvResetNextTaskUnblockTime
                0x0000000008002fd0       0x2c ../../applications/hello-world/build/tasks.o
 .text.prvDeleteTCB
                0x0000000008002ffc       0x12 ../../applications/hello-world/build/tasks.o
 .text.prvInitialiseNewTask
                0x000000000800300e       0x80 ../../applications/hello-world/build/tasks.o
 *fill*         0x000000000800308e        0x2 
 .text.prvInitialiseTaskLists
                0x0000000008003090       0x68 ../../applications/hello-world/build/tasks.o
 .text.prvAddNewTaskToReadyList
                0x00000000080030f8       0xa8 ../../applications/hello-world/build/tasks.o
 .text.prvCheckTasksWaitingTermination
                0x00000000080031a0       0x4c ../../applications/hello-world/build/tasks.o
 .text.prvIdleTask
                0x00000000080031ec       0x28 ../../applications/hello-world/build/tasks.o
 .text.prvAddCurrentTaskToDelayedList
                0x0000000008003214       0x98 ../../applications/hello-world/build/tasks.o
 .text.xTaskCreate
                0x00000000080032ac       0x62 ../../applications/hello-world/build/tasks.o
                0x00000000080032ac                xTaskCreate
 *fill*         0x000000000800330e        0x2 
 .text.vTaskStartScheduler
                0x0000000008003310       0x84 ../../applications/hello-world/build/tasks.o
                0x0000000008003310                vTaskStartScheduler
 .text.vTaskSuspendAll
                0x0000000008003394       0x10 ../../applications/hello-world/build/tasks.o
                0x0000000008003394                vTaskSuspendAll
 .text.xTaskGetTickCount
                0x00000000080033a4        0xc ../../applications/hello-world/build/tasks.o
                0x00000000080033a4                xTaskGetTickCount
 .text.xTaskIncrementTick
                0x00000000080033b0      0x118 ../../applications/hello-world/build/tasks.o
                0x00000000080033b0                xTaskIncrementTick
 .text.xTaskResumeAll
                0x00000000080034c8       0xf4 ../../applications/hello-world/build/tasks.o
                0x00000000080034c8                xTaskResumeAll
 .text.vTaskDelay
                0x00000000080035bc       0x4c ../../applications/hello-world/build/tasks.o
                0x00000000080035bc                vTaskDelay
 .text.vTaskSwitchContext
                0x0000000008003608       0x98 ../../applications/hello-world/build/tasks.o
                0x0000000008003608                vTaskSwitchContext
 .text.vTaskPlaceOnEventList
                0x00000000080036a0       0x30 ../../applications/hello-world/build/tasks.o
                0x00000000080036a0                vTaskPlaceOnEventList
 .text.vTaskPlaceOnEventListRestricted
                0x00000000080036d0       0x38 ../../applications/hello-world/build/tasks.o
                0x00000000080036d0                vTaskPlaceOnEventListRestricted
 .text.xTaskRemoveFromEventList
                0x0000000008003708       0x8c ../../applications/hello-world/build/tasks.o
                0x0000000008003708                xTaskRemoveFromEventList
 .text.vTaskInternalSetTimeOutState
                0x0000000008003794       0x18 ../../applications/hello-world/build/tasks.o
                0x0000000008003794                vTaskInternalSetTimeOutState
 .text.xTaskCheckForTimeOut
                0x00000000080037ac       0x80 ../../applications/hello-world/build/tasks.o
                0x00000000080037ac                xTaskCheckForTimeOut
 .text.vTaskMissedYield
                0x000000000800382c        0xc ../../applications/hello-world/build/tasks.o
                0x000000000800382c                vTaskMissedYield
 .text.xTaskGetSchedulerState
                0x0000000008003838       0x20 ../../applications/hello-world/build/tasks.o
                0x0000000008003838                xTaskGetSchedulerState
 .text.xTaskPriorityDisinherit
                0x0000000008003858       0xb0 ../../applications/hello-world/build/tasks.o
                0x0000000008003858                xTaskPriorityDisinherit
 .text.prvGetNextExpireTime
                0x0000000008003908       0x20 ../../applications/hello-world/build/timers.o
 .text.prvInsertTimerInActiveList
                0x0000000008003928       0x48 ../../applications/hello-world/build/timers.o
 .text.prvCheckForValidListAndQueue
                0x0000000008003970       0x5c ../../applications/hello-world/build/timers.o
 .text.prvInitialiseNewTimer
                0x00000000080039cc       0x40 ../../applications/hello-world/build/timers.o
 .text.xTimerCreateTimerTask
                0x0000000008003a0c       0x50 ../../applications/hello-world/build/timers.o
                0x0000000008003a0c                xTimerCreateTimerTask
 .text.xTimerCreate
                0x0000000008003a5c       0x32 ../../applications/hello-world/build/timers.o
                0x0000000008003a5c                xTimerCreate
 *fill*         0x0000000008003a8e        0x2 
 .text.xTimerGenericCommand
                0x0000000008003a90       0x6c ../../applications/hello-world/build/timers.o
                0x0000000008003a90                xTimerGenericCommand
 .text.prvSwitchTimerLists
                0x0000000008003afc       0x78 ../../applications/hello-world/build/timers.o
 .text.prvSampleTimeNow
                0x0000000008003b74       0x2c ../../applications/hello-world/build/timers.o
 .text.prvProcessExpiredTimer
                0x0000000008003ba0       0x60 ../../applications/hello-world/build/timers.o
 .text.prvProcessTimerOrBlockTask
                0x0000000008003c00       0x74 ../../applications/hello-world/build/timers.o
 .text.prvProcessReceivedCommands
                0x0000000008003c74       0xe0 ../../applications/hello-world/build/timers.o
 .text.prvTimerTask
                0x0000000008003d54       0x16 ../../applications/hello-world/build/timers.o
 .text.makeFreeRtosPriority
                0x0000000008003d6a        0xc ../../applications/hello-world/build/cmsis_os.o
 .text.inHandlerMode
                0x0000000008003d76        0xc ../../applications/hello-world/build/cmsis_os.o
 .text.osKernelStart
                0x0000000008003d82        0xa ../../applications/hello-world/build/cmsis_os.o
                0x0000000008003d82                osKernelStart
 .text.osThreadCreate
                0x0000000008003d8c       0x34 ../../applications/hello-world/build/cmsis_os.o
                0x0000000008003d8c                osThreadCreate
 .text.osDelay  0x0000000008003dc0       0x12 ../../applications/hello-world/build/cmsis_os.o
                0x0000000008003dc0                osDelay
 *fill*         0x0000000008003dd2        0x2 
 .text.osTimerCreate
                0x0000000008003dd4       0x28 ../../applications/hello-world/build/cmsis_os.o
                0x0000000008003dd4                osTimerCreate
 .text.osTimerStart
                0x0000000008003dfc       0x6c ../../applications/hello-world/build/cmsis_os.o
                0x0000000008003dfc                osTimerStart
 .text.prvHeapInit
                0x0000000008003e68       0x64 ../../applications/hello-world/build/heap_4.o
 .text.prvInsertBlockIntoFreeList
                0x0000000008003ecc       0x58 ../../applications/hello-world/build/heap_4.o
 .text.pvPortMalloc
                0x0000000008003f24      0x108 ../../applications/hello-world/build/heap_4.o
                0x0000000008003f24                pvPortMalloc
 .text.vPortFree
                0x000000000800402c       0x70 ../../applications/hello-world/build/heap_4.o
                0x000000000800402c                vPortFree
 .text.prvTaskExitError
                0x000000000800409c       0x40 ../../applications/hello-world/build/port.o
 .text.prvPortStartFirstTask
                0x00000000080040dc       0x28 ../../applications/hello-world/build/port.o
 .text.vPortEnableVFP
                0x0000000008004104       0x14 ../../applications/hello-world/build/port.o
 .text.pxPortInitialiseStack
                0x0000000008004118       0x2c ../../applications/hello-world/build/port.o
                0x0000000008004118                pxPortInitialiseStack
 *fill*         0x0000000008004144        0xc 
 .text.SVC_Handler
                0x0000000008004150       0x24 ../../applications/hello-world/build/port.o
                0x0000000008004150                SVC_Handler
 .text.vPortEnterCritical
                0x0000000008004174       0x44 ../../applications/hello-world/build/port.o
                0x0000000008004174                vPortEnterCritical
 .text.vPortExitCritical
                0x00000000080041b8       0x2c ../../applications/hello-world/build/port.o
                0x00000000080041b8                vPortExitCritical
 *fill*         0x00000000080041e4        0xc 
 .text.PendSV_Handler
                0x00000000080041f0       0x64 ../../applications/hello-world/build/port.o
                0x00000000080041f0                PendSV_Handler
 .text.SysTick_Handler
                0x0000000008004254       0x2c ../../applications/hello-world/build/port.o
                0x0000000008004254                SysTick_Handler
 .text.vPortSetupTimerInterrupt
                0x0000000008004280       0x38 ../../applications/hello-world/build/port.o
                0x0000000008004280                vPortSetupTimerInterrupt
 .text.xPortStartScheduler
                0x00000000080042b8      0x110 ../../applications/hello-world/build/port.o
                0x00000000080042b8                xPortStartScheduler
 .text.vPortValidateInterruptPriority
                0x00000000080043c8       0x5c ../../applications/hello-world/build/port.o
                0x00000000080043c8                vPortValidateInterruptPriority
 .text.SystemInit
                0x0000000008004424       0x48 ../../applications/hello-world/build/system_stm32l4xx.o
                0x0000000008004424                SystemInit
 .text.OCTA_Initialize_Common_Peripherals
                0x000000000800446c       0x1c ../../applications/hello-world/build/octa.o
                0x000000000800446c                OCTA_Initialize_Common_Peripherals
 .text.OCTA_Initialize_P1_Peripherals
                0x0000000008004488       0x54 ../../applications/hello-world/build/octa.o
                0x0000000008004488                OCTA_Initialize_P1_Peripherals
 .text.OCTA_Initialize_P2_Peripherals
                0x00000000080044dc       0x54 ../../applications/hello-world/build/octa.o
                0x00000000080044dc                OCTA_Initialize_P2_Peripherals
 .text.OCTA_Initialize_P3_Peripherals
                0x0000000008004530       0x54 ../../applications/hello-world/build/octa.o
                0x0000000008004530                OCTA_Initialize_P3_Peripherals
 .text.OCTA_Initialize_Platform
                0x0000000008004584       0x14 ../../applications/hello-world/build/octa.o
                0x0000000008004584                OCTA_Initialize_Platform
 .text.USB_UART_Init
                0x0000000008004598       0x34 ../../applications/hello-world/build/uart.o
                0x0000000008004598                USB_UART_Init
 .text.__io_putchar
                0x00000000080045cc       0x24 ../../applications/hello-world/build/uart.o
                0x00000000080045cc                __io_putchar
 .text._write   0x00000000080045f0       0x1c ../../applications/hello-world/build/uart.o
                0x00000000080045f0                _write
 .text.FLASH_SPI_Init
                0x000000000800460c       0x4c ../../applications/hello-world/build/spi.o
                0x000000000800460c                FLASH_SPI_Init
 .text.OCTA_IWDG_Init
                0x0000000008004658       0x2c ../../applications/hello-world/build/iwdg.o
                0x0000000008004658                OCTA_IWDG_Init
 .text.IWDG_feed
                0x0000000008004684       0x10 ../../applications/hello-world/build/iwdg.o
                0x0000000008004684                IWDG_feed
 .text.OCTA_GPIO_Init
                0x0000000008004694      0x2fc ../../applications/hello-world/build/gpio.o
                0x0000000008004694                OCTA_GPIO_Init
 .text.SystemClock_Config
                0x0000000008004990       0xb8 ../../applications/hello-world/build/sysclock.o
                0x0000000008004990                SystemClock_Config
 .text.HAL_MspInit
                0x0000000008004a48       0x40 ../../applications/hello-world/build/stm32l4xx_hal_msp.o
                0x0000000008004a48                HAL_MspInit
 .text.HAL_I2C_MspInit
                0x0000000008004a88      0x18c ../../applications/hello-world/build/stm32l4xx_hal_msp.o
                0x0000000008004a88                HAL_I2C_MspInit
 .text.HAL_UART_MspInit
                0x0000000008004c14      0x188 ../../applications/hello-world/build/stm32l4xx_hal_msp.o
                0x0000000008004c14                HAL_UART_MspInit
 .text.HAL_SPI_MspInit
                0x0000000008004d9c      0x160 ../../applications/hello-world/build/stm32l4xx_hal_msp.o
                0x0000000008004d9c                HAL_SPI_MspInit
 .text.HAL_InitTick
                0x0000000008004efc       0x78 ../../applications/hello-world/build/stm32l4xx_hal_timebase_tim.o
                0x0000000008004efc                HAL_InitTick
 .text.NMI_Handler
                0x0000000008004f74        0x2 ../../applications/hello-world/build/stm32l4xx_it.o
                0x0000000008004f74                NMI_Handler
 .text.HardFault_Handler
                0x0000000008004f76        0x2 ../../applications/hello-world/build/stm32l4xx_it.o
                0x0000000008004f76                HardFault_Handler
 .text.MemManage_Handler
                0x0000000008004f78        0x2 ../../applications/hello-world/build/stm32l4xx_it.o
                0x0000000008004f78                MemManage_Handler
 .text.BusFault_Handler
                0x0000000008004f7a        0x2 ../../applications/hello-world/build/stm32l4xx_it.o
                0x0000000008004f7a                BusFault_Handler
 .text.UsageFault_Handler
                0x0000000008004f7c        0x2 ../../applications/hello-world/build/stm32l4xx_it.o
                0x0000000008004f7c                UsageFault_Handler
 .text.DebugMon_Handler
                0x0000000008004f7e        0x2 ../../applications/hello-world/build/stm32l4xx_it.o
                0x0000000008004f7e                DebugMon_Handler
 .text.TIM1_UP_TIM16_IRQHandler
                0x0000000008004f80       0x10 ../../applications/hello-world/build/stm32l4xx_it.o
                0x0000000008004f80                TIM1_UP_TIM16_IRQHandler
 .text.USART2_IRQHandler
                0x0000000008004f90       0x10 ../../applications/hello-world/build/stm32l4xx_it.o
                0x0000000008004f90                USART2_IRQHandler
 .text.USART3_IRQHandler
                0x0000000008004fa0       0x10 ../../applications/hello-world/build/stm32l4xx_it.o
                0x0000000008004fa0                USART3_IRQHandler
 .text.UART5_IRQHandler
                0x0000000008004fb0       0x10 ../../applications/hello-world/build/stm32l4xx_it.o
                0x0000000008004fb0                UART5_IRQHandler
 .text.SPI1_IRQHandler
                0x0000000008004fc0       0x10 ../../applications/hello-world/build/stm32l4xx_it.o
                0x0000000008004fc0                SPI1_IRQHandler
 .text.SPI2_IRQHandler
                0x0000000008004fd0       0x10 ../../applications/hello-world/build/stm32l4xx_it.o
                0x0000000008004fd0                SPI2_IRQHandler
 .text.SPI3_IRQHandler
                0x0000000008004fe0       0x10 ../../applications/hello-world/build/stm32l4xx_it.o
                0x0000000008004fe0                SPI3_IRQHandler
 .text.common_I2C_Init
                0x0000000008004ff0       0x58 ../../applications/hello-world/build/i2c.o
                0x0000000008004ff0                common_I2C_Init
 .text.Reset_Handler
                0x0000000008005048       0x50 ../../applications/hello-world/build/startup_stm32l496xx.o
                0x0000000008005048                Reset_Handler
 .text.Default_Handler
                0x0000000008005098        0x2 ../../applications/hello-world/build/startup_stm32l496xx.o
                0x0000000008005098                RTC_Alarm_IRQHandler
                0x0000000008005098                EXTI2_IRQHandler
                0x0000000008005098                TIM8_TRG_COM_IRQHandler
                0x0000000008005098                TIM8_CC_IRQHandler
                0x0000000008005098                TIM1_CC_IRQHandler
                0x0000000008005098                TSC_IRQHandler
                0x0000000008005098                TAMP_STAMP_IRQHandler
                0x0000000008005098                CAN2_RX1_IRQHandler
                0x0000000008005098                EXTI3_IRQHandler
                0x0000000008005098                LPTIM2_IRQHandler
                0x0000000008005098                DFSDM1_FLT1_IRQHandler
                0x0000000008005098                I2C3_ER_IRQHandler
                0x0000000008005098                DFSDM1_FLT2_IRQHandler
                0x0000000008005098                EXTI0_IRQHandler
                0x0000000008005098                I2C2_EV_IRQHandler
                0x0000000008005098                CAN1_RX0_IRQHandler
                0x0000000008005098                FPU_IRQHandler
                0x0000000008005098                CAN2_SCE_IRQHandler
                0x0000000008005098                ADC1_2_IRQHandler
                0x0000000008005098                TIM6_DAC_IRQHandler
                0x0000000008005098                DCMI_IRQHandler
                0x0000000008005098                CAN2_RX0_IRQHandler
                0x0000000008005098                TIM8_UP_IRQHandler
                0x0000000008005098                DMA2_Channel2_IRQHandler
                0x0000000008005098                DMA1_Channel4_IRQHandler
                0x0000000008005098                SAI2_IRQHandler
                0x0000000008005098                DFSDM1_FLT3_IRQHandler
                0x0000000008005098                DMA1_Channel7_IRQHandler
                0x0000000008005098                CAN1_RX1_IRQHandler
                0x0000000008005098                LCD_IRQHandler
                0x0000000008005098                ADC3_IRQHandler
                0x0000000008005098                TIM4_IRQHandler
                0x0000000008005098                DMA2_Channel1_IRQHandler
                0x0000000008005098                QUADSPI_IRQHandler
                0x0000000008005098                I2C1_EV_IRQHandler
                0x0000000008005098                DMA1_Channel6_IRQHandler
                0x0000000008005098                UART4_IRQHandler
                0x0000000008005098                DMA2_Channel4_IRQHandler
                0x0000000008005098                TIM3_IRQHandler
                0x0000000008005098                RCC_IRQHandler
                0x0000000008005098                DMA1_Channel1_IRQHandler
                0x0000000008005098                Default_Handler
                0x0000000008005098                DMA2_Channel7_IRQHandler
                0x0000000008005098                EXTI15_10_IRQHandler
                0x0000000008005098                TIM7_IRQHandler
                0x0000000008005098                SDMMC1_IRQHandler
                0x0000000008005098                CAN2_TX_IRQHandler
                0x0000000008005098                TIM5_IRQHandler
                0x0000000008005098                I2C3_EV_IRQHandler
                0x0000000008005098                EXTI9_5_IRQHandler
                0x0000000008005098                RTC_WKUP_IRQHandler
                0x0000000008005098                PVD_PVM_IRQHandler
                0x0000000008005098                CAN1_TX_IRQHandler
                0x0000000008005098                DMA2_Channel5_IRQHandler
                0x0000000008005098                CRS_IRQHandler
                0x0000000008005098                DMA1_Channel5_IRQHandler
                0x0000000008005098                EXTI4_IRQHandler
                0x0000000008005098                RNG_IRQHandler
                0x0000000008005098                TIM1_TRG_COM_TIM17_IRQHandler
                0x0000000008005098                DMA1_Channel3_IRQHandler
                0x0000000008005098                COMP_IRQHandler
                0x0000000008005098                WWDG_IRQHandler
                0x0000000008005098                I2C4_EV_IRQHandler
                0x0000000008005098                LPUART1_IRQHandler
                0x0000000008005098                DMA2_Channel6_IRQHandler
                0x0000000008005098                TIM2_IRQHandler
                0x0000000008005098                EXTI1_IRQHandler
                0x0000000008005098                DFSDM1_FLT0_IRQHandler
                0x0000000008005098                I2C2_ER_IRQHandler
                0x0000000008005098                DMA1_Channel2_IRQHandler
                0x0000000008005098                TIM8_BRK_IRQHandler
                0x0000000008005098                CAN1_SCE_IRQHandler
                0x0000000008005098                FLASH_IRQHandler
                0x0000000008005098                USART1_IRQHandler
                0x0000000008005098                OTG_FS_IRQHandler
                0x0000000008005098                I2C1_ER_IRQHandler
                0x0000000008005098                FMC_IRQHandler
                0x0000000008005098                SWPMI1_IRQHandler
                0x0000000008005098                LPTIM1_IRQHandler
                0x0000000008005098                I2C4_ER_IRQHandler
                0x0000000008005098                SAI1_IRQHandler
                0x0000000008005098                DMA2_Channel3_IRQHandler
                0x0000000008005098                TIM1_BRK_TIM15_IRQHandler
 *fill*         0x000000000800509a        0x2 
 .text.__libc_init_array
                0x000000000800509c       0x48 /home/mats/gcc-arm-none-eabi-7-2018-q2-update/bin/../lib/gcc/arm-none-eabi/7.3.1/../../../../arm-none-eabi/lib/thumb/v7e-m/fpv4-sp/hard/libc_nano.a(lib_a-init.o)
                0x000000000800509c                __libc_init_array
 .text.memcpy   0x00000000080050e4       0x16 /home/mats/gcc-arm-none-eabi-7-2018-q2-update/bin/../lib/gcc/arm-none-eabi/7.3.1/../../../../arm-none-eabi/lib/thumb/v7e-m/fpv4-sp/hard/libc_nano.a(lib_a-memcpy-stub.o)
                0x00000000080050e4                memcpy
 .text.memset   0x00000000080050fa       0x10 /home/mats/gcc-arm-none-eabi-7-2018-q2-update/bin/../lib/gcc/arm-none-eabi/7.3.1/../../../../arm-none-eabi/lib/thumb/v7e-m/fpv4-sp/hard/libc_nano.a(lib_a-memset.o)
                0x00000000080050fa                memset
 *fill*         0x000000000800510a        0x2 
 .text._puts_r  0x000000000800510c       0xb8 /home/mats/gcc-arm-none-eabi-7-2018-q2-update/bin/../lib/gcc/arm-none-eabi/7.3.1/../../../../arm-none-eabi/lib/thumb/v7e-m/fpv4-sp/hard/libc_nano.a(lib_a-puts.o)
                0x000000000800510c                _puts_r
 .text.puts     0x00000000080051c4       0x10 /home/mats/gcc-arm-none-eabi-7-2018-q2-update/bin/../lib/gcc/arm-none-eabi/7.3.1/../../../../arm-none-eabi/lib/thumb/v7e-m/fpv4-sp/hard/libc_nano.a(lib_a-puts.o)
                0x00000000080051c4                puts
 .text.__swbuf_r
                0x00000000080051d4       0xa4 /home/mats/gcc-arm-none-eabi-7-2018-q2-update/bin/../lib/gcc/arm-none-eabi/7.3.1/../../../../arm-none-eabi/lib/thumb/v7e-m/fpv4-sp/hard/libc_nano.a(lib_a-wbuf.o)
                0x00000000080051d4                __swbuf_r
 .text.__swsetup_r
                0x0000000008005278       0xdc /home/mats/gcc-arm-none-eabi-7-2018-q2-update/bin/../lib/gcc/arm-none-eabi/7.3.1/../../../../arm-none-eabi/lib/thumb/v7e-m/fpv4-sp/hard/libc_nano.a(lib_a-wsetup.o)
                0x0000000008005278                __swsetup_r
 .text.__sflush_r
                0x0000000008005354      0x10c /home/mats/gcc-arm-none-eabi-7-2018-q2-update/bin/../lib/gcc/arm-none-eabi/7.3.1/../../../../arm-none-eabi/lib/thumb/v7e-m/fpv4-sp/hard/libc_nano.a(lib_a-fflush.o)
                0x0000000008005354                __sflush_r
 .text._fflush_r
                0x0000000008005460       0x54 /home/mats/gcc-arm-none-eabi-7-2018-q2-update/bin/../lib/gcc/arm-none-eabi/7.3.1/../../../../arm-none-eabi/lib/thumb/v7e-m/fpv4-sp/hard/libc_nano.a(lib_a-fflush.o)
                0x0000000008005460                _fflush_r
 .text.std      0x00000000080054b4       0x48 /home/mats/gcc-arm-none-eabi-7-2018-q2-update/bin/../lib/gcc/arm-none-eabi/7.3.1/../../../../arm-none-eabi/lib/thumb/v7e-m/fpv4-sp/hard/libc_nano.a(lib_a-findfp.o)
 .text._cleanup_r
                0x00000000080054fc        0xc /home/mats/gcc-arm-none-eabi-7-2018-q2-update/bin/../lib/gcc/arm-none-eabi/7.3.1/../../../../arm-none-eabi/lib/thumb/v7e-m/fpv4-sp/hard/libc_nano.a(lib_a-findfp.o)
                0x00000000080054fc                _cleanup_r
 .text.__sfmoreglue
                0x0000000008005508       0x2c /home/mats/gcc-arm-none-eabi-7-2018-q2-update/bin/../lib/gcc/arm-none-eabi/7.3.1/../../../../arm-none-eabi/lib/thumb/v7e-m/fpv4-sp/hard/libc_nano.a(lib_a-findfp.o)
                0x0000000008005508                __sfmoreglue
 .text.__sinit  0x0000000008005534       0x60 /home/mats/gcc-arm-none-eabi-7-2018-q2-update/bin/../lib/gcc/arm-none-eabi/7.3.1/../../../../arm-none-eabi/lib/thumb/v7e-m/fpv4-sp/hard/libc_nano.a(lib_a-findfp.o)
                0x0000000008005534                __sinit
 .text.__sfp    0x0000000008005594       0x78 /home/mats/gcc-arm-none-eabi-7-2018-q2-update/bin/../lib/gcc/arm-none-eabi/7.3.1/../../../../arm-none-eabi/lib/thumb/v7e-m/fpv4-sp/hard/libc_nano.a(lib_a-findfp.o)
                0x0000000008005594                __sfp
 .text._fwalk_reent
                0x000000000800560c       0x3c /home/mats/gcc-arm-none-eabi-7-2018-q2-update/bin/../lib/gcc/arm-none-eabi/7.3.1/../../../../arm-none-eabi/lib/thumb/v7e-m/fpv4-sp/hard/libc_nano.a(lib_a-fwalk.o)
                0x000000000800560c                _fwalk_reent
 .text.__swhatbuf_r
                0x0000000008005648       0x48 /home/mats/gcc-arm-none-eabi-7-2018-q2-update/bin/../lib/gcc/arm-none-eabi/7.3.1/../../../../arm-none-eabi/lib/thumb/v7e-m/fpv4-sp/hard/libc_nano.a(lib_a-makebuf.o)
                0x0000000008005648                __swhatbuf_r
 .text.__smakebuf_r
                0x0000000008005690       0x80 /home/mats/gcc-arm-none-eabi-7-2018-q2-update/bin/../lib/gcc/arm-none-eabi/7.3.1/../../../../arm-none-eabi/lib/thumb/v7e-m/fpv4-sp/hard/libc_nano.a(lib_a-makebuf.o)
                0x0000000008005690                __smakebuf_r
 .text._free_r  0x0000000008005710       0x9c /home/mats/gcc-arm-none-eabi-7-2018-q2-update/bin/../lib/gcc/arm-none-eabi/7.3.1/../../../../arm-none-eabi/lib/thumb/v7e-m/fpv4-sp/hard/libc_nano.a(lib_a-nano-freer.o)
                0x0000000008005710                _free_r
 .text._malloc_r
                0x00000000080057ac       0xb4 /home/mats/gcc-arm-none-eabi-7-2018-q2-update/bin/../lib/gcc/arm-none-eabi/7.3.1/../../../../arm-none-eabi/lib/thumb/v7e-m/fpv4-sp/hard/libc_nano.a(lib_a-nano-mallocr.o)
                0x00000000080057ac                _malloc_r
 .text._sbrk_r  0x0000000008005860       0x20 /home/mats/gcc-arm-none-eabi-7-2018-q2-update/bin/../lib/gcc/arm-none-eabi/7.3.1/../../../../arm-none-eabi/lib/thumb/v7e-m/fpv4-sp/hard/libc_nano.a(lib_a-sbrkr.o)
                0x0000000008005860                _sbrk_r
 .text.__sread  0x0000000008005880       0x22 /home/mats/gcc-arm-none-eabi-7-2018-q2-update/bin/../lib/gcc/arm-none-eabi/7.3.1/../../../../arm-none-eabi/lib/thumb/v7e-m/fpv4-sp/hard/libc_nano.a(lib_a-stdio.o)
                0x0000000008005880                __sread
 .text.__swrite
                0x00000000080058a2       0x38 /home/mats/gcc-arm-none-eabi-7-2018-q2-update/bin/../lib/gcc/arm-none-eabi/7.3.1/../../../../arm-none-eabi/lib/thumb/v7e-m/fpv4-sp/hard/libc_nano.a(lib_a-stdio.o)
                0x00000000080058a2                __swrite
 .text.__sseek  0x00000000080058da       0x24 /home/mats/gcc-arm-none-eabi-7-2018-q2-update/bin/../lib/gcc/arm-none-eabi/7.3.1/../../../../arm-none-eabi/lib/thumb/v7e-m/fpv4-sp/hard/libc_nano.a(lib_a-stdio.o)
                0x00000000080058da                __sseek
 .text.__sclose
                0x00000000080058fe        0x8 /home/mats/gcc-arm-none-eabi-7-2018-q2-update/bin/../lib/gcc/arm-none-eabi/7.3.1/../../../../arm-none-eabi/lib/thumb/v7e-m/fpv4-sp/hard/libc_nano.a(lib_a-stdio.o)
                0x00000000080058fe                __sclose
 *fill*         0x0000000008005906        0x2 
 .text._write_r
                0x0000000008005908       0x24 /home/mats/gcc-arm-none-eabi-7-2018-q2-update/bin/../lib/gcc/arm-none-eabi/7.3.1/../../../../arm-none-eabi/lib/thumb/v7e-m/fpv4-sp/hard/libc_nano.a(lib_a-writer.o)
                0x0000000008005908                _write_r
 .text._close_r
                0x000000000800592c       0x20 /home/mats/gcc-arm-none-eabi-7-2018-q2-update/bin/../lib/gcc/arm-none-eabi/7.3.1/../../../../arm-none-eabi/lib/thumb/v7e-m/fpv4-sp/hard/libc_nano.a(lib_a-closer.o)
                0x000000000800592c                _close_r
 .text._fstat_r
                0x000000000800594c       0x24 /home/mats/gcc-arm-none-eabi-7-2018-q2-update/bin/../lib/gcc/arm-none-eabi/7.3.1/../../../../arm-none-eabi/lib/thumb/v7e-m/fpv4-sp/hard/libc_nano.a(lib_a-fstatr.o)
                0x000000000800594c                _fstat_r
 .text._isatty_r
                0x0000000008005970       0x20 /home/mats/gcc-arm-none-eabi-7-2018-q2-update/bin/../lib/gcc/arm-none-eabi/7.3.1/../../../../arm-none-eabi/lib/thumb/v7e-m/fpv4-sp/hard/libc_nano.a(lib_a-isattyr.o)
                0x0000000008005970                _isatty_r
 .text._lseek_r
                0x0000000008005990       0x24 /home/mats/gcc-arm-none-eabi-7-2018-q2-update/bin/../lib/gcc/arm-none-eabi/7.3.1/../../../../arm-none-eabi/lib/thumb/v7e-m/fpv4-sp/hard/libc_nano.a(lib_a-lseekr.o)
                0x0000000008005990                _lseek_r
 .text.__malloc_lock
                0x00000000080059b4        0x2 /home/mats/gcc-arm-none-eabi-7-2018-q2-update/bin/../lib/gcc/arm-none-eabi/7.3.1/../../../../arm-none-eabi/lib/thumb/v7e-m/fpv4-sp/hard/libc_nano.a(lib_a-mlock.o)
                0x00000000080059b4                __malloc_lock
 .text.__malloc_unlock
                0x00000000080059b6        0x2 /home/mats/gcc-arm-none-eabi-7-2018-q2-update/bin/../lib/gcc/arm-none-eabi/7.3.1/../../../../arm-none-eabi/lib/thumb/v7e-m/fpv4-sp/hard/libc_nano.a(lib_a-mlock.o)
                0x00000000080059b6                __malloc_unlock
 .text._read_r  0x00000000080059b8       0x24 /home/mats/gcc-arm-none-eabi-7-2018-q2-update/bin/../lib/gcc/arm-none-eabi/7.3.1/../../../../arm-none-eabi/lib/thumb/v7e-m/fpv4-sp/hard/libc_nano.a(lib_a-readr.o)
                0x00000000080059b8                _read_r
 .text._close   0x00000000080059dc       0x10 /home/mats/gcc-arm-none-eabi-7-2018-q2-update/bin/../lib/gcc/arm-none-eabi/7.3.1/../../../../arm-none-eabi/lib/thumb/v7e-m/fpv4-sp/hard/libnosys.a(close.o)
                0x00000000080059dc                _close
 .text._fstat   0x00000000080059ec       0x10 /home/mats/gcc-arm-none-eabi-7-2018-q2-update/bin/../lib/gcc/arm-none-eabi/7.3.1/../../../../arm-none-eabi/lib/thumb/v7e-m/fpv4-sp/hard/libnosys.a(fstat.o)
                0x00000000080059ec                _fstat
 .text._isatty  0x00000000080059fc       0x10 /home/mats/gcc-arm-none-eabi-7-2018-q2-update/bin/../lib/gcc/arm-none-eabi/7.3.1/../../../../arm-none-eabi/lib/thumb/v7e-m/fpv4-sp/hard/libnosys.a(isatty.o)
                0x00000000080059fc                _isatty
 .text._lseek   0x0000000008005a0c       0x10 /home/mats/gcc-arm-none-eabi-7-2018-q2-update/bin/../lib/gcc/arm-none-eabi/7.3.1/../../../../arm-none-eabi/lib/thumb/v7e-m/fpv4-sp/hard/libnosys.a(lseek.o)
                0x0000000008005a0c                _lseek
 .text._read    0x0000000008005a1c       0x10 /home/mats/gcc-arm-none-eabi-7-2018-q2-update/bin/../lib/gcc/arm-none-eabi/7.3.1/../../../../arm-none-eabi/lib/thumb/v7e-m/fpv4-sp/hard/libnosys.a(read.o)
                0x0000000008005a1c                _read
 .text._sbrk    0x0000000008005a2c       0x1c /home/mats/gcc-arm-none-eabi-7-2018-q2-update/bin/../lib/gcc/arm-none-eabi/7.3.1/../../../../arm-none-eabi/lib/thumb/v7e-m/fpv4-sp/hard/libnosys.a(sbrk.o)
                0x0000000008005a2c                _sbrk
 *(.glue_7)
 .glue_7        0x0000000008005a48        0x0 linker stubs
 *(.glue_7t)
 .glue_7t       0x0000000008005a48        0x0 linker stubs
 *(.eh_frame)
 .eh_frame      0x0000000008005a48        0x0 /home/mats/gcc-arm-none-eabi-7-2018-q2-update/bin/../lib/gcc/arm-none-eabi/7.3.1/thumb/v7e-m/fpv4-sp/hard/crtbegin.o
 *(.init)
 .init          0x0000000008005a48        0x4 /home/mats/gcc-arm-none-eabi-7-2018-q2-update/bin/../lib/gcc/arm-none-eabi/7.3.1/thumb/v7e-m/fpv4-sp/hard/crti.o
                0x0000000008005a48                _init
 .init          0x0000000008005a4c        0x8 /home/mats/gcc-arm-none-eabi-7-2018-q2-update/bin/../lib/gcc/arm-none-eabi/7.3.1/thumb/v7e-m/fpv4-sp/hard/crtn.o
 *(.fini)
 .fini          0x0000000008005a54        0x4 /home/mats/gcc-arm-none-eabi-7-2018-q2-update/bin/../lib/gcc/arm-none-eabi/7.3.1/thumb/v7e-m/fpv4-sp/hard/crti.o
                0x0000000008005a54                _fini
 .fini          0x0000000008005a58        0x8 /home/mats/gcc-arm-none-eabi-7-2018-q2-update/bin/../lib/gcc/arm-none-eabi/7.3.1/thumb/v7e-m/fpv4-sp/hard/crtn.o
                0x0000000008005a60                . = ALIGN (0x8)
                0x0000000008005a60                _etext = .

.vfp11_veneer   0x0000000008005a60        0x0
 .vfp11_veneer  0x0000000008005a60        0x0 linker stubs

.v4_bx          0x0000000008005a60        0x0
 .v4_bx         0x0000000008005a60        0x0 linker stubs

.iplt           0x0000000008005a60        0x0
 .iplt          0x0000000008005a60        0x0 /home/mats/gcc-arm-none-eabi-7-2018-q2-update/bin/../lib/gcc/arm-none-eabi/7.3.1/thumb/v7e-m/fpv4-sp/hard/crtbegin.o

.rodata         0x0000000008005a60      0x158
                0x0000000008005a60                . = ALIGN (0x8)
 *(.rodata)
 .rodata        0x0000000008005a60       0x14 ../../applications/hello-world/build/hello-world.o
 *(.rodata*)
 .rodata.main.str1.4
                0x0000000008005a74       0x2d ../../applications/hello-world/build/hello-world.o
 *fill*         0x0000000008005aa1        0x3 
 .rodata.printWelcome.str1.4
                0x0000000008005aa4       0x3d ../../applications/hello-world/build/hello-world.o
 *fill*         0x0000000008005ae1        0x3 
 .rodata.str1.4
                0x0000000008005ae4        0xc ../../applications/hello-world/build/hello-world.o
 .rodata.vTaskStartScheduler.str1.4
                0x0000000008005af0        0x5 ../../applications/hello-world/build/tasks.o
 *fill*         0x0000000008005af5        0x3 
 .rodata.prvCheckForValidListAndQueue.str1.4
                0x0000000008005af8        0x5 ../../applications/hello-world/build/timers.o
 *fill*         0x0000000008005afd        0x3 
 .rodata.xTimerCreateTimerTask.str1.4
                0x0000000008005b00        0x8 ../../applications/hello-world/build/timers.o
 .rodata.osTimerCreate.str1.4
                0x0000000008005b08        0x8 ../../applications/hello-world/build/cmsis_os.o
                                          0x1 (size before relaxing)
 .rodata.AHBPrescTable
                0x0000000008005b08       0x10 ../../applications/hello-world/build/system_stm32l4xx.o
                0x0000000008005b08                AHBPrescTable
 .rodata.APBPrescTable
                0x0000000008005b18        0x8 ../../applications/hello-world/build/system_stm32l4xx.o
                0x0000000008005b18                APBPrescTable
 .rodata.MSIRangeTable
                0x0000000008005b20       0x30 ../../applications/hello-world/build/system_stm32l4xx.o
                0x0000000008005b20                MSIRangeTable
 .rodata._global_impure_ptr
                0x0000000008005b50        0x4 /home/mats/gcc-arm-none-eabi-7-2018-q2-update/bin/../lib/gcc/arm-none-eabi/7.3.1/../../../../arm-none-eabi/lib/thumb/v7e-m/fpv4-sp/hard/libc_nano.a(lib_a-impure.o)
                0x0000000008005b50                _global_impure_ptr
 .rodata.__sf_fake_stderr
                0x0000000008005b54       0x20 /home/mats/gcc-arm-none-eabi-7-2018-q2-update/bin/../lib/gcc/arm-none-eabi/7.3.1/../../../../arm-none-eabi/lib/thumb/v7e-m/fpv4-sp/hard/libc_nano.a(lib_a-findfp.o)
                0x0000000008005b54                __sf_fake_stderr
 .rodata.__sf_fake_stdin
                0x0000000008005b74       0x20 /home/mats/gcc-arm-none-eabi-7-2018-q2-update/bin/../lib/gcc/arm-none-eabi/7.3.1/../../../../arm-none-eabi/lib/thumb/v7e-m/fpv4-sp/hard/libc_nano.a(lib_a-findfp.o)
                0x0000000008005b74                __sf_fake_stdin
 .rodata.__sf_fake_stdout
                0x0000000008005b94       0x20 /home/mats/gcc-arm-none-eabi-7-2018-q2-update/bin/../lib/gcc/arm-none-eabi/7.3.1/../../../../arm-none-eabi/lib/thumb/v7e-m/fpv4-sp/hard/libc_nano.a(lib_a-findfp.o)
                0x0000000008005b94                __sf_fake_stdout
                0x0000000008005bb8                . = ALIGN (0x8)
 *fill*         0x0000000008005bb4        0x4 

.ARM.extab      0x0000000008005bb8        0x0
                0x0000000008005bb8                . = ALIGN (0x8)
 *(.ARM.extab* .gnu.linkonce.armextab.*)
                0x0000000008005bb8                . = ALIGN (0x8)

.ARM            0x0000000008005bb8        0x8
                0x0000000008005bb8                . = ALIGN (0x8)
                0x0000000008005bb8                __exidx_start = .
 *(.ARM.exidx*)
 .ARM.exidx     0x0000000008005bb8        0x8 /home/mats/gcc-arm-none-eabi-7-2018-q2-update/bin/../lib/gcc/arm-none-eabi/7.3.1/thumb/v7e-m/fpv4-sp/hard/libgcc.a(_udivmoddi4.o)
                0x0000000008005bc0                __exidx_end = .
                0x0000000008005bc0                . = ALIGN (0x8)

.rel.dyn        0x0000000008005bc0        0x0
 .rel.iplt      0x0000000008005bc0        0x0 /home/mats/gcc-arm-none-eabi-7-2018-q2-update/bin/../lib/gcc/arm-none-eabi/7.3.1/thumb/v7e-m/fpv4-sp/hard/crtbegin.o

.preinit_array  0x0000000008005bc0        0x0
                0x0000000008005bc0                . = ALIGN (0x8)
                0x0000000008005bc0                PROVIDE (__preinit_array_start = .)
 *(.preinit_array*)
                0x0000000008005bc0                PROVIDE (__preinit_array_end = .)
                0x0000000008005bc0                . = ALIGN (0x8)

.init_array     0x0000000008005bc0        0x8
                0x0000000008005bc0                . = ALIGN (0x8)
                0x0000000008005bc0                PROVIDE (__init_array_start = .)
 *(SORT_BY_NAME(.init_array.*))
 *(.init_array*)
 .init_array    0x0000000008005bc0        0x4 /home/mats/gcc-arm-none-eabi-7-2018-q2-update/bin/../lib/gcc/arm-none-eabi/7.3.1/thumb/v7e-m/fpv4-sp/hard/crtbegin.o
                0x0000000008005bc4                PROVIDE (__init_array_end = .)
                0x0000000008005bc8                . = ALIGN (0x8)
 *fill*         0x0000000008005bc4        0x4 

.fini_array     0x0000000008005bc8        0x8
                0x0000000008005bc8                . = ALIGN (0x8)
                [!provide]                        PROVIDE (__fini_array_start = .)
 *(SORT_BY_NAME(.fini_array.*))
 *(.fini_array*)
 .fini_array    0x0000000008005bc8        0x4 /home/mats/gcc-arm-none-eabi-7-2018-q2-update/bin/../lib/gcc/arm-none-eabi/7.3.1/thumb/v7e-m/fpv4-sp/hard/crtbegin.o
                [!provide]                        PROVIDE (__fini_array_end = .)
                0x0000000008005bd0                . = ALIGN (0x8)
 *fill*         0x0000000008005bcc        0x4 
                0x0000000008005bd0                _sidata = LOADADDR (.data)

.data           0x0000000020000000       0x70 load address 0x0000000008005bd0
                0x0000000020000000                . = ALIGN (0x8)
                0x0000000020000000                _sdata = .
 *(.data)
 *(.data*)
 .data.uxCriticalNesting
                0x0000000020000000        0x4 ../../applications/hello-world/build/port.o
 .data.SystemCoreClock
                0x0000000020000004        0x4 ../../applications/hello-world/build/system_stm32l4xx.o
                0x0000000020000004                SystemCoreClock
 .data._impure_ptr
                0x0000000020000008        0x4 /home/mats/gcc-arm-none-eabi-7-2018-q2-update/bin/../lib/gcc/arm-none-eabi/7.3.1/../../../../arm-none-eabi/lib/thumb/v7e-m/fpv4-sp/hard/libc_nano.a(lib_a-impure.o)
                0x0000000020000008                _impure_ptr
 .data.impure_data
                0x000000002000000c       0x60 /home/mats/gcc-arm-none-eabi-7-2018-q2-update/bin/../lib/gcc/arm-none-eabi/7.3.1/../../../../arm-none-eabi/lib/thumb/v7e-m/fpv4-sp/hard/libc_nano.a(lib_a-impure.o)
                0x0000000020000070                . = ALIGN (0x8)
 *fill*         0x000000002000006c        0x4 
                0x0000000020000070                _edata = .

.igot.plt       0x0000000020000070        0x0 load address 0x0000000008005c40
 .igot.plt      0x0000000020000070        0x0 /home/mats/gcc-arm-none-eabi-7-2018-q2-update/bin/../lib/gcc/arm-none-eabi/7.3.1/thumb/v7e-m/fpv4-sp/hard/crtbegin.o
                0x0000000020000070                . = ALIGN (0x4)

.bss            0x0000000020000070    0x2487c load address 0x0000000008005c40
                0x0000000020000070                _sbss = .
                0x0000000020000070                __bss_start__ = _sbss
 *(.bss)
 .bss           0x0000000020000070       0x1c /home/mats/gcc-arm-none-eabi-7-2018-q2-update/bin/../lib/gcc/arm-none-eabi/7.3.1/thumb/v7e-m/fpv4-sp/hard/crtbegin.o
 *(.bss*)
 .bss.pxCurrentTCB
                0x000000002000008c        0x4 ../../applications/hello-world/build/tasks.o
                0x000000002000008c                pxCurrentTCB
 .bss.pxDelayedTaskList
                0x0000000020000090        0x4 ../../applications/hello-world/build/tasks.o
 .bss.pxOverflowDelayedTaskList
                0x0000000020000094        0x4 ../../applications/hello-world/build/tasks.o
 .bss.pxReadyTasksLists
                0x0000000020000098       0x8c ../../applications/hello-world/build/tasks.o
 .bss.uxCurrentNumberOfTasks
                0x0000000020000124        0x4 ../../applications/hello-world/build/tasks.o
 .bss.uxDeletedTasksWaitingCleanUp
                0x0000000020000128        0x4 ../../applications/hello-world/build/tasks.o
 .bss.uxPendedTicks
                0x000000002000012c        0x4 ../../applications/hello-world/build/tasks.o
 .bss.uxSchedulerSuspended
                0x0000000020000130        0x4 ../../applications/hello-world/build/tasks.o
 .bss.uxTaskNumber
                0x0000000020000134        0x4 ../../applications/hello-world/build/tasks.o
 .bss.uxTopReadyPriority
                0x0000000020000138        0x4 ../../applications/hello-world/build/tasks.o
 .bss.xDelayedTaskList1
                0x000000002000013c       0x14 ../../applications/hello-world/build/tasks.o
 .bss.xDelayedTaskList2
                0x0000000020000150       0x14 ../../applications/hello-world/build/tasks.o
 .bss.xIdleTaskHandle
                0x0000000020000164        0x4 ../../applications/hello-world/build/tasks.o
 .bss.xNextTaskUnblockTime
                0x0000000020000168        0x4 ../../applications/hello-world/build/tasks.o
 .bss.xNumOfOverflows
                0x000000002000016c        0x4 ../../applications/hello-world/build/tasks.o
 .bss.xPendingReadyList
                0x0000000020000170       0x14 ../../applications/hello-world/build/tasks.o
 .bss.xSchedulerRunning
                0x0000000020000184        0x4 ../../applications/hello-world/build/tasks.o
 .bss.xSuspendedTaskList
                0x0000000020000188       0x14 ../../applications/hello-world/build/tasks.o
 .bss.xTasksWaitingTermination
                0x000000002000019c       0x14 ../../applications/hello-world/build/tasks.o
 .bss.xTickCount
                0x00000000200001b0        0x4 ../../applications/hello-world/build/tasks.o
 .bss.xYieldPending
                0x00000000200001b4        0x4 ../../applications/hello-world/build/tasks.o
 .bss.pxCurrentTimerList
                0x00000000200001b8        0x4 ../../applications/hello-world/build/timers.o
 .bss.pxOverflowTimerList
                0x00000000200001bc        0x4 ../../applications/hello-world/build/timers.o
 .bss.xActiveTimerList1
                0x00000000200001c0       0x14 ../../applications/hello-world/build/timers.o
 .bss.xActiveTimerList2
                0x00000000200001d4       0x14 ../../applications/hello-world/build/timers.o
 .bss.xLastTime.6686
                0x00000000200001e8        0x4 ../../applications/hello-world/build/timers.o
 .bss.xTimerQueue
                0x00000000200001ec        0x4 ../../applications/hello-world/build/timers.o
 .bss.xTimerTaskHandle
                0x00000000200001f0        0x4 ../../applications/hello-world/build/timers.o
 .bss.pxEnd     0x00000000200001f4        0x4 ../../applications/hello-world/build/heap_4.o
 .bss.ucHeap    0x00000000200001f8    0x24000 ../../applications/hello-world/build/heap_4.o
 .bss.xBlockAllocatedBit
                0x00000000200241f8        0x4 ../../applications/hello-world/build/heap_4.o
 .bss.xFreeBytesRemaining
                0x00000000200241fc        0x4 ../../applications/hello-world/build/heap_4.o
 .bss.xMinimumEverFreeBytesRemaining
                0x0000000020024200        0x4 ../../applications/hello-world/build/heap_4.o
 .bss.xStart    0x0000000020024204        0x8 ../../applications/hello-world/build/heap_4.o
 .bss.ucMaxSysCallPriority
                0x000000002002420c        0x1 ../../applications/hello-world/build/port.o
 *fill*         0x000000002002420d        0x3 
 .bss.ulMaxPRIGROUPValue
                0x0000000020024210        0x4 ../../applications/hello-world/build/port.o
 .bss.__malloc_free_list
                0x0000000020024214        0x4 /home/mats/gcc-arm-none-eabi-7-2018-q2-update/bin/../lib/gcc/arm-none-eabi/7.3.1/../../../../arm-none-eabi/lib/thumb/v7e-m/fpv4-sp/hard/libc_nano.a(lib_a-nano-mallocr.o)
                0x0000000020024214                __malloc_free_list
 .bss.__malloc_sbrk_start
                0x0000000020024218        0x4 /home/mats/gcc-arm-none-eabi-7-2018-q2-update/bin/../lib/gcc/arm-none-eabi/7.3.1/../../../../arm-none-eabi/lib/thumb/v7e-m/fpv4-sp/hard/libc_nano.a(lib_a-nano-mallocr.o)
                0x0000000020024218                __malloc_sbrk_start
 .bss.heap_end.5377
                0x000000002002421c        0x4 /home/mats/gcc-arm-none-eabi-7-2018-q2-update/bin/../lib/gcc/arm-none-eabi/7.3.1/../../../../arm-none-eabi/lib/thumb/v7e-m/fpv4-sp/hard/libnosys.a(sbrk.o)
 *(COMMON)
 COMMON         0x0000000020024220      0x644 ../../applications/hello-world/build/hello-world.o
                0x0000000020024220                P3_DIO6
                0x0000000020024228                defaultTaskHandle
                0x000000002002422c                P2_DIO4
                0x0000000020024234                P3_I2C
                0x0000000020024280                P2_UART
                0x00000000200242f8                P2_DIO5
                0x0000000020024300                FLASH_SPI
                0x0000000020024364                P2_DIO1
                0x000000002002436c                P3_UART
                0x00000000200243e4                P3_DIO1
                0x00000000200243ec                P1_UART
                0x0000000020024464                P1_DIO4
                0x000000002002446c                hiwdg
                0x000000002002447c                P3_DIO2
                0x0000000020024484                P1_I2C
                0x00000000200244d0                P3_SPI
                0x0000000020024534                P1_SPI
                0x0000000020024598                USB_UART
                0x0000000020024610                common_I2C
                0x000000002002465c                P2_DIO6
                0x0000000020024664                P3_DIO3
                0x000000002002466c                BLE_UART
                0x00000000200246e4                P1_DIO6
                0x00000000200246ec                P2_DIO3
                0x00000000200246f4                P1_DIO3
                0x00000000200246fc                P2_header
                0x0000000020024728                P3_header
                0x0000000020024754                P1_header
                0x0000000020024780                P2_DIO2
                0x0000000020024788                P3_DIO5
                0x0000000020024790                P1_DIO1
                0x0000000020024798                P1_DIO5
                0x00000000200247a0                P2_SPI
                0x0000000020024804                iwdgTimId
                0x0000000020024808                P2_I2C
                0x0000000020024854                P1_DIO2
                0x000000002002485c                P3_DIO4
 COMMON         0x0000000020024864        0x4 ../../applications/hello-world/build/stm32l4xx_hal.o
                0x0000000020024864                uwTick
 COMMON         0x0000000020024868       0x40 ../../applications/hello-world/build/queue.o
                0x0000000020024868                xQueueRegistry
 COMMON         0x00000000200248a8       0x40 ../../applications/hello-world/build/stm32l4xx_hal_timebase_tim.o
                0x00000000200248a8                htim1
 COMMON         0x00000000200248e8        0x4 /home/mats/gcc-arm-none-eabi-7-2018-q2-update/bin/../lib/gcc/arm-none-eabi/7.3.1/../../../../arm-none-eabi/lib/thumb/v7e-m/fpv4-sp/hard/libc_nano.a(lib_a-reent.o)
                0x00000000200248e8                errno
                0x00000000200248ec                . = ALIGN (0x4)
                0x00000000200248ec                _ebss = .
                0x00000000200248ec                __bss_end__ = _ebss

._user_heap_stack
                0x00000000200248ec      0x604 load address 0x0000000008005c40
                0x00000000200248f0                . = ALIGN (0x8)
 *fill*         0x00000000200248ec        0x4 
                0x00000000200248f0                PROVIDE (end = .)
                [!provide]                        PROVIDE (_end = .)
                0x0000000020024af0                . = (. + _Min_Heap_Size)
 *fill*         0x00000000200248f0      0x200 
                0x0000000020024ef0                . = (. + _Min_Stack_Size)
 *fill*         0x0000000020024af0      0x400 
                0x0000000020024ef0                . = ALIGN (0x8)

/DISCARD/
 libc.a(*)
 libm.a(*)
 libgcc.a(*)

.ARM.attributes
                0x0000000000000000       0x30
 *(.ARM.attributes)
 .ARM.attributes
                0x0000000000000000       0x22 /home/mats/gcc-arm-none-eabi-7-2018-q2-update/bin/../lib/gcc/arm-none-eabi/7.3.1/thumb/v7e-m/fpv4-sp/hard/crti.o
 .ARM.attributes
                0x0000000000000022       0x34 /home/mats/gcc-arm-none-eabi-7-2018-q2-update/bin/../lib/gcc/arm-none-eabi/7.3.1/thumb/v7e-m/fpv4-sp/hard/crtbegin.o
 .ARM.attributes
                0x0000000000000056       0x39 ../../applications/hello-world/build/hello-world.o
 .ARM.attributes
                0x000000000000008f       0x39 ../../applications/hello-world/build/platform.o
 .ARM.attributes
                0x00000000000000c8       0x39 ../../applications/hello-world/build/stm32l4xx_hal_i2c.o
 .ARM.attributes
                0x0000000000000101       0x39 ../../applications/hello-world/build/stm32l4xx_hal_i2c_ex.o
 .ARM.attributes
                0x000000000000013a       0x39 ../../applications/hello-world/build/stm32l4xx_hal_spi.o
 .ARM.attributes
                0x0000000000000173       0x39 ../../applications/hello-world/build/stm32l4xx_hal_iwdg.o
 .ARM.attributes
                0x00000000000001ac       0x39 ../../applications/hello-world/build/stm32l4xx_hal_uart.o
 .ARM.attributes
                0x00000000000001e5       0x39 ../../applications/hello-world/build/stm32l4xx_hal_uart_ex.o
 .ARM.attributes
                0x000000000000021e       0x39 ../../applications/hello-world/build/stm32l4xx_hal_tim.o
 .ARM.attributes
                0x0000000000000257       0x39 ../../applications/hello-world/build/stm32l4xx_hal_tim_ex.o
 .ARM.attributes
                0x0000000000000290       0x39 ../../applications/hello-world/build/stm32l4xx_hal.o
 .ARM.attributes
                0x00000000000002c9       0x39 ../../applications/hello-world/build/stm32l4xx_hal_rcc.o
 .ARM.attributes
                0x0000000000000302       0x39 ../../applications/hello-world/build/stm32l4xx_hal_rcc_ex.o
 .ARM.attributes
                0x000000000000033b       0x39 ../../applications/hello-world/build/stm32l4xx_hal_gpio.o
 .ARM.attributes
                0x0000000000000374       0x39 ../../applications/hello-world/build/stm32l4xx_hal_dma.o
 .ARM.attributes
                0x00000000000003ad       0x39 ../../applications/hello-world/build/stm32l4xx_hal_pwr_ex.o
 .ARM.attributes
                0x00000000000003e6       0x39 ../../applications/hello-world/build/stm32l4xx_hal_cortex.o
 .ARM.attributes
                0x000000000000041f       0x39 ../../applications/hello-world/build/queue.o
 .ARM.attributes
                0x0000000000000458       0x39 ../../applications/hello-world/build/list.o
 .ARM.attributes
                0x0000000000000491       0x39 ../../applications/hello-world/build/tasks.o
 .ARM.attributes
                0x00000000000004ca       0x39 ../../applications/hello-world/build/timers.o
 .ARM.attributes
                0x0000000000000503       0x39 ../../applications/hello-world/build/cmsis_os.o
 .ARM.attributes
                0x000000000000053c       0x39 ../../applications/hello-world/build/heap_4.o
 .ARM.attributes
                0x0000000000000575       0x39 ../../applications/hello-world/build/port.o
 .ARM.attributes
                0x00000000000005ae       0x39 ../../applications/hello-world/build/system_stm32l4xx.o
 .ARM.attributes
                0x00000000000005e7       0x39 ../../applications/hello-world/build/octa.o
 .ARM.attributes
                0x0000000000000620       0x39 ../../applications/hello-world/build/uart.o
 .ARM.attributes
                0x0000000000000659       0x39 ../../applications/hello-world/build/spi.o
 .ARM.attributes
                0x0000000000000692       0x39 ../../applications/hello-world/build/iwdg.o
 .ARM.attributes
                0x00000000000006cb       0x39 ../../applications/hello-world/build/gpio.o
 .ARM.attributes
                0x0000000000000704       0x39 ../../applications/hello-world/build/sysclock.o
 .ARM.attributes
                0x000000000000073d       0x39 ../../applications/hello-world/build/stm32l4xx_hal_msp.o
 .ARM.attributes
                0x0000000000000776       0x39 ../../applications/hello-world/build/stm32l4xx_hal_timebase_tim.o
 .ARM.attributes
                0x00000000000007af       0x39 ../../applications/hello-world/build/stm32l4xx_it.o
 .ARM.attributes
                0x00000000000007e8       0x39 ../../applications/hello-world/build/i2c.o
 .ARM.attributes
                0x0000000000000821       0x21 ../../applications/hello-world/build/startup_stm32l496xx.o
 .ARM.attributes
                0x0000000000000842       0x34 /home/mats/gcc-arm-none-eabi-7-2018-q2-update/bin/../lib/gcc/arm-none-eabi/7.3.1/../../../../arm-none-eabi/lib/thumb/v7e-m/fpv4-sp/hard/libc_nano.a(lib_a-impure.o)
 .ARM.attributes
                0x0000000000000876       0x34 /home/mats/gcc-arm-none-eabi-7-2018-q2-update/bin/../lib/gcc/arm-none-eabi/7.3.1/../../../../arm-none-eabi/lib/thumb/v7e-m/fpv4-sp/hard/libc_nano.a(lib_a-init.o)
 .ARM.attributes
                0x00000000000008aa       0x34 /home/mats/gcc-arm-none-eabi-7-2018-q2-update/bin/../lib/gcc/arm-none-eabi/7.3.1/../../../../arm-none-eabi/lib/thumb/v7e-m/fpv4-sp/hard/libc_nano.a(lib_a-memcpy-stub.o)
 .ARM.attributes
                0x00000000000008de       0x34 /home/mats/gcc-arm-none-eabi-7-2018-q2-update/bin/../lib/gcc/arm-none-eabi/7.3.1/../../../../arm-none-eabi/lib/thumb/v7e-m/fpv4-sp/hard/libc_nano.a(lib_a-memset.o)
 .ARM.attributes
                0x0000000000000912       0x34 /home/mats/gcc-arm-none-eabi-7-2018-q2-update/bin/../lib/gcc/arm-none-eabi/7.3.1/../../../../arm-none-eabi/lib/thumb/v7e-m/fpv4-sp/hard/libc_nano.a(lib_a-puts.o)
 .ARM.attributes
                0x0000000000000946       0x34 /home/mats/gcc-arm-none-eabi-7-2018-q2-update/bin/../lib/gcc/arm-none-eabi/7.3.1/../../../../arm-none-eabi/lib/thumb/v7e-m/fpv4-sp/hard/libc_nano.a(lib_a-wbuf.o)
 .ARM.attributes
                0x000000000000097a       0x34 /home/mats/gcc-arm-none-eabi-7-2018-q2-update/bin/../lib/gcc/arm-none-eabi/7.3.1/../../../../arm-none-eabi/lib/thumb/v7e-m/fpv4-sp/hard/libc_nano.a(lib_a-wsetup.o)
 .ARM.attributes
                0x00000000000009ae       0x34 /home/mats/gcc-arm-none-eabi-7-2018-q2-update/bin/../lib/gcc/arm-none-eabi/7.3.1/../../../../arm-none-eabi/lib/thumb/v7e-m/fpv4-sp/hard/libc_nano.a(lib_a-fflush.o)
 .ARM.attributes
                0x00000000000009e2       0x34 /home/mats/gcc-arm-none-eabi-7-2018-q2-update/bin/../lib/gcc/arm-none-eabi/7.3.1/../../../../arm-none-eabi/lib/thumb/v7e-m/fpv4-sp/hard/libc_nano.a(lib_a-findfp.o)
 .ARM.attributes
                0x0000000000000a16       0x34 /home/mats/gcc-arm-none-eabi-7-2018-q2-update/bin/../lib/gcc/arm-none-eabi/7.3.1/../../../../arm-none-eabi/lib/thumb/v7e-m/fpv4-sp/hard/libc_nano.a(lib_a-fwalk.o)
 .ARM.attributes
                0x0000000000000a4a       0x34 /home/mats/gcc-arm-none-eabi-7-2018-q2-update/bin/../lib/gcc/arm-none-eabi/7.3.1/../../../../arm-none-eabi/lib/thumb/v7e-m/fpv4-sp/hard/libc_nano.a(lib_a-makebuf.o)
 .ARM.attributes
                0x0000000000000a7e       0x34 /home/mats/gcc-arm-none-eabi-7-2018-q2-update/bin/../lib/gcc/arm-none-eabi/7.3.1/../../../../arm-none-eabi/lib/thumb/v7e-m/fpv4-sp/hard/libc_nano.a(lib_a-nano-freer.o)
 .ARM.attributes
                0x0000000000000ab2       0x34 /home/mats/gcc-arm-none-eabi-7-2018-q2-update/bin/../lib/gcc/arm-none-eabi/7.3.1/../../../../arm-none-eabi/lib/thumb/v7e-m/fpv4-sp/hard/libc_nano.a(lib_a-nano-mallocr.o)
 .ARM.attributes
                0x0000000000000ae6       0x34 /home/mats/gcc-arm-none-eabi-7-2018-q2-update/bin/../lib/gcc/arm-none-eabi/7.3.1/../../../../arm-none-eabi/lib/thumb/v7e-m/fpv4-sp/hard/libc_nano.a(lib_a-sbrkr.o)
 .ARM.attributes
                0x0000000000000b1a       0x34 /home/mats/gcc-arm-none-eabi-7-2018-q2-update/bin/../lib/gcc/arm-none-eabi/7.3.1/../../../../arm-none-eabi/lib/thumb/v7e-m/fpv4-sp/hard/libc_nano.a(lib_a-stdio.o)
 .ARM.attributes
                0x0000000000000b4e       0x34 /home/mats/gcc-arm-none-eabi-7-2018-q2-update/bin/../lib/gcc/arm-none-eabi/7.3.1/../../../../arm-none-eabi/lib/thumb/v7e-m/fpv4-sp/hard/libc_nano.a(lib_a-writer.o)
 .ARM.attributes
                0x0000000000000b82       0x34 /home/mats/gcc-arm-none-eabi-7-2018-q2-update/bin/../lib/gcc/arm-none-eabi/7.3.1/../../../../arm-none-eabi/lib/thumb/v7e-m/fpv4-sp/hard/libc_nano.a(lib_a-closer.o)
 .ARM.attributes
                0x0000000000000bb6       0x34 /home/mats/gcc-arm-none-eabi-7-2018-q2-update/bin/../lib/gcc/arm-none-eabi/7.3.1/../../../../arm-none-eabi/lib/thumb/v7e-m/fpv4-sp/hard/libc_nano.a(lib_a-fstatr.o)
 .ARM.attributes
                0x0000000000000bea       0x34 /home/mats/gcc-arm-none-eabi-7-2018-q2-update/bin/../lib/gcc/arm-none-eabi/7.3.1/../../../../arm-none-eabi/lib/thumb/v7e-m/fpv4-sp/hard/libc_nano.a(lib_a-isattyr.o)
 .ARM.attributes
                0x0000000000000c1e       0x34 /home/mats/gcc-arm-none-eabi-7-2018-q2-update/bin/../lib/gcc/arm-none-eabi/7.3.1/../../../../arm-none-eabi/lib/thumb/v7e-m/fpv4-sp/hard/libc_nano.a(lib_a-lseekr.o)
 .ARM.attributes
                0x0000000000000c52       0x34 /home/mats/gcc-arm-none-eabi-7-2018-q2-update/bin/../lib/gcc/arm-none-eabi/7.3.1/../../../../arm-none-eabi/lib/thumb/v7e-m/fpv4-sp/hard/libc_nano.a(lib_a-mlock.o)
 .ARM.attributes
                0x0000000000000c86       0x34 /home/mats/gcc-arm-none-eabi-7-2018-q2-update/bin/../lib/gcc/arm-none-eabi/7.3.1/../../../../arm-none-eabi/lib/thumb/v7e-m/fpv4-sp/hard/libc_nano.a(lib_a-readr.o)
 .ARM.attributes
                0x0000000000000cba       0x34 /home/mats/gcc-arm-none-eabi-7-2018-q2-update/bin/../lib/gcc/arm-none-eabi/7.3.1/../../../../arm-none-eabi/lib/thumb/v7e-m/fpv4-sp/hard/libc_nano.a(lib_a-reent.o)
 .ARM.attributes
                0x0000000000000cee       0x34 /home/mats/gcc-arm-none-eabi-7-2018-q2-update/bin/../lib/gcc/arm-none-eabi/7.3.1/../../../../arm-none-eabi/lib/thumb/v7e-m/fpv4-sp/hard/libnosys.a(close.o)
 .ARM.attributes
                0x0000000000000d22       0x34 /home/mats/gcc-arm-none-eabi-7-2018-q2-update/bin/../lib/gcc/arm-none-eabi/7.3.1/../../../../arm-none-eabi/lib/thumb/v7e-m/fpv4-sp/hard/libnosys.a(fstat.o)
 .ARM.attributes
                0x0000000000000d56       0x34 /home/mats/gcc-arm-none-eabi-7-2018-q2-update/bin/../lib/gcc/arm-none-eabi/7.3.1/../../../../arm-none-eabi/lib/thumb/v7e-m/fpv4-sp/hard/libnosys.a(isatty.o)
 .ARM.attributes
                0x0000000000000d8a       0x34 /home/mats/gcc-arm-none-eabi-7-2018-q2-update/bin/../lib/gcc/arm-none-eabi/7.3.1/../../../../arm-none-eabi/lib/thumb/v7e-m/fpv4-sp/hard/libnosys.a(lseek.o)
 .ARM.attributes
                0x0000000000000dbe       0x34 /home/mats/gcc-arm-none-eabi-7-2018-q2-update/bin/../lib/gcc/arm-none-eabi/7.3.1/../../../../arm-none-eabi/lib/thumb/v7e-m/fpv4-sp/hard/libnosys.a(read.o)
 .ARM.attributes
                0x0000000000000df2       0x34 /home/mats/gcc-arm-none-eabi-7-2018-q2-update/bin/../lib/gcc/arm-none-eabi/7.3.1/../../../../arm-none-eabi/lib/thumb/v7e-m/fpv4-sp/hard/libnosys.a(sbrk.o)
 .ARM.attributes
                0x0000000000000e26       0x22 /home/mats/gcc-arm-none-eabi-7-2018-q2-update/bin/../lib/gcc/arm-none-eabi/7.3.1/thumb/v7e-m/fpv4-sp/hard/libgcc.a(_aeabi_uldivmod.o)
 .ARM.attributes
                0x0000000000000e48       0x34 /home/mats/gcc-arm-none-eabi-7-2018-q2-update/bin/../lib/gcc/arm-none-eabi/7.3.1/thumb/v7e-m/fpv4-sp/hard/libgcc.a(_udivmoddi4.o)
 .ARM.attributes
                0x0000000000000e7c       0x22 /home/mats/gcc-arm-none-eabi-7-2018-q2-update/bin/../lib/gcc/arm-none-eabi/7.3.1/thumb/v7e-m/fpv4-sp/hard/libgcc.a(_dvmd_tls.o)
 .ARM.attributes
                0x0000000000000e9e       0x22 /home/mats/gcc-arm-none-eabi-7-2018-q2-update/bin/../lib/gcc/arm-none-eabi/7.3.1/thumb/v7e-m/fpv4-sp/hard/crtn.o
OUTPUT(../../applications/hello-world/build/hello-world.elf elf32-littlearm)

.debug_info     0x0000000000000000    0x2a756
 .debug_info    0x0000000000000000     0x1a14 ../../applications/hello-world/build/hello-world.o
 .debug_info    0x0000000000001a14     0x1268 ../../applications/hello-world/build/platform.o
 .debug_info    0x0000000000002c7c     0x3a97 ../../applications/hello-world/build/stm32l4xx_hal_i2c.o
 .debug_info    0x0000000000006713      0xb6f ../../applications/hello-world/build/stm32l4xx_hal_i2c_ex.o
 .debug_info    0x0000000000007282     0x1f61 ../../applications/hello-world/build/stm32l4xx_hal_spi.o
 .debug_info    0x00000000000091e3      0x2ef ../../applications/hello-world/build/stm32l4xx_hal_iwdg.o
 .debug_info    0x00000000000094d2     0x1e0f ../../applications/hello-world/build/stm32l4xx_hal_uart.o
 .debug_info    0x000000000000b2e1      0xb14 ../../applications/hello-world/build/stm32l4xx_hal_uart_ex.o
 .debug_info    0x000000000000bdf5     0x329b ../../applications/hello-world/build/stm32l4xx_hal_tim.o
 .debug_info    0x000000000000f090     0x16ad ../../applications/hello-world/build/stm32l4xx_hal_tim_ex.o
 .debug_info    0x000000000001073d      0xc59 ../../applications/hello-world/build/stm32l4xx_hal.o
 .debug_info    0x0000000000011396      0xfaf ../../applications/hello-world/build/stm32l4xx_hal_rcc.o
 .debug_info    0x0000000000012345     0x1617 ../../applications/hello-world/build/stm32l4xx_hal_rcc_ex.o
 .debug_info    0x000000000001395c      0x948 ../../applications/hello-world/build/stm32l4xx_hal_gpio.o
 .debug_info    0x00000000000142a4      0x8cd ../../applications/hello-world/build/stm32l4xx_hal_dma.o
 .debug_info    0x0000000000014b71      0xc2b ../../applications/hello-world/build/stm32l4xx_hal_pwr_ex.o
 .debug_info    0x000000000001579c     0x1088 ../../applications/hello-world/build/stm32l4xx_hal_cortex.o
 .debug_info    0x0000000000016824     0x26cb ../../applications/hello-world/build/queue.o
 .debug_info    0x0000000000018eef      0xbe1 ../../applications/hello-world/build/list.o
 .debug_info    0x0000000000019ad0     0x2cdc ../../applications/hello-world/build/tasks.o
 .debug_info    0x000000000001c7ac     0x19f9 ../../applications/hello-world/build/timers.o
 .debug_info    0x000000000001e1a5     0x26cd ../../applications/hello-world/build/cmsis_os.o
 .debug_info    0x0000000000020872      0xd7d ../../applications/hello-world/build/heap_4.o
 .debug_info    0x00000000000215ef      0x5ac ../../applications/hello-world/build/port.o
 .debug_info    0x0000000000021b9b      0x67e ../../applications/hello-world/build/system_stm32l4xx.o
 .debug_info    0x0000000000022219     0x1570 ../../applications/hello-world/build/octa.o
 .debug_info    0x0000000000023789      0xeb6 ../../applications/hello-world/build/uart.o
 .debug_info    0x000000000002463f      0x862 ../../applications/hello-world/build/spi.o
 .debug_info    0x0000000000024ea1      0x306 ../../applications/hello-world/build/iwdg.o
 .debug_info    0x00000000000251a7      0xa18 ../../applications/hello-world/build/gpio.o
 .debug_info    0x0000000000025bbf      0x722 ../../applications/hello-world/build/sysclock.o
 .debug_info    0x00000000000262e1     0x1be8 ../../applications/hello-world/build/stm32l4xx_hal_msp.o
 .debug_info    0x0000000000027ec9      0xdb0 ../../applications/hello-world/build/stm32l4xx_hal_timebase_tim.o
 .debug_info    0x0000000000028c79      0xfc4 ../../applications/hello-world/build/stm32l4xx_it.o
 .debug_info    0x0000000000029c3d      0xaf7 ../../applications/hello-world/build/i2c.o
 .debug_info    0x000000000002a734       0x22 ../../applications/hello-world/build/startup_stm32l496xx.o

.debug_abbrev   0x0000000000000000     0x50a0
 .debug_abbrev  0x0000000000000000      0x288 ../../applications/hello-world/build/hello-world.o
 .debug_abbrev  0x0000000000000288      0x17a ../../applications/hello-world/build/platform.o
 .debug_abbrev  0x0000000000000402      0x2ab ../../applications/hello-world/build/stm32l4xx_hal_i2c.o
 .debug_abbrev  0x00000000000006ad      0x1b8 ../../applications/hello-world/build/stm32l4xx_hal_i2c_ex.o
 .debug_abbrev  0x0000000000000865      0x26e ../../applications/hello-world/build/stm32l4xx_hal_spi.o
 .debug_abbrev  0x0000000000000ad3      0x165 ../../applications/hello-world/build/stm32l4xx_hal_iwdg.o
 .debug_abbrev  0x0000000000000c38      0x282 ../../applications/hello-world/build/stm32l4xx_hal_uart.o
 .debug_abbrev  0x0000000000000eba      0x233 ../../applications/hello-world/build/stm32l4xx_hal_uart_ex.o
 .debug_abbrev  0x00000000000010ed      0x269 ../../applications/hello-world/build/stm32l4xx_hal_tim.o
 .debug_abbrev  0x0000000000001356      0x27c ../../applications/hello-world/build/stm32l4xx_hal_tim_ex.o
 .debug_abbrev  0x00000000000015d2      0x216 ../../applications/hello-world/build/stm32l4xx_hal.o
 .debug_abbrev  0x00000000000017e8      0x262 ../../applications/hello-world/build/stm32l4xx_hal_rcc.o
 .debug_abbrev  0x0000000000001a4a      0x280 ../../applications/hello-world/build/stm32l4xx_hal_rcc_ex.o
 .debug_abbrev  0x0000000000001cca      0x213 ../../applications/hello-world/build/stm32l4xx_hal_gpio.o
 .debug_abbrev  0x0000000000001edd      0x24f ../../applications/hello-world/build/stm32l4xx_hal_dma.o
 .debug_abbrev  0x000000000000212c      0x216 ../../applications/hello-world/build/stm32l4xx_hal_pwr_ex.o
 .debug_abbrev  0x0000000000002342      0x30f ../../applications/hello-world/build/stm32l4xx_hal_cortex.o
 .debug_abbrev  0x0000000000002651      0x3f4 ../../applications/hello-world/build/queue.o
 .debug_abbrev  0x0000000000002a45      0x21e ../../applications/hello-world/build/list.o
 .debug_abbrev  0x0000000000002c63      0x3e2 ../../applications/hello-world/build/tasks.o
 .debug_abbrev  0x0000000000003045      0x33a ../../applications/hello-world/build/timers.o
 .debug_abbrev  0x000000000000337f      0x3d3 ../../applications/hello-world/build/cmsis_os.o
 .debug_abbrev  0x0000000000003752      0x312 ../../applications/hello-world/build/heap_4.o
 .debug_abbrev  0x0000000000003a64      0x257 ../../applications/hello-world/build/port.o
 .debug_abbrev  0x0000000000003cbb      0x133 ../../applications/hello-world/build/system_stm32l4xx.o
 .debug_abbrev  0x0000000000003dee      0x24f ../../applications/hello-world/build/octa.o
 .debug_abbrev  0x000000000000403d      0x23c ../../applications/hello-world/build/uart.o
 .debug_abbrev  0x0000000000004279      0x1bb ../../applications/hello-world/build/spi.o
 .debug_abbrev  0x0000000000004434      0x1a2 ../../applications/hello-world/build/iwdg.o
 .debug_abbrev  0x00000000000045d6      0x196 ../../applications/hello-world/build/gpio.o
 .debug_abbrev  0x000000000000476c      0x190 ../../applications/hello-world/build/sysclock.o
 .debug_abbrev  0x00000000000048fc      0x1f7 ../../applications/hello-world/build/stm32l4xx_hal_msp.o
 .debug_abbrev  0x0000000000004af3      0x1ff ../../applications/hello-world/build/stm32l4xx_hal_timebase_tim.o
 .debug_abbrev  0x0000000000004cf2      0x1d8 ../../applications/hello-world/build/stm32l4xx_it.o
 .debug_abbrev  0x0000000000004eca      0x1c4 ../../applications/hello-world/build/i2c.o
 .debug_abbrev  0x000000000000508e       0x12 ../../applications/hello-world/build/startup_stm32l496xx.o

.debug_loc      0x0000000000000000    0x1a14e
 .debug_loc     0x0000000000000000       0xe7 ../../applications/hello-world/build/hello-world.o
 .debug_loc     0x00000000000000e7       0x20 ../../applications/hello-world/build/platform.o
 .debug_loc     0x0000000000000107     0x5051 ../../applications/hello-world/build/stm32l4xx_hal_i2c.o
 .debug_loc     0x0000000000005158      0x25c ../../applications/hello-world/build/stm32l4xx_hal_i2c_ex.o
 .debug_loc     0x00000000000053b4     0x218f ../../applications/hello-world/build/stm32l4xx_hal_spi.o
 .debug_loc     0x0000000000007543       0x97 ../../applications/hello-world/build/stm32l4xx_hal_iwdg.o
 .debug_loc     0x00000000000075da     0x1d6a ../../applications/hello-world/build/stm32l4xx_hal_uart.o
 .debug_loc     0x0000000000009344      0x412 ../../applications/hello-world/build/stm32l4xx_hal_uart_ex.o
 .debug_loc     0x0000000000009756     0x41c3 ../../applications/hello-world/build/stm32l4xx_hal_tim.o
 .debug_loc     0x000000000000d919     0x1bad ../../applications/hello-world/build/stm32l4xx_hal_tim_ex.o
 .debug_loc     0x000000000000f4c6      0x1d4 ../../applications/hello-world/build/stm32l4xx_hal.o
 .debug_loc     0x000000000000f69a      0x7b4 ../../applications/hello-world/build/stm32l4xx_hal_rcc.o
 .debug_loc     0x000000000000fe4e     0x1ff2 ../../applications/hello-world/build/stm32l4xx_hal_rcc_ex.o
 .debug_loc     0x0000000000011e40      0x405 ../../applications/hello-world/build/stm32l4xx_hal_gpio.o
 .debug_loc     0x0000000000012245      0x914 ../../applications/hello-world/build/stm32l4xx_hal_dma.o
 .debug_loc     0x0000000000012b59      0xa48 ../../applications/hello-world/build/stm32l4xx_hal_pwr_ex.o
 .debug_loc     0x00000000000135a1      0x65e ../../applications/hello-world/build/stm32l4xx_hal_cortex.o
 .debug_loc     0x0000000000013bff     0x13a5 ../../applications/hello-world/build/queue.o
 .debug_loc     0x0000000000014fa4       0x9c ../../applications/hello-world/build/list.o
 .debug_loc     0x0000000000015040     0x1aa6 ../../applications/hello-world/build/tasks.o
 .debug_loc     0x0000000000016ae6      0xc38 ../../applications/hello-world/build/timers.o
 .debug_loc     0x000000000001771e     0x17d9 ../../applications/hello-world/build/cmsis_os.o