Archive member included to satisfy reference by file (symbol)

/home/mats/gcc-arm-none-eabi-7-2018-q2-update/bin/../lib/gcc/arm-none-eabi/7.3.1/../../../../arm-none-eabi/lib/thumb/v7e-m/fpv4-sp/hard/libc_nano.a(lib_a-assert.o)
                              ../../applications/lorawan-example/build/modem.o (__assert_func)
/home/mats/gcc-arm-none-eabi-7-2018-q2-update/bin/../lib/gcc/arm-none-eabi/7.3.1/../../../../arm-none-eabi/lib/thumb/v7e-m/fpv4-sp/hard/libc_nano.a(lib_a-exit.o)
                              /home/mats/gcc-arm-none-eabi-7-2018-q2-update/bin/../lib/gcc/arm-none-eabi/7.3.1/../../../../arm-none-eabi/lib/thumb/v7e-m/fpv4-sp/hard/crt0.o (exit)
/home/mats/gcc-arm-none-eabi-7-2018-q2-update/bin/../lib/gcc/arm-none-eabi/7.3.1/../../../../arm-none-eabi/lib/thumb/v7e-m/fpv4-sp/hard/libc_nano.a(lib_a-fprintf.o)
                              /home/mats/gcc-arm-none-eabi-7-2018-q2-update/bin/../lib/gcc/arm-none-eabi/7.3.1/../../../../arm-none-eabi/lib/thumb/v7e-m/fpv4-sp/hard/libc_nano.a(lib_a-assert.o) (fiprintf)
/home/mats/gcc-arm-none-eabi-7-2018-q2-update/bin/../lib/gcc/arm-none-eabi/7.3.1/../../../../arm-none-eabi/lib/thumb/v7e-m/fpv4-sp/hard/libc_nano.a(lib_a-impure.o)
                              /home/mats/gcc-arm-none-eabi-7-2018-q2-update/bin/../lib/gcc/arm-none-eabi/7.3.1/../../../../arm-none-eabi/lib/thumb/v7e-m/fpv4-sp/hard/libc_nano.a(lib_a-exit.o) (_global_impure_ptr)
/home/mats/gcc-arm-none-eabi-7-2018-q2-update/bin/../lib/gcc/arm-none-eabi/7.3.1/../../../../arm-none-eabi/lib/thumb/v7e-m/fpv4-sp/hard/libc_nano.a(lib_a-init.o)
                              /home/mats/gcc-arm-none-eabi-7-2018-q2-update/bin/../lib/gcc/arm-none-eabi/7.3.1/../../../../arm-none-eabi/lib/thumb/v7e-m/fpv4-sp/hard/crt0.o (__libc_init_array)
/home/mats/gcc-arm-none-eabi-7-2018-q2-update/bin/../lib/gcc/arm-none-eabi/7.3.1/../../../../arm-none-eabi/lib/thumb/v7e-m/fpv4-sp/hard/libc_nano.a(lib_a-memcpy-stub.o)
                              ../../applications/lorawan-example/build/fifo.o (memcpy)
/home/mats/gcc-arm-none-eabi-7-2018-q2-update/bin/../lib/gcc/arm-none-eabi/7.3.1/../../../../arm-none-eabi/lib/thumb/v7e-m/fpv4-sp/hard/libc_nano.a(lib_a-memset.o)
                              /home/mats/gcc-arm-none-eabi-7-2018-q2-update/bin/../lib/gcc/arm-none-eabi/7.3.1/../../../../arm-none-eabi/lib/thumb/v7e-m/fpv4-sp/hard/crt0.o (memset)
/home/mats/gcc-arm-none-eabi-7-2018-q2-update/bin/../lib/gcc/arm-none-eabi/7.3.1/../../../../arm-none-eabi/lib/thumb/v7e-m/fpv4-sp/hard/libc_nano.a(lib_a-nano-vfprintf.o)
                              /home/mats/gcc-arm-none-eabi-7-2018-q2-update/bin/../lib/gcc/arm-none-eabi/7.3.1/../../../../arm-none-eabi/lib/thumb/v7e-m/fpv4-sp/hard/libc_nano.a(lib_a-fprintf.o) (_vfprintf_r)
/home/mats/gcc-arm-none-eabi-7-2018-q2-update/bin/../lib/gcc/arm-none-eabi/7.3.1/../../../../arm-none-eabi/lib/thumb/v7e-m/fpv4-sp/hard/libc_nano.a(lib_a-nano-vfprintf_i.o)
                              /home/mats/gcc-arm-none-eabi-7-2018-q2-update/bin/../lib/gcc/arm-none-eabi/7.3.1/../../../../arm-none-eabi/lib/thumb/v7e-m/fpv4-sp/hard/libc_nano.a(lib_a-nano-vfprintf.o) (_printf_i)
/home/mats/gcc-arm-none-eabi-7-2018-q2-update/bin/../lib/gcc/arm-none-eabi/7.3.1/../../../../arm-none-eabi/lib/thumb/v7e-m/fpv4-sp/hard/libc_nano.a(lib_a-printf.o)
                              ../../applications/lorawan-example/build/lorawan-example.o (printf)
/home/mats/gcc-arm-none-eabi-7-2018-q2-update/bin/../lib/gcc/arm-none-eabi/7.3.1/../../../../arm-none-eabi/lib/thumb/v7e-m/fpv4-sp/hard/libc_nano.a(lib_a-puts.o)
                              ../../applications/lorawan-example/build/lorawan-example.o (puts)
/home/mats/gcc-arm-none-eabi-7-2018-q2-update/bin/../lib/gcc/arm-none-eabi/7.3.1/../../../../arm-none-eabi/lib/thumb/v7e-m/fpv4-sp/hard/libc_nano.a(lib_a-strnlen.o)
                              ../../applications/lorawan-example/build/modem_interface.o (strnlen)
/home/mats/gcc-arm-none-eabi-7-2018-q2-update/bin/../lib/gcc/arm-none-eabi/7.3.1/../../../../arm-none-eabi/lib/thumb/v7e-m/fpv4-sp/hard/libc_nano.a(lib_a-wbuf.o)
                              /home/mats/gcc-arm-none-eabi-7-2018-q2-update/bin/../lib/gcc/arm-none-eabi/7.3.1/../../../../arm-none-eabi/lib/thumb/v7e-m/fpv4-sp/hard/libc_nano.a(lib_a-nano-vfprintf.o) (__swbuf_r)
/home/mats/gcc-arm-none-eabi-7-2018-q2-update/bin/../lib/gcc/arm-none-eabi/7.3.1/../../../../arm-none-eabi/lib/thumb/v7e-m/fpv4-sp/hard/libc_nano.a(lib_a-wsetup.o)
                              /home/mats/gcc-arm-none-eabi-7-2018-q2-update/bin/../lib/gcc/arm-none-eabi/7.3.1/../../../../arm-none-eabi/lib/thumb/v7e-m/fpv4-sp/hard/libc_nano.a(lib_a-nano-vfprintf.o) (__swsetup_r)
/home/mats/gcc-arm-none-eabi-7-2018-q2-update/bin/../lib/gcc/arm-none-eabi/7.3.1/../../../../arm-none-eabi/lib/thumb/v7e-m/fpv4-sp/hard/libc_nano.a(lib_a-abort.o)
[...]
Memory Configuration

Name             Origin             Length             Attributes
RAM              0x0000000020000000 0x0000000000050000 xrw
FLASH            0x0000000008000000 0x0000000000100000 xr
*default*        0x0000000000000000 0xffffffffffffffff

Linker script and memory map

LOAD /home/mats/gcc-arm-none-eabi-7-2018-q2-update/bin/../lib/gcc/arm-none-eabi/7.3.1/thumb/v7e-m/fpv4-sp/hard/crti.o
LOAD /home/mats/gcc-arm-none-eabi-7-2018-q2-update/bin/../lib/gcc/arm-none-eabi/7.3.1/thumb/v7e-m/fpv4-sp/hard/crtbegin.o
LOAD /home/mats/gcc-arm-none-eabi-7-2018-q2-update/bin/../lib/gcc/arm-none-eabi/7.3.1/../../../../arm-none-eabi/lib/thumb/v7e-m/fpv4-sp/hard/crt0.o
LOAD ../../applications/lorawan-example/build/lorawan-example.o
LOAD ../../applications/lorawan-example/build/crc.o
LOAD ../../applications/lorawan-example/build/modem_interface.o
LOAD ../../applications/lorawan-example/build/modem.o
LOAD ../../applications/lorawan-example/build/alp.o
LOAD ../../applications/lorawan-example/build/murata.o
LOAD ../../applications/lorawan-example/build/fifo.o
LOAD ../../applications/lorawan-example/build/platform.o
LOAD ../../applications/lorawan-example/build/stm32l4xx_hal_i2c.o
LOAD ../../applications/lorawan-example/build/stm32l4xx_hal_i2c_ex.o
LOAD ../../applications/lorawan-example/build/stm32l4xx_hal_spi.o
LOAD ../../applications/lorawan-example/build/stm32l4xx_hal_spi_ex.o
LOAD ../../applications/lorawan-example/build/stm32l4xx_hal_iwdg.o
LOAD ../../applications/lorawan-example/build/stm32l4xx_hal_uart.o
LOAD ../../applications/lorawan-example/build/stm32l4xx_hal_uart_ex.o
LOAD ../../applications/lorawan-example/build/stm32l4xx_hal_tim.o
LOAD ../../applications/lorawan-example/build/stm32l4xx_hal_tim_ex.o
LOAD ../../applications/lorawan-example/build/stm32l4xx_hal.o
LOAD ../../applications/lorawan-example/build/stm32l4xx_hal_rcc.o
LOAD ../../applications/lorawan-example/build/stm32l4xx_hal_rcc_ex.o
LOAD ../../applications/lorawan-example/build/stm32l4xx_hal_flash.o
LOAD ../../applications/lorawan-example/build/stm32l4xx_hal_flash_ex.o
LOAD ../../applications/lorawan-example/build/stm32l4xx_hal_flash_ramfunc.o
LOAD ../../applications/lorawan-example/build/stm32l4xx_hal_gpio.o
LOAD ../../applications/lorawan-example/build/stm32l4xx_hal_dma.o
LOAD ../../applications/lorawan-example/build/stm32l4xx_hal_dma_ex.o
LOAD ../../applications/lorawan-example/build/stm32l4xx_hal_pwr.o
LOAD ../../applications/lorawan-example/build/stm32l4xx_hal_pwr_ex.o
LOAD ../../applications/lorawan-example/build/stm32l4xx_hal_cortex.o
LOAD ../../applications/lorawan-example/build/stm32l4xx_hal_crc.o
LOAD ../../applications/lorawan-example/build/stm32l4xx_hal_crc_ex.o
LOAD ../../applications/lorawan-example/build/queue.o
LOAD ../../applications/lorawan-example/build/croutine.o
LOAD ../../applications/lorawan-example/build/list.o
LOAD ../../applications/lorawan-example/build/stream_buffer.o
LOAD ../../applications/lorawan-example/build/event_groups.o
LOAD ../../applications/lorawan-example/build/tasks.o
LOAD ../../applications/lorawan-example/build/timers.o
LOAD ../../applications/lorawan-example/build/cmsis_os.o
LOAD ../../applications/lorawan-example/build/heap_4.o
LOAD ../../applications/lorawan-example/build/port.o
LOAD ../../applications/lorawan-example/build/freertos.o
LOAD ../../applications/lorawan-example/build/system_stm32l4xx.o
LOAD ../../applications/lorawan-example/build/octa.o
LOAD ../../applications/lorawan-example/build/uart.o
LOAD ../../applications/lorawan-example/build/rtosmacros.o
LOAD ../../applications/lorawan-example/build/spi.o
LOAD ../../applications/lorawan-example/build/iwdg.o
LOAD ../../applications/lorawan-example/build/gpio.o
LOAD ../../applications/lorawan-example/build/sysclock.o
LOAD ../../applications/lorawan-example/build/stm32l4xx_hal_msp.o
LOAD ../../applications/lorawan-example/build/stm32l4xx_hal_timebase_tim.o
LOAD ../../applications/lorawan-example/build/stm32l4xx_it.o
LOAD ../../applications/lorawan-example/build/i2c.o
LOAD ../../applications/lorawan-example/build/LSM303AGRSensor.o
LOAD ../../applications/lorawan-example/build/sht31.o
LOAD ../../applications/lorawan-example/build/TCS3472.o
LOAD ../../applications/lorawan-example/build/stc3115.o
LOAD ../../applications/lorawan-example/build/startup_stm32l496xx.o
LOAD /home/mats/gcc-arm-none-eabi-7-2018-q2-update/bin/../lib/gcc/arm-none-eabi/7.3.1/../../../../arm-none-eabi/lib/thumb/v7e-m/fpv4-sp/hard/libc_nano.a
LOAD /home/mats/gcc-arm-none-eabi-7-2018-q2-update/bin/../lib/gcc/arm-none-eabi/7.3.1/../../../../arm-none-eabi/lib/thumb/v7e-m/fpv4-sp/hard/libm.a
LOAD /home/mats/gcc-arm-none-eabi-7-2018-q2-update/bin/../lib/gcc/arm-none-eabi/7.3.1/../../../../arm-none-eabi/lib/thumb/v7e-m/fpv4-sp/hard/libnosys.a
START GROUP
LOAD /home/mats/gcc-arm-none-eabi-7-2018-q2-update/bin/../lib/gcc/arm-none-eabi/7.3.1/thumb/v7e-m/fpv4-sp/hard/libgcc.a
LOAD /home/mats/gcc-arm-none-eabi-7-2018-q2-update/bin/../lib/gcc/arm-none-eabi/7.3.1/../../../../arm-none-eabi/lib/thumb/v7e-m/fpv4-sp/hard/libc_nano.a
END GROUP
START GROUP
LOAD /home/mats/gcc-arm-none-eabi-7-2018-q2-update/bin/../lib/gcc/arm-none-eabi/7.3.1/thumb/v7e-m/fpv4-sp/hard/libgcc.a
LOAD /home/mats/gcc-arm-none-eabi-7-2018-q2-update/bin/../lib/gcc/arm-none-eabi/7.3.1/../../../../arm-none-eabi/lib/thumb/v7e-m/fpv4-sp/hard/libc_nano.a
END GROUP
LOAD /home/mats/gcc-arm-none-eabi-7-2018-q2-update/bin/../lib/gcc/arm-none-eabi/7.3.1/thumb/v7e-m/fpv4-sp/hard/crtend.o
LOAD /home/mats/gcc-arm-none-eabi-7-2018-q2-update/bin/../lib/gcc/arm-none-eabi/7.3.1/thumb/v7e-m/fpv4-sp/hard/crtn.o
                0x0000000020050000                _estack = 0x20050000
                0x0000000000000200                _Min_Heap_Size = 0x200
                0x0000000000000400                _Min_Stack_Size = 0x400

.isr_vector     0x0000000008000000      0x1b0
                0x0000000008000000                . = ALIGN (0x8)
 *(.isr_vector)
 .isr_vector    0x0000000008000000      0x1ac ../../applications/lorawan-example/build/startup_stm32l496xx.o
                0x0000000008000000                g_pfnVectors
                0x00000000080001b0                . = ALIGN (0x8)
 *fill*         0x00000000080001ac        0x4 

.text           0x00000000080001b0     0x7b10
                0x00000000080001b0                . = ALIGN (0x8)
 *(.text)
 .text          0x00000000080001b0       0x40 /home/mats/gcc-arm-none-eabi-7-2018-q2-update/bin/../lib/gcc/arm-none-eabi/7.3.1/thumb/v7e-m/fpv4-sp/hard/crtbegin.o
 .text          0x00000000080001f0       0xa0 /home/mats/gcc-arm-none-eabi-7-2018-q2-update/bin/../lib/gcc/arm-none-eabi/7.3.1/../../../../arm-none-eabi/lib/thumb/v7e-m/fpv4-sp/hard/libc_nano.a(lib_a-memchr.o)
                0x00000000080001f0                memchr
 .text          0x0000000008000290       0x30 /home/mats/gcc-arm-none-eabi-7-2018-q2-update/bin/../lib/gcc/arm-none-eabi/7.3.1/thumb/v7e-m/fpv4-sp/hard/libgcc.a(_aeabi_uldivmod.o)
                0x0000000008000290                __aeabi_uldivmod
 .text          0x00000000080002c0      0x2cc /home/mats/gcc-arm-none-eabi-7-2018-q2-update/bin/../lib/gcc/arm-none-eabi/7.3.1/thumb/v7e-m/fpv4-sp/hard/libgcc.a(_udivmoddi4.o)
                0x00000000080002c0                __udivmoddi4
 .text          0x000000000800058c        0x4 /home/mats/gcc-arm-none-eabi-7-2018-q2-update/bin/../lib/gcc/arm-none-eabi/7.3.1/thumb/v7e-m/fpv4-sp/hard/libgcc.a(_dvmd_tls.o)
                0x000000000800058c                __aeabi_ldiv0
                0x000000000800058c                __aeabi_idiv0
 *(.text*)
 .text.LoRaWAN_send
                0x0000000008000590       0x7c ../../applications/lorawan-example/build/lorawan-example.o
                0x0000000008000590                LoRaWAN_send
 .text.check_modules
                0x000000000800060c       0x30 ../../applications/lorawan-example/build/lorawan-example.o
                0x000000000800060c                check_modules
 .text.murata_process_rx_response
                0x000000000800063c       0x1e ../../applications/lorawan-example/build/lorawan-example.o
                0x000000000800063c                murata_process_rx_response
 *fill*         0x000000000800065a        0x2 
 .text.HAL_UART_RxCpltCallback
                0x000000000800065c       0x14 ../../applications/lorawan-example/build/lorawan-example.o
                0x000000000800065c                HAL_UART_RxCpltCallback
 .text.printWelcome
                0x0000000008000670       0x90 ../../applications/lorawan-example/build/lorawan-example.o
                0x0000000008000670                printWelcome
 .text.main     0x0000000008000700      0x100 ../../applications/lorawan-example/build/lorawan-example.o
                0x0000000008000700                main
 .text.HAL_TIM_PeriodElapsedCallback
                0x0000000008000800       0x18 ../../applications/lorawan-example/build/lorawan-example.o
                0x0000000008000800                HAL_TIM_PeriodElapsedCallback
 .text.Error_Handler
                0x0000000008000818        0x2 ../../applications/lorawan-example/build/lorawan-example.o
                0x0000000008000818                Error_Handler
 *fill*         0x000000000800081a        0x2 
 .text.update_crc
                0x000000000800081c       0x2c ../../applications/lorawan-example/build/crc.o
 .text.crc_calculate
                0x0000000008000848       0x2c ../../applications/lorawan-example/build/crc.o
                0x0000000008000848                crc_calculate
 .text.verify_payload
                0x0000000008000874       0x5c ../../applications/lorawan-example/build/modem_interface.o
 .text.flush_modem_interface_tx_fifo
                0x00000000080008d0       0x34 ../../applications/lorawan-example/build/modem_interface.o
 .text.modem_interface_uart_rx_cb
                0x0000000008000904       0x28 ../../applications/lorawan-example/build/modem_interface.o
                0x0000000008000904                modem_interface_uart_rx_cb
 .text.modem_interface_transfer_bytes
                0x000000000800092c       0x64 ../../applications/lorawan-example/build/modem_interface.o
                0x000000000800092c                modem_interface_transfer_bytes
 .text.process_rx_fifo
                0x0000000008000990      0x164 ../../applications/lorawan-example/build/modem_interface.o
                0x0000000008000990                process_rx_fifo
 .text.modem_interface_init
                0x0000000008000af4       0x4c ../../applications/lorawan-example/build/modem_interface.o
                0x0000000008000af4                modem_interface_init
 .text.modem_interface_register_handler
                0x0000000008000b40       0x2c ../../applications/lorawan-example/build/modem_interface.o
                0x0000000008000b40                modem_interface_register_handler
 .text.modem_interface_set_target_rebooted_callback
                0x0000000008000b6c        0xc ../../applications/lorawan-example/build/modem_interface.o
                0x0000000008000b6c                modem_interface_set_target_rebooted_callback
 .text.process_serial_frame
                0x0000000008000b78      0x1c4 ../../applications/lorawan-example/build/modem.o
 .text.modem_cb_init
                0x0000000008000d3c       0x14 ../../applications/lorawan-example/build/modem.o
                0x0000000008000d3c                modem_cb_init
 .text.modem_process_fifo
                0x0000000008000d50       0x28 ../../applications/lorawan-example/build/modem.o
                0x0000000008000d50                modem_process_fifo
 .text.modem_init
                0x0000000008000d78       0x20 ../../applications/lorawan-example/build/modem.o
                0x0000000008000d78                modem_init
 .text.modem_reinit
                0x0000000008000d98        0xc ../../applications/lorawan-example/build/modem.o
                0x0000000008000d98                modem_reinit
 .text.alloc_command
                0x0000000008000da4       0x50 ../../applications/lorawan-example/build/modem.o
                0x0000000008000da4                alloc_command
 .text.modem_send_unsolicited_response
                0x0000000008000df4       0x8c ../../applications/lorawan-example/build/modem.o
                0x0000000008000df4                modem_send_unsolicited_response
 .text.parse_op_return_tag
                0x0000000008000e80       0x2c ../../applications/lorawan-example/build/alp.o
 .text.parse_op_return_status
                0x0000000008000eac      0x17c ../../applications/lorawan-example/build/alp.o
 .text.alp_parse_length_operand
                0x0000000008001028       0x38 ../../applications/lorawan-example/build/alp.o
                0x0000000008001028                alp_parse_length_operand
 .text.alp_append_length_operand
                0x0000000008001060       0xa0 ../../applications/lorawan-example/build/alp.o
                0x0000000008001060                alp_append_length_operand
 .text.alp_parse_file_offset_operand
                0x0000000008001100       0x44 ../../applications/lorawan-example/build/alp.o
                0x0000000008001100                alp_parse_file_offset_operand
 .text.parse_operand_file_data
                0x0000000008001144       0x50 ../../applications/lorawan-example/build/alp.o
 .text.parse_op_write_file_data
                0x0000000008001194        0x8 ../../applications/lorawan-example/build/alp.o
 .text.parse_op_return_file_data
                0x000000000800119c        0x8 ../../applications/lorawan-example/build/alp.o
 .text.alp_append_forward_action
                0x00000000080011a4      0x2a0 ../../applications/lorawan-example/build/alp.o
                0x00000000080011a4                alp_append_forward_action
 .text.alp_append_return_file_data_action
                0x0000000008001444       0x74 ../../applications/lorawan-example/build/alp.o
                0x0000000008001444                alp_append_return_file_data_action
 .text.alp_parse_action
                0x00000000080014b8       0xa8 ../../applications/lorawan-example/build/alp.o
                0x00000000080014b8                alp_parse_action
 .text.alp_append_tag_request_action
                0x0000000008001560       0x50 ../../applications/lorawan-example/build/alp.o
                0x0000000008001560                alp_append_tag_request_action
 .text.on_modem_command_completed_callback
                0x00000000080015b0       0x1c ../../applications/lorawan-example/build/murata.o
                0x00000000080015b0                on_modem_command_completed_callback
 .text.on_modem_return_file_data_callback
                0x00000000080015cc       0x24 ../../applications/lorawan-example/build/murata.o
                0x00000000080015cc                on_modem_return_file_data_callback
 .text.on_modem_write_file_data_callback
                0x00000000080015f0       0x24 ../../applications/lorawan-example/build/murata.o
                0x00000000080015f0                on_modem_write_file_data_callback
 .text.on_modem_reboot_callback
                0x0000000008001614       0x1c ../../applications/lorawan-example/build/murata.o
                0x0000000008001614                on_modem_reboot_callback
 .text.Murata_Initialize
                0x0000000008001630       0xcc ../../applications/lorawan-example/build/murata.o
                0x0000000008001630                Murata_Initialize
 .text.Murata_toggleResetPin
                0x00000000080016fc       0x28 ../../applications/lorawan-example/build/murata.o
                0x00000000080016fc                Murata_toggleResetPin
 .text.Murata_SetProcessingThread
                0x0000000008001724        0xc ../../applications/lorawan-example/build/murata.o
                0x0000000008001724                Murata_SetProcessingThread
 .text.Murata_LoRaWAN_Send
                0x0000000008001730       0x30 ../../applications/lorawan-example/build/murata.o
                0x0000000008001730                Murata_LoRaWAN_Send
 .text.Murata_process_fifo
                0x0000000008001760        0x8 ../../applications/lorawan-example/build/murata.o
                0x0000000008001760                Murata_process_fifo
 .text.Murata_rxCallback
                0x0000000008001768       0x28 ../../applications/lorawan-example/build/murata.o
                0x0000000008001768                Murata_rxCallback
 .text.skip     0x0000000008001790       0x1a ../../applications/lorawan-example/build/fifo.o
 .text.fifo_init_filled
                0x00000000080017aa       0x10 ../../applications/lorawan-example/build/fifo.o
                0x00000000080017aa                fifo_init_filled
 .text.fifo_init
                0x00000000080017ba        0xc ../../applications/lorawan-example/build/fifo.o
                0x00000000080017ba                fifo_init
 .text.fifo_init_subview
                0x00000000080017c6       0x30 ../../applications/lorawan-example/build/fifo.o
                0x00000000080017c6                fifo_init_subview
 .text.fifo_put
                0x00000000080017f6       0x86 ../../applications/lorawan-example/build/fifo.o
                0x00000000080017f6                fifo_put
 .text.fifo_put_byte
                0x000000000800187c       0x18 ../../applications/lorawan-example/build/fifo.o
                0x000000000800187c                fifo_put_byte
 .text.fifo_get_size
                0x0000000008001894       0x1a ../../applications/lorawan-example/build/fifo.o
                0x0000000008001894                fifo_get_size
 .text.check_len
                0x00000000080018ae       0x1c ../../applications/lorawan-example/build/fifo.o
 .text.fifo_skip
                0x00000000080018ca       0x1c ../../applications/lorawan-example/build/fifo.o
                0x00000000080018ca                fifo_skip
 .text.fifo_peek
                0x00000000080018e6       0x66 ../../applications/lorawan-example/build/fifo.o
                0x00000000080018e6                fifo_peek
 .text.fifo_pop
                0x000000000800194c       0x20 ../../applications/lorawan-example/build/fifo.o
                0x000000000800194c                fifo_pop
 .text.Initialize_Platform
                0x000000000800196c        0x8 ../../applications/lorawan-example/build/platform.o
                0x000000000800196c                Initialize_Platform
 .text.HAL_I2C_Init
                0x0000000008001974       0xbc ../../applications/lorawan-example/build/stm32l4xx_hal_i2c.o
                0x0000000008001974                HAL_I2C_Init
 .text.HAL_I2CEx_ConfigAnalogFilter
                0x0000000008001a30       0x5c ../../applications/lorawan-example/build/stm32l4xx_hal_i2c_ex.o
                0x0000000008001a30                HAL_I2CEx_ConfigAnalogFilter
 .text.HAL_I2CEx_ConfigDigitalFilter
                0x0000000008001a8c       0x58 ../../applications/lorawan-example/build/stm32l4xx_hal_i2c_ex.o
                0x0000000008001a8c                HAL_I2CEx_ConfigDigitalFilter
 .text.HAL_SPI_ErrorCallback
                0x0000000008001ae4        0x2 ../../applications/lorawan-example/build/stm32l4xx_hal_spi.o
                0x0000000008001ae4                HAL_SPI_ErrorCallback
 *fill*         0x0000000008001ae6        0x2 
 .text.HAL_SPI_IRQHandler
                0x0000000008001ae8      0x120 ../../applications/lorawan-example/build/stm32l4xx_hal_spi.o
                0x0000000008001ae8                HAL_SPI_IRQHandler
 .text.SPI_DMAAbortOnError
                0x0000000008001c08       0x12 ../../applications/lorawan-example/build/stm32l4xx_hal_spi.o
 .text.HAL_IWDG_Init
                0x0000000008001c1a       0x58 ../../applications/lorawan-example/build/stm32l4xx_hal_iwdg.o
                0x0000000008001c1a                HAL_IWDG_Init
 .text.UART_EndRxTransfer
                0x0000000008001c72       0x20 ../../applications/lorawan-example/build/stm32l4xx_hal_uart.o
 *fill*         0x0000000008001c92        0x2 
 .text.HAL_UART_Receive_IT
                0x0000000008001c94       0xd4 ../../applications/lorawan-example/build/stm32l4xx_hal_uart.o
                0x0000000008001c94                HAL_UART_Receive_IT
 .text.HAL_UART_TxCpltCallback
                0x0000000008001d68        0x2 ../../applications/lorawan-example/build/stm32l4xx_hal_uart.o
                0x0000000008001d68                HAL_UART_TxCpltCallback
 .text.UART_EndTransmit_IT
                0x0000000008001d6a       0x1c ../../applications/lorawan-example/build/stm32l4xx_hal_uart.o
 .text.UART_RxISR_8BIT
                0x0000000008001d86       0x60 ../../applications/lorawan-example/build/stm32l4xx_hal_uart.o
 .text.UART_RxISR_16BIT
                0x0000000008001de6       0x60 ../../applications/lorawan-example/build/stm32l4xx_hal_uart.o
 .text.HAL_UART_ErrorCallback
                0x0000000008001e46        0x2 ../../applications/lorawan-example/build/stm32l4xx_hal_uart.o
                0x0000000008001e46                HAL_UART_ErrorCallback
 .text.HAL_UART_IRQHandler
                0x0000000008001e48      0x15c ../../applications/lorawan-example/build/stm32l4xx_hal_uart.o
                0x0000000008001e48                HAL_UART_IRQHandler
 .text.UART_DMAAbortOnError
                0x0000000008001fa4       0x14 ../../applications/lorawan-example/build/stm32l4xx_hal_uart.o
 .text.UART_SetConfig
                0x0000000008001fb8      0x424 ../../applications/lorawan-example/build/stm32l4xx_hal_uart.o
                0x0000000008001fb8                UART_SetConfig
 .text.UART_AdvFeatureConfig
                0x00000000080023dc       0xca ../../applications/lorawan-example/build/stm32l4xx_hal_uart.o
                0x00000000080023dc                UART_AdvFeatureConfig
 .text.UART_WaitOnFlagUntilTimeout
                0x00000000080024a6       0x62 ../../applications/lorawan-example/build/stm32l4xx_hal_uart.o
                0x00000000080024a6                UART_WaitOnFlagUntilTimeout
 .text.HAL_UART_Transmit
                0x0000000008002508       0xce ../../applications/lorawan-example/build/stm32l4xx_hal_uart.o
                0x0000000008002508                HAL_UART_Transmit
 .text.UART_CheckIdleState
                0x00000000080025d6       0x70 ../../applications/lorawan-example/build/stm32l4xx_hal_uart.o
                0x00000000080025d6                UART_CheckIdleState
 .text.HAL_UART_Init
                0x0000000008002646       0x66 ../../applications/lorawan-example/build/stm32l4xx_hal_uart.o
                0x0000000008002646                HAL_UART_Init
 .text.HAL_UARTEx_WakeupCallback
                0x00000000080026ac        0x2 ../../applications/lorawan-example/build/stm32l4xx_hal_uart_ex.o
                0x00000000080026ac                HAL_UARTEx_WakeupCallback
 .text.HAL_TIM_Base_MspInit
                0x00000000080026ae        0x2 ../../applications/lorawan-example/build/stm32l4xx_hal_tim.o
                0x00000000080026ae                HAL_TIM_Base_MspInit
 .text.HAL_TIM_Base_Start_IT
                0x00000000080026b0       0x34 ../../applications/lorawan-example/build/stm32l4xx_hal_tim.o
                0x00000000080026b0                HAL_TIM_Base_Start_IT
 .text.HAL_TIM_OC_DelayElapsedCallback
                0x00000000080026e4        0x2 ../../applications/lorawan-example/build/stm32l4xx_hal_tim.o
                0x00000000080026e4                HAL_TIM_OC_DelayElapsedCallback
 .text.HAL_TIM_IC_CaptureCallback
                0x00000000080026e6        0x2 ../../applications/lorawan-example/build/stm32l4xx_hal_tim.o
                0x00000000080026e6                HAL_TIM_IC_CaptureCallback
 .text.HAL_TIM_PWM_PulseFinishedCallback
                0x00000000080026e8        0x2 ../../applications/lorawan-example/build/stm32l4xx_hal_tim.o
                0x00000000080026e8                HAL_TIM_PWM_PulseFinishedCallback
 .text.HAL_TIM_TriggerCallback
                0x00000000080026ea        0x2 ../../applications/lorawan-example/build/stm32l4xx_hal_tim.o
                0x00000000080026ea                HAL_TIM_TriggerCallback
 .text.HAL_TIM_IRQHandler
                0x00000000080026ec      0x19a ../../applications/lorawan-example/build/stm32l4xx_hal_tim.o
                0x00000000080026ec                HAL_TIM_IRQHandler
 *fill*         0x0000000008002886        0x2 
 .text.TIM_Base_SetConfig
                0x0000000008002888       0xc8 ../../applications/lorawan-example/build/stm32l4xx_hal_tim.o
                0x0000000008002888                TIM_Base_SetConfig
 .text.HAL_TIM_Base_Init
                0x0000000008002950       0x32 ../../applications/lorawan-example/build/stm32l4xx_hal_tim.o
                0x0000000008002950                HAL_TIM_Base_Init
 .text.HAL_TIMEx_CommutationCallback
                0x0000000008002982        0x2 ../../applications/lorawan-example/build/stm32l4xx_hal_tim_ex.o
                0x0000000008002982                HAL_TIMEx_CommutationCallback
 .text.HAL_TIMEx_BreakCallback
                0x0000000008002984        0x2 ../../applications/lorawan-example/build/stm32l4xx_hal_tim_ex.o
                0x0000000008002984                HAL_TIMEx_BreakCallback
 .text.HAL_TIMEx_Break2Callback
                0x0000000008002986        0x2 ../../applications/lorawan-example/build/stm32l4xx_hal_tim_ex.o
                0x0000000008002986                HAL_TIMEx_Break2Callback
 .text.HAL_Init
                0x0000000008002988       0x1e ../../applications/lorawan-example/build/stm32l4xx_hal.o
                0x0000000008002988                HAL_Init
 *fill*         0x00000000080029a6        0x2 
 .text.HAL_IncTick
                0x00000000080029a8       0x10 ../../applications/lorawan-example/build/stm32l4xx_hal.o
                0x00000000080029a8                HAL_IncTick
 .text.HAL_GetTick
                0x00000000080029b8        0xc ../../applications/lorawan-example/build/stm32l4xx_hal.o
                0x00000000080029b8                HAL_GetTick
 .text.HAL_Delay
                0x00000000080029c4       0x1e ../../applications/lorawan-example/build/stm32l4xx_hal.o
                0x00000000080029c4                HAL_Delay
 *fill*         0x00000000080029e2        0x2 
 .text.RCC_SetFlashLatencyFromMSIRange
                0x00000000080029e4       0x90 ../../applications/lorawan-example/build/stm32l4xx_hal_rcc.o
 .text.HAL_RCC_GetSysClockFreq
                0x0000000008002a74       0xd8 ../../applications/lorawan-example/build/stm32l4xx_hal_rcc.o
                0x0000000008002a74                HAL_RCC_GetSysClockFreq
 .text.HAL_RCC_OscConfig
                0x0000000008002b4c      0x5b4 ../../applications/lorawan-example/build/stm32l4xx_hal_rcc.o
                0x0000000008002b4c                HAL_RCC_OscConfig
 .text.HAL_RCC_ClockConfig
                0x0000000008003100      0x154 ../../applications/lorawan-example/build/stm32l4xx_hal_rcc.o
                0x0000000008003100                HAL_RCC_ClockConfig
 .text.HAL_RCC_GetHCLKFreq
                0x0000000008003254        0xc ../../applications/lorawan-example/build/stm32l4xx_hal_rcc.o
                0x0000000008003254                HAL_RCC_GetHCLKFreq
 .text.HAL_RCC_GetPCLK1Freq
                0x0000000008003260       0x24 ../../applications/lorawan-example/build/stm32l4xx_hal_rcc.o
                0x0000000008003260                HAL_RCC_GetPCLK1Freq
 .text.HAL_RCC_GetPCLK2Freq
                0x0000000008003284       0x24 ../../applications/lorawan-example/build/stm32l4xx_hal_rcc.o
                0x0000000008003284                HAL_RCC_GetPCLK2Freq
 .text.HAL_RCC_GetClockConfig
                0x00000000080032a8       0x3c ../../applications/lorawan-example/build/stm32l4xx_hal_rcc.o
                0x00000000080032a8                HAL_RCC_GetClockConfig
 .text.RCCEx_PLLSAI1_Config
                0x00000000080032e4      0x16c ../../applications/lorawan-example/build/stm32l4xx_hal_rcc_ex.o
 .text.RCCEx_PLLSAI2_Config
                0x0000000008003450      0x148 ../../applications/lorawan-example/build/stm32l4xx_hal_rcc_ex.o
 .text.HAL_RCCEx_PeriphCLKConfig
                0x0000000008003598      0x46c ../../applications/lorawan-example/build/stm32l4xx_hal_rcc_ex.o
                0x0000000008003598                HAL_RCCEx_PeriphCLKConfig
 .text.HAL_GPIO_Init
                0x0000000008003a04      0x1b8 ../../applications/lorawan-example/build/stm32l4xx_hal_gpio.o
                0x0000000008003a04                HAL_GPIO_Init
 .text.HAL_GPIO_WritePin
                0x0000000008003bbc        0xa ../../applications/lorawan-example/build/stm32l4xx_hal_gpio.o
                0x0000000008003bbc                HAL_GPIO_WritePin
 .text.HAL_GPIO_TogglePin
                0x0000000008003bc6        0x8 ../../applications/lorawan-example/build/stm32l4xx_hal_gpio.o
                0x0000000008003bc6                HAL_GPIO_TogglePin
 .text.HAL_DMA_Abort_IT
                0x0000000008003bce       0x50 ../../applications/lorawan-example/build/stm32l4xx_hal_dma.o
                0x0000000008003bce                HAL_DMA_Abort_IT
 *fill*         0x0000000008003c1e        0x2 
 .text.HAL_PWREx_GetVoltageRange
                0x0000000008003c20       0x10 ../../applications/lorawan-example/build/stm32l4xx_hal_pwr_ex.o
                0x0000000008003c20                HAL_PWREx_GetVoltageRange
 .text.HAL_PWREx_ControlVoltageScaling
                0x0000000008003c30       0x90 ../../applications/lorawan-example/build/stm32l4xx_hal_pwr_ex.o
                0x0000000008003c30                HAL_PWREx_ControlVoltageScaling
 .text.HAL_PWREx_EnableVddIO2
                0x0000000008003cc0       0x10 ../../applications/lorawan-example/build/stm32l4xx_hal_pwr_ex.o
                0x0000000008003cc0                HAL_PWREx_EnableVddIO2
 .text.HAL_NVIC_SetPriorityGrouping
                0x0000000008003cd0       0x24 ../../applications/lorawan-example/build/stm32l4xx_hal_cortex.o
                0x0000000008003cd0                HAL_NVIC_SetPriorityGrouping
 .text.HAL_NVIC_SetPriority
                0x0000000008003cf4       0x68 ../../applications/lorawan-example/build/stm32l4xx_hal_cortex.o
                0x0000000008003cf4                HAL_NVIC_SetPriority
 .text.HAL_NVIC_EnableIRQ
                0x0000000008003d5c       0x18 ../../applications/lorawan-example/build/stm32l4xx_hal_cortex.o
                0x0000000008003d5c                HAL_NVIC_EnableIRQ
 .text.prvGetDisinheritPriorityAfterTimeout
                0x0000000008003d74       0x12 ../../applications/lorawan-example/build/queue.o
 .text.prvIsQueueFull
                0x0000000008003d86       0x1e ../../applications/lorawan-example/build/queue.o
 .text.prvIsQueueEmpty
                0x0000000008003da4       0x1a ../../applications/lorawan-example/build/queue.o
 .text.prvCopyDataToQueue
                0x0000000008003dbe       0x76 ../../applications/lorawan-example/build/queue.o
 .text.prvCopyDataFromQueue
                0x0000000008003e34       0x24 ../../applications/lorawan-example/build/queue.o
 .text.prvUnlockQueue
                0x0000000008003e58       0x6e ../../applications/lorawan-example/build/queue.o
 *fill*         0x0000000008003ec6        0x2 
 .text.xQueueGenericReset
                0x0000000008003ec8       0x84 ../../applications/lorawan-example/build/queue.o
                0x0000000008003ec8                xQueueGenericReset
 .text.prvInitialiseNewQueue
                0x0000000008003f4c       0x1c ../../applications/lorawan-example/build/queue.o
 .text.xQueueGenericCreate
                0x0000000008003f68       0x48 ../../applications/lorawan-example/build/queue.o
                0x0000000008003f68                xQueueGenericCreate
 .text.xQueueGenericSend
                0x0000000008003fb0      0x17c ../../applications/lorawan-example/build/queue.o
                0x0000000008003fb0                xQueueGenericSend
 .text.prvInitialiseMutex
                0x000000000800412c       0x18 ../../applications/lorawan-example/build/queue.o
 .text.xQueueCreateMutex
                0x0000000008004144       0x16 ../../applications/lorawan-example/build/queue.o
                0x0000000008004144                xQueueCreateMutex
 .text.xQueueGenericSendFromISR
                0x000000000800415a       0xcc ../../applications/lorawan-example/build/queue.o
                0x000000000800415a                xQueueGenericSendFromISR
 .text.xQueueGiveFromISR
                0x0000000008004226       0xb2 ../../applications/lorawan-example/build/queue.o
                0x0000000008004226                xQueueGiveFromISR
 .text.xQueueReceive
                0x00000000080042d8      0x158 ../../applications/lorawan-example/build/queue.o
                0x00000000080042d8                xQueueReceive
 .text.xQueueSemaphoreTake
                0x0000000008004430      0x19c ../../applications/lorawan-example/build/queue.o
                0x0000000008004430                xQueueSemaphoreTake
 .text.xQueueReceiveFromISR
                0x00000000080045cc       0xaa ../../applications/lorawan-example/build/queue.o
                0x00000000080045cc                xQueueReceiveFromISR
 *fill*         0x0000000008004676        0x2 
 .text.vQueueAddToRegistry
                0x0000000008004678       0x28 ../../applications/lorawan-example/build/queue.o
                0x0000000008004678                vQueueAddToRegistry
 .text.vQueueWaitForMessageRestricted
                0x00000000080046a0       0x52 ../../applications/lorawan-example/build/queue.o
                0x00000000080046a0                vQueueWaitForMessageRestricted
 .text.vListInitialise
                0x00000000080046f2       0x16 ../../applications/lorawan-example/build/list.o
                0x00000000080046f2                vListInitialise
 .text.vListInitialiseItem
                0x0000000008004708        0x6 ../../applications/lorawan-example/build/list.o
                0x0000000008004708                vListInitialiseItem
 .text.vListInsertEnd
                0x000000000800470e       0x18 ../../applications/lorawan-example/build/list.o
                0x000000000800470e                vListInsertEnd
 .text.vListInsert
                0x0000000008004726       0x34 ../../applications/lorawan-example/build/list.o
                0x0000000008004726                vListInsert
 .text.uxListRemove
                0x000000000800475a       0x28 ../../applications/lorawan-example/build/list.o
                0x000000000800475a                uxListRemove
 *fill*         0x0000000008004782        0x2 
 .text.prvResetNextTaskUnblockTime
                0x0000000008004784       0x2c ../../applications/lorawan-example/build/tasks.o
 .text.prvDeleteTCB
                0x00000000080047b0       0x12 ../../applications/lorawan-example/build/tasks.o
 .text.prvInitialiseNewTask
                0x00000000080047c2       0x80 ../../applications/lorawan-example/build/tasks.o
 *fill*         0x0000000008004842        0x2 
 .text.prvInitialiseTaskLists
                0x0000000008004844       0x68 ../../applications/lorawan-example/build/tasks.o
 .text.prvAddNewTaskToReadyList
                0x00000000080048ac       0xa8 ../../applications/lorawan-example/build/tasks.o
 .text.prvCheckTasksWaitingTermination
                0x0000000008004954       0x4c ../../applications/lorawan-example/build/tasks.o
 .text.prvIdleTask
                0x00000000080049a0       0x28 ../../applications/lorawan-example/build/tasks.o
 .text.prvAddCurrentTaskToDelayedList
                0x00000000080049c8       0x98 ../../applications/lorawan-example/build/tasks.o
 .text.xTaskCreate
                0x0000000008004a60       0x62 ../../applications/lorawan-example/build/tasks.o
                0x0000000008004a60                xTaskCreate
 *fill*         0x0000000008004ac2        0x2 
 .text.vTaskStartScheduler
                0x0000000008004ac4       0x84 ../../applications/lorawan-example/build/tasks.o
                0x0000000008004ac4                vTaskStartScheduler
 .text.vTaskSuspendAll
                0x0000000008004b48       0x10 ../../applications/lorawan-example/build/tasks.o
                0x0000000008004b48                vTaskSuspendAll
 .text.xTaskGetTickCount
                0x0000000008004b58        0xc ../../applications/lorawan-example/build/tasks.o
                0x0000000008004b58                xTaskGetTickCount
 .text.xTaskIncrementTick
                0x0000000008004b64      0x118 ../../applications/lorawan-example/build/tasks.o
                0x0000000008004b64                xTaskIncrementTick
 .text.xTaskResumeAll
                0x0000000008004c7c       0xf4 ../../applications/lorawan-example/build/tasks.o
                0x0000000008004c7c                xTaskResumeAll
 .text.vTaskDelay
                0x0000000008004d70       0x4c ../../applications/lorawan-example/build/tasks.o
                0x0000000008004d70                vTaskDelay
 .text.vTaskSwitchContext
                0x0000000008004dbc       0x98 ../../applications/lorawan-example/build/tasks.o
                0x0000000008004dbc                vTaskSwitchContext
 .text.vTaskPlaceOnEventList
                0x0000000008004e54       0x30 ../../applications/lorawan-example/build/tasks.o
                0x0000000008004e54                vTaskPlaceOnEventList
 .text.vTaskPlaceOnEventListRestricted
                0x0000000008004e84       0x38 ../../applications/lorawan-example/build/tasks.o
                0x0000000008004e84                vTaskPlaceOnEventListRestricted
 .text.xTaskRemoveFromEventList
                0x0000000008004ebc       0x8c ../../applications/lorawan-example/build/tasks.o
                0x0000000008004ebc                xTaskRemoveFromEventList
 .text.vTaskInternalSetTimeOutState
                0x0000000008004f48       0x18 ../../applications/lorawan-example/build/tasks.o
                0x0000000008004f48                vTaskInternalSetTimeOutState
 .text.xTaskCheckForTimeOut
                0x0000000008004f60       0x80 ../../applications/lorawan-example/build/tasks.o
                0x0000000008004f60                xTaskCheckForTimeOut
 .text.vTaskMissedYield
                0x0000000008004fe0        0xc ../../applications/lorawan-example/build/tasks.o
                0x0000000008004fe0                vTaskMissedYield
 .text.xTaskGetSchedulerState
                0x0000000008004fec       0x20 ../../applications/lorawan-example/build/tasks.o
                0x0000000008004fec                xTaskGetSchedulerState
 .text.xTaskPriorityInherit
                0x000000000800500c       0xb8 ../../applications/lorawan-example/build/tasks.o
                0x000000000800500c                xTaskPriorityInherit
 .text.xTaskPriorityDisinherit
                0x00000000080050c4       0xb0 ../../applications/lorawan-example/build/tasks.o
                0x00000000080050c4                xTaskPriorityDisinherit
 .text.vTaskPriorityDisinheritAfterTimeout
                0x0000000008005174       0xc0 ../../applications/lorawan-example/build/tasks.o
                0x0000000008005174                vTaskPriorityDisinheritAfterTimeout
 .text.pvTaskIncrementMutexHeldCount
                0x0000000008005234       0x1c ../../applications/lorawan-example/build/tasks.o
                0x0000000008005234                pvTaskIncrementMutexHeldCount
 .text.ulTaskNotifyTake
                0x0000000008005250       0x78 ../../applications/lorawan-example/build/tasks.o
                0x0000000008005250                ulTaskNotifyTake
 .text.vTaskNotifyGiveFromISR
                0x00000000080052c8       0xd0 ../../applications/lorawan-example/build/tasks.o
                0x00000000080052c8                vTaskNotifyGiveFromISR
 .text.prvGetNextExpireTime
                0x0000000008005398       0x20 ../../applications/lorawan-example/build/timers.o
 .text.prvInsertTimerInActiveList
                0x00000000080053b8       0x48 ../../applications/lorawan-example/build/timers.o
 .text.prvCheckForValidListAndQueue
                0x0000000008005400       0x5c ../../applications/lorawan-example/build/timers.o
 .text.prvInitialiseNewTimer
                0x000000000800545c       0x40 ../../applications/lorawan-example/build/timers.o
 .text.xTimerCreateTimerTask
                0x000000000800549c       0x50 ../../applications/lorawan-example/build/timers.o
                0x000000000800549c                xTimerCreateTimerTask
 .text.xTimerCreate
                0x00000000080054ec       0x32 ../../applications/lorawan-example/build/timers.o
                0x00000000080054ec                xTimerCreate
 *fill*         0x000000000800551e        0x2 
 .text.xTimerGenericCommand
                0x0000000008005520       0x6c ../../applications/lorawan-example/build/timers.o
                0x0000000008005520                xTimerGenericCommand
 .text.prvSwitchTimerLists
                0x000000000800558c       0x78 ../../applications/lorawan-example/build/timers.o
 .text.prvSampleTimeNow
                0x0000000008005604       0x2c ../../applications/lorawan-example/build/timers.o
 .text.prvProcessExpiredTimer
                0x0000000008005630       0x60 ../../applications/lorawan-example/build/timers.o
 .text.prvProcessTimerOrBlockTask
                0x0000000008005690       0x74 ../../applications/lorawan-example/build/timers.o
 .text.prvProcessReceivedCommands
                0x0000000008005704       0xe0 ../../applications/lorawan-example/build/timers.o
 .text.prvTimerTask
                0x00000000080057e4       0x16 ../../applications/lorawan-example/build/timers.o
 .text.makeFreeRtosPriority
                0x00000000080057fa        0xc ../../applications/lorawan-example/build/cmsis_os.o
 .text.inHandlerMode
                0x0000000008005806        0xc ../../applications/lorawan-example/build/cmsis_os.o
 .text.osKernelStart
                0x0000000008005812        0xa ../../applications/lorawan-example/build/cmsis_os.o
                0x0000000008005812                osKernelStart
 .text.osThreadCreate
                0x000000000800581c       0x34 ../../applications/lorawan-example/build/cmsis_os.o
                0x000000000800581c                osThreadCreate
 .text.osDelay  0x0000000008005850       0x12 ../../applications/lorawan-example/build/cmsis_os.o
                0x0000000008005850                osDelay
 *fill*         0x0000000008005862        0x2 
 .text.osTimerCreate
                0x0000000008005864       0x28 ../../applications/lorawan-example/build/cmsis_os.o
                0x0000000008005864                osTimerCreate
 .text.osTimerStart
                0x000000000800588c       0x6c ../../applications/lorawan-example/build/cmsis_os.o
                0x000000000800588c                osTimerStart
 .text.osMutexCreate
                0x00000000080058f8        0xa ../../applications/lorawan-example/build/cmsis_os.o
                0x00000000080058f8                osMutexCreate
 *fill*         0x0000000008005902        0x2 
 .text.osMutexWait
                0x0000000008005904       0x70 ../../applications/lorawan-example/build/cmsis_os.o
                0x0000000008005904                osMutexWait
 .text.osMutexRelease
                0x0000000008005974       0x5c ../../applications/lorawan-example/build/cmsis_os.o
                0x0000000008005974                osMutexRelease
 .text.prvHeapInit
                0x00000000080059d0       0x64 ../../applications/lorawan-example/build/heap_4.o
 .text.prvInsertBlockIntoFreeList
                0x0000000008005a34       0x58 ../../applications/lorawan-example/build/heap_4.o
 .text.pvPortMalloc
                0x0000000008005a8c      0x108 ../../applications/lorawan-example/build/heap_4.o
                0x0000000008005a8c                pvPortMalloc
 .text.vPortFree
                0x0000000008005b94       0x70 ../../applications/lorawan-example/build/heap_4.o
                0x0000000008005b94                vPortFree
 .text.prvTaskExitError
                0x0000000008005c04       0x40 ../../applications/lorawan-example/build/port.o
 .text.prvPortStartFirstTask
                0x0000000008005c44       0x28 ../../applications/lorawan-example/build/port.o
 .text.vPortEnableVFP
                0x0000000008005c6c       0x14 ../../applications/lorawan-example/build/port.o
 .text.pxPortInitialiseStack
                0x0000000008005c80       0x2c ../../applications/lorawan-example/build/port.o
                0x0000000008005c80                pxPortInitialiseStack
 *fill*         0x0000000008005cac        0x4 
 .text.SVC_Handler
                0x0000000008005cb0       0x24 ../../applications/lorawan-example/build/port.o
                0x0000000008005cb0                SVC_Handler
 .text.vPortEnterCritical
                0x0000000008005cd4       0x44 ../../applications/lorawan-example/build/port.o
                0x0000000008005cd4                vPortEnterCritical
 .text.vPortExitCritical
                0x0000000008005d18       0x2c ../../applications/lorawan-example/build/port.o
                0x0000000008005d18                vPortExitCritical
 *fill*         0x0000000008005d44        0xc 
 .text.PendSV_Handler
                0x0000000008005d50       0x64 ../../applications/lorawan-example/build/port.o
                0x0000000008005d50                PendSV_Handler
 .text.SysTick_Handler
                0x0000000008005db4       0x2c ../../applications/lorawan-example/build/port.o
                0x0000000008005db4                SysTick_Handler
 .text.vPortSetupTimerInterrupt
                0x0000000008005de0       0x38 ../../applications/lorawan-example/build/port.o
                0x0000000008005de0                vPortSetupTimerInterrupt
 .text.xPortStartScheduler
                0x0000000008005e18      0x110 ../../applications/lorawan-example/build/port.o
                0x0000000008005e18                xPortStartScheduler
 .text.vPortValidateInterruptPriority
                0x0000000008005f28       0x5c ../../applications/lorawan-example/build/port.o
                0x0000000008005f28                vPortValidateInterruptPriority
 .text.SystemInit
                0x0000000008005f84       0x48 ../../applications/lorawan-example/build/system_stm32l4xx.o
                0x0000000008005f84                SystemInit
 .text.OCTA_Initialize_Common_Peripherals
                0x0000000008005fcc       0x18 ../../applications/lorawan-example/build/octa.o
                0x0000000008005fcc                OCTA_Initialize_Common_Peripherals
 .text.OCTA_Initialize_P1_Peripherals
                0x0000000008005fe4       0x54 ../../applications/lorawan-example/build/octa.o
                0x0000000008005fe4                OCTA_Initialize_P1_Peripherals
 .text.OCTA_Initialize_P2_Peripherals
                0x0000000008006038       0x54 ../../applications/lorawan-example/build/octa.o
                0x0000000008006038                OCTA_Initialize_P2_Peripherals
 .text.OCTA_Initialize_P3_Peripherals
                0x000000000800608c       0x54 ../../applications/lorawan-example/build/octa.o
                0x000000000800608c                OCTA_Initialize_P3_Peripherals
 .text.OCTA_Initialize_Platform
                0x00000000080060e0       0x14 ../../applications/lorawan-example/build/octa.o
                0x00000000080060e0                OCTA_Initialize_Platform
 .text.get_UID  0x00000000080060f4       0x20 ../../applications/lorawan-example/build/octa.o
                0x00000000080060f4                get_UID
 .text.platform_initialize_UART
                0x0000000008006114       0x3c ../../applications/lorawan-example/build/octa.o
                0x0000000008006114                platform_initialize_UART
 .text.platform_getHeader
                0x0000000008006150       0x9c ../../applications/lorawan-example/build/octa.o
                0x0000000008006150                platform_getHeader
 .text.USB_UART_Init
                0x00000000080061ec       0x34 ../../applications/lorawan-example/build/uart.o
                0x00000000080061ec                USB_UART_Init
 .text.P1_UART_Init
                0x0000000008006220       0x48 ../../applications/lorawan-example/build/uart.o
                0x0000000008006220                P1_UART_Init
 .text.P2_UART_Init
                0x0000000008006268       0x48 ../../applications/lorawan-example/build/uart.o
                0x0000000008006268                P2_UART_Init
 .text.P3_UART_Init
                0x00000000080062b0       0x48 ../../applications/lorawan-example/build/uart.o
                0x00000000080062b0                P3_UART_Init
 .text.__io_putchar
                0x00000000080062f8       0x24 ../../applications/lorawan-example/build/uart.o
                0x00000000080062f8                __io_putchar
 .text._write   0x000000000800631c       0x1c ../../applications/lorawan-example/build/uart.o
                0x000000000800631c                _write
 .text.RTOS_Send_Notification
                0x0000000008006338       0x40 ../../applications/lorawan-example/build/rtosmacros.o
                0x0000000008006338                RTOS_Send_Notification
 .text.OCTA_IWDG_Init
                0x0000000008006378       0x2c ../../applications/lorawan-example/build/iwdg.o
                0x0000000008006378                OCTA_IWDG_Init
 .text.IWDG_feed
                0x00000000080063a4       0x10 ../../applications/lorawan-example/build/iwdg.o
                0x00000000080063a4                IWDG_feed
 .text.OCTA_GPIO_Init
                0x00000000080063b4      0x2c0 ../../applications/lorawan-example/build/gpio.o
                0x00000000080063b4                OCTA_GPIO_Init
 .text.SystemClock_Config
                0x0000000008006674       0xb8 ../../applications/lorawan-example/build/sysclock.o
                0x0000000008006674                SystemClock_Config
 .text.HAL_MspInit
                0x000000000800672c       0x40 ../../applications/lorawan-example/build/stm32l4xx_hal_msp.o
                0x000000000800672c                HAL_MspInit
 .text.HAL_I2C_MspInit
                0x000000000800676c      0x18c ../../applications/lorawan-example/build/stm32l4xx_hal_msp.o
                0x000000000800676c                HAL_I2C_MspInit
 .text.HAL_UART_MspInit
                0x00000000080068f8      0x188 ../../applications/lorawan-example/build/stm32l4xx_hal_msp.o
                0x00000000080068f8                HAL_UART_MspInit
 .text.HAL_InitTick
                0x0000000008006a80       0x78 ../../applications/lorawan-example/build/stm32l4xx_hal_timebase_tim.o
                0x0000000008006a80                HAL_InitTick
 .text.NMI_Handler
                0x0000000008006af8        0x2 ../../applications/lorawan-example/build/stm32l4xx_it.o
                0x0000000008006af8                NMI_Handler
 .text.HardFault_Handler
                0x0000000008006afa        0x2 ../../applications/lorawan-example/build/stm32l4xx_it.o
                0x0000000008006afa                HardFault_Handler
 .text.MemManage_Handler
                0x0000000008006afc        0x2 ../../applications/lorawan-example/build/stm32l4xx_it.o
                0x0000000008006afc                MemManage_Handler
 .text.BusFault_Handler
                0x0000000008006afe        0x2 ../../applications/lorawan-example/build/stm32l4xx_it.o
                0x0000000008006afe                BusFault_Handler
 .text.UsageFault_Handler
                0x0000000008006b00        0x2 ../../applications/lorawan-example/build/stm32l4xx_it.o
                0x0000000008006b00                UsageFault_Handler
 .text.DebugMon_Handler
                0x0000000008006b02        0x2 ../../applications/lorawan-example/build/stm32l4xx_it.o
                0x0000000008006b02                DebugMon_Handler
 .text.TIM1_UP_TIM16_IRQHandler
                0x0000000008006b04       0x10 ../../applications/lorawan-example/build/stm32l4xx_it.o
                0x0000000008006b04                TIM1_UP_TIM16_IRQHandler
 .text.USART2_IRQHandler
                0x0000000008006b14       0x10 ../../applications/lorawan-example/build/stm32l4xx_it.o
                0x0000000008006b14                USART2_IRQHandler
 .text.USART3_IRQHandler
                0x0000000008006b24       0x10 ../../applications/lorawan-example/build/stm32l4xx_it.o
                0x0000000008006b24                USART3_IRQHandler
 .text.UART5_IRQHandler
                0x0000000008006b34       0x10 ../../applications/lorawan-example/build/stm32l4xx_it.o
                0x0000000008006b34                UART5_IRQHandler
 .text.SPI1_IRQHandler
                0x0000000008006b44       0x10 ../../applications/lorawan-example/build/stm32l4xx_it.o
                0x0000000008006b44                SPI1_IRQHandler
 .text.SPI2_IRQHandler
                0x0000000008006b54       0x10 ../../applications/lorawan-example/build/stm32l4xx_it.o
                0x0000000008006b54                SPI2_IRQHandler
 .text.SPI3_IRQHandler
                0x0000000008006b64       0x10 ../../applications/lorawan-example/build/stm32l4xx_it.o
                0x0000000008006b64                SPI3_IRQHandler
 .text.common_I2C_Init
                0x0000000008006b74       0x58 ../../applications/lorawan-example/build/i2c.o
                0x0000000008006b74                common_I2C_Init
 .text.Reset_Handler
                0x0000000008006bcc       0x50 ../../applications/lorawan-example/build/startup_stm32l496xx.o
                0x0000000008006bcc                Reset_Handler
 .text.Default_Handler
                0x0000000008006c1c        0x2 ../../applications/lorawan-example/build/startup_stm32l496xx.o
                0x0000000008006c1c                RTC_Alarm_IRQHandler
                0x0000000008006c1c                EXTI2_IRQHandler
                0x0000000008006c1c                TIM8_TRG_COM_IRQHandler
                0x0000000008006c1c                TIM8_CC_IRQHandler
                0x0000000008006c1c                TIM1_CC_IRQHandler
                0x0000000008006c1c                TSC_IRQHandler
                0x0000000008006c1c                TAMP_STAMP_IRQHandler
                0x0000000008006c1c                CAN2_RX1_IRQHandler
                0x0000000008006c1c                EXTI3_IRQHandler
                0x0000000008006c1c                LPTIM2_IRQHandler
                0x0000000008006c1c                DFSDM1_FLT1_IRQHandler
                0x0000000008006c1c                I2C3_ER_IRQHandler
                0x0000000008006c1c                DFSDM1_FLT2_IRQHandler
                0x0000000008006c1c                EXTI0_IRQHandler
                0x0000000008006c1c                I2C2_EV_IRQHandler
                0x0000000008006c1c                CAN1_RX0_IRQHandler
                0x0000000008006c1c                FPU_IRQHandler
                0x0000000008006c1c                CAN2_SCE_IRQHandler
                0x0000000008006c1c                ADC1_2_IRQHandler
                0x0000000008006c1c                TIM6_DAC_IRQHandler
                0x0000000008006c1c                DCMI_IRQHandler
                0x0000000008006c1c                CAN2_RX0_IRQHandler
                0x0000000008006c1c                TIM8_UP_IRQHandler
                0x0000000008006c1c                DMA2_Channel2_IRQHandler
                0x0000000008006c1c                DMA1_Channel4_IRQHandler
                0x0000000008006c1c                SAI2_IRQHandler
                0x0000000008006c1c                DFSDM1_FLT3_IRQHandler
                0x0000000008006c1c                DMA1_Channel7_IRQHandler
                0x0000000008006c1c                CAN1_RX1_IRQHandler
                0x0000000008006c1c                LCD_IRQHandler
                0x0000000008006c1c                ADC3_IRQHandler
                0x0000000008006c1c                TIM4_IRQHandler
                0x0000000008006c1c                DMA2_Channel1_IRQHandler
                0x0000000008006c1c                QUADSPI_IRQHandler
                0x0000000008006c1c                I2C1_EV_IRQHandler
                0x0000000008006c1c                DMA1_Channel6_IRQHandler
                0x0000000008006c1c                UART4_IRQHandler
                0x0000000008006c1c                DMA2_Channel4_IRQHandler
                0x0000000008006c1c                TIM3_IRQHandler
                0x0000000008006c1c                RCC_IRQHandler
                0x0000000008006c1c                DMA1_Channel1_IRQHandler
                0x0000000008006c1c                Default_Handler
                0x0000000008006c1c                DMA2_Channel7_IRQHandler
                0x0000000008006c1c                EXTI15_10_IRQHandler
                0x0000000008006c1c                TIM7_IRQHandler
                0x0000000008006c1c                SDMMC1_IRQHandler
                0x0000000008006c1c                CAN2_TX_IRQHandler
                0x0000000008006c1c                TIM5_IRQHandler
                0x0000000008006c1c                I2C3_EV_IRQHandler
                0x0000000008006c1c                EXTI9_5_IRQHandler
                0x0000000008006c1c                RTC_WKUP_IRQHandler
                0x0000000008006c1c                PVD_PVM_IRQHandler
                0x0000000008006c1c                CAN1_TX_IRQHandler
                0x0000000008006c1c                DMA2_Channel5_IRQHandler
                0x0000000008006c1c                CRS_IRQHandler
                0x0000000008006c1c                DMA1_Channel5_IRQHandler
                0x0000000008006c1c                EXTI4_IRQHandler
                0x0000000008006c1c                RNG_IRQHandler
                0x0000000008006c1c                TIM1_TRG_COM_TIM17_IRQHandler
                0x0000000008006c1c                DMA1_Channel3_IRQHandler
                0x0000000008006c1c                COMP_IRQHandler
                0x0000000008006c1c                WWDG_IRQHandler
                0x0000000008006c1c                I2C4_EV_IRQHandler
                0x0000000008006c1c                LPUART1_IRQHandler
                0x0000000008006c1c                DMA2_Channel6_IRQHandler
                0x0000000008006c1c                TIM2_IRQHandler
                0x0000000008006c1c                EXTI1_IRQHandler
                0x0000000008006c1c                DFSDM1_FLT0_IRQHandler
                0x0000000008006c1c                I2C2_ER_IRQHandler
                0x0000000008006c1c                DMA1_Channel2_IRQHandler
                0x0000000008006c1c                TIM8_BRK_IRQHandler
                0x0000000008006c1c                CAN1_SCE_IRQHandler
                0x0000000008006c1c                FLASH_IRQHandler
                0x0000000008006c1c                USART1_IRQHandler
                0x0000000008006c1c                OTG_FS_IRQHandler
                0x0000000008006c1c                I2C1_ER_IRQHandler
                0x0000000008006c1c                FMC_IRQHandler
                0x0000000008006c1c                SWPMI1_IRQHandler
                0x0000000008006c1c                LPTIM1_IRQHandler
                0x0000000008006c1c                I2C4_ER_IRQHandler
                0x0000000008006c1c                SAI1_IRQHandler
                0x0000000008006c1c                DMA2_Channel3_IRQHandler
                0x0000000008006c1c                TIM1_BRK_TIM15_IRQHandler
 *fill*         0x0000000008006c1e        0x2 
 .text.__assert_func
                0x0000000008006c20       0x3c /home/mats/gcc-arm-none-eabi-7-2018-q2-update/bin/../lib/gcc/arm-none-eabi/7.3.1/../../../../arm-none-eabi/lib/thumb/v7e-m/fpv4-sp/hard/libc_nano.a(lib_a-assert.o)
                0x0000000008006c20                __assert_func
 .text.fprintf  0x0000000008006c5c       0x24 /home/mats/gcc-arm-none-eabi-7-2018-q2-update/bin/../lib/gcc/arm-none-eabi/7.3.1/../../../../arm-none-eabi/lib/thumb/v7e-m/fpv4-sp/hard/libc_nano.a(lib_a-fprintf.o)
                0x0000000008006c5c                fprintf
                0x0000000008006c5c                fiprintf
 .text.__libc_init_array
                0x0000000008006c80       0x48 /home/mats/gcc-arm-none-eabi-7-2018-q2-update/bin/../lib/gcc/arm-none-eabi/7.3.1/../../../../arm-none-eabi/lib/thumb/v7e-m/fpv4-sp/hard/libc_nano.a(lib_a-init.o)
                0x0000000008006c80                __libc_init_array
 .text.memcpy   0x0000000008006cc8       0x16 /home/mats/gcc-arm-none-eabi-7-2018-q2-update/bin/../lib/gcc/arm-none-eabi/7.3.1/../../../../arm-none-eabi/lib/thumb/v7e-m/fpv4-sp/hard/libc_nano.a(lib_a-memcpy-stub.o)
                0x0000000008006cc8                memcpy
 .text.memset   0x0000000008006cde       0x10 /home/mats/gcc-arm-none-eabi-7-2018-q2-update/bin/../lib/gcc/arm-none-eabi/7.3.1/../../../../arm-none-eabi/lib/thumb/v7e-m/fpv4-sp/hard/libc_nano.a(lib_a-memset.o)
                0x0000000008006cde                memset
 .text.__sfputc_r
                0x0000000008006cee       0x2e /home/mats/gcc-arm-none-eabi-7-2018-q2-update/bin/../lib/gcc/arm-none-eabi/7.3.1/../../../../arm-none-eabi/lib/thumb/v7e-m/fpv4-sp/hard/libc_nano.a(lib_a-nano-vfprintf.o)
 .text.__sfputs_r
                0x0000000008006d1c       0x24 /home/mats/gcc-arm-none-eabi-7-2018-q2-update/bin/../lib/gcc/arm-none-eabi/7.3.1/../../../../arm-none-eabi/lib/thumb/v7e-m/fpv4-sp/hard/libc_nano.a(lib_a-nano-vfprintf.o)
                0x0000000008006d1c                __sfputs_r
 .text._vfprintf_r
                0x0000000008006d40      0x22c /home/mats/gcc-arm-none-eabi-7-2018-q2-update/bin/../lib/gcc/arm-none-eabi/7.3.1/../../../../arm-none-eabi/lib/thumb/v7e-m/fpv4-sp/hard/libc_nano.a(lib_a-nano-vfprintf.o)
                0x0000000008006d40                _vfiprintf_r
                0x0000000008006d40                _vfprintf_r
 .text._printf_common
                0x0000000008006f6c       0xea /home/mats/gcc-arm-none-eabi-7-2018-q2-update/bin/../lib/gcc/arm-none-eabi/7.3.1/../../../../arm-none-eabi/lib/thumb/v7e-m/fpv4-sp/hard/libc_nano.a(lib_a-nano-vfprintf_i.o)
                0x0000000008006f6c                _printf_common
 *fill*         0x0000000008007056        0x2 
 .text._printf_i
                0x0000000008007058      0x224 /home/mats/gcc-arm-none-eabi-7-2018-q2-update/bin/../lib/gcc/arm-none-eabi/7.3.1/../../../../arm-none-eabi/lib/thumb/v7e-m/fpv4-sp/hard/libc_nano.a(lib_a-nano-vfprintf_i.o)
                0x0000000008007058                _printf_i
 .text.printf   0x000000000800727c       0x30 /home/mats/gcc-arm-none-eabi-7-2018-q2-update/bin/../lib/gcc/arm-none-eabi/7.3.1/../../../../arm-none-eabi/lib/thumb/v7e-m/fpv4-sp/hard/libc_nano.a(lib_a-printf.o)
                0x000000000800727c                printf
                0x000000000800727c                iprintf
 .text._puts_r  0x00000000080072ac       0xb8 /home/mats/gcc-arm-none-eabi-7-2018-q2-update/bin/../lib/gcc/arm-none-eabi/7.3.1/../../../../arm-none-eabi/lib/thumb/v7e-m/fpv4-sp/hard/libc_nano.a(lib_a-puts.o)
                0x00000000080072ac                _puts_r
 .text.puts     0x0000000008007364       0x10 /home/mats/gcc-arm-none-eabi-7-2018-q2-update/bin/../lib/gcc/arm-none-eabi/7.3.1/../../../../arm-none-eabi/lib/thumb/v7e-m/fpv4-sp/hard/libc_nano.a(lib_a-puts.o)
                0x0000000008007364                puts
 .text.__swbuf_r
                0x0000000008007374       0xa4 /home/mats/gcc-arm-none-eabi-7-2018-q2-update/bin/../lib/gcc/arm-none-eabi/7.3.1/../../../../arm-none-eabi/lib/thumb/v7e-m/fpv4-sp/hard/libc_nano.a(lib_a-wbuf.o)
                0x0000000008007374                __swbuf_r
 .text.__swsetup_r
                0x0000000008007418       0xdc /home/mats/gcc-arm-none-eabi-7-2018-q2-update/bin/../lib/gcc/arm-none-eabi/7.3.1/../../../../arm-none-eabi/lib/thumb/v7e-m/fpv4-sp/hard/libc_nano.a(lib_a-wsetup.o)
                0x0000000008007418                __swsetup_r
 .text.abort    0x00000000080074f4        0xe /home/mats/gcc-arm-none-eabi-7-2018-q2-update/bin/../lib/gcc/arm-none-eabi/7.3.1/../../../../arm-none-eabi/lib/thumb/v7e-m/fpv4-sp/hard/libc_nano.a(lib_a-abort.o)
                0x00000000080074f4                abort
 *fill*         0x0000000008007502        0x2 
 .text.__sflush_r
                0x0000000008007504      0x10c /home/mats/gcc-arm-none-eabi-7-2018-q2-update/bin/../lib/gcc/arm-none-eabi/7.3.1/../../../../arm-none-eabi/lib/thumb/v7e-m/fpv4-sp/hard/libc_nano.a(lib_a-fflush.o)
                0x0000000008007504                __sflush_r
 .text._fflush_r
                0x0000000008007610       0x54 /home/mats/gcc-arm-none-eabi-7-2018-q2-update/bin/../lib/gcc/arm-none-eabi/7.3.1/../../../../arm-none-eabi/lib/thumb/v7e-m/fpv4-sp/hard/libc_nano.a(lib_a-fflush.o)
                0x0000000008007610                _fflush_r
 .text.std      0x0000000008007664       0x48 /home/mats/gcc-arm-none-eabi-7-2018-q2-update/bin/../lib/gcc/arm-none-eabi/7.3.1/../../../../arm-none-eabi/lib/thumb/v7e-m/fpv4-sp/hard/libc_nano.a(lib_a-findfp.o)
 .text._cleanup_r
                0x00000000080076ac        0xc /home/mats/gcc-arm-none-eabi-7-2018-q2-update/bin/../lib/gcc/arm-none-eabi/7.3.1/../../../../arm-none-eabi/lib/thumb/v7e-m/fpv4-sp/hard/libc_nano.a(lib_a-findfp.o)
                0x00000000080076ac                _cleanup_r
 .text.__sfmoreglue
                0x00000000080076b8       0x2c /home/mats/gcc-arm-none-eabi-7-2018-q2-update/bin/../lib/gcc/arm-none-eabi/7.3.1/../../../../arm-none-eabi/lib/thumb/v7e-m/fpv4-sp/hard/libc_nano.a(lib_a-findfp.o)
                0x00000000080076b8                __sfmoreglue
 .text.__sinit  0x00000000080076e4       0x60 /home/mats/gcc-arm-none-eabi-7-2018-q2-update/bin/../lib/gcc/arm-none-eabi/7.3.1/../../../../arm-none-eabi/lib/thumb/v7e-m/fpv4-sp/hard/libc_nano.a(lib_a-findfp.o)
                0x00000000080076e4                __sinit
 .text.__sfp    0x0000000008007744       0x78 /home/mats/gcc-arm-none-eabi-7-2018-q2-update/bin/../lib/gcc/arm-none-eabi/7.3.1/../../../../arm-none-eabi/lib/thumb/v7e-m/fpv4-sp/hard/libc_nano.a(lib_a-findfp.o)
                0x0000000008007744                __sfp
 .text._fwalk_reent
                0x00000000080077bc       0x3c /home/mats/gcc-arm-none-eabi-7-2018-q2-update/bin/../lib/gcc/arm-none-eabi/7.3.1/../../../../arm-none-eabi/lib/thumb/v7e-m/fpv4-sp/hard/libc_nano.a(lib_a-fwalk.o)
                0x00000000080077bc                _fwalk_reent
 .text.__swhatbuf_r
                0x00000000080077f8       0x48 /home/mats/gcc-arm-none-eabi-7-2018-q2-update/bin/../lib/gcc/arm-none-eabi/7.3.1/../../../../arm-none-eabi/lib/thumb/v7e-m/fpv4-sp/hard/libc_nano.a(lib_a-makebuf.o)
                0x00000000080077f8                __swhatbuf_r
 .text.__smakebuf_r
                0x0000000008007840       0x80 /home/mats/gcc-arm-none-eabi-7-2018-q2-update/bin/../lib/gcc/arm-none-eabi/7.3.1/../../../../arm-none-eabi/lib/thumb/v7e-m/fpv4-sp/hard/libc_nano.a(lib_a-makebuf.o)
                0x0000000008007840                __smakebuf_r
 .text._free_r  0x00000000080078c0       0x9c /home/mats/gcc-arm-none-eabi-7-2018-q2-update/bin/../lib/gcc/arm-none-eabi/7.3.1/../../../../arm-none-eabi/lib/thumb/v7e-m/fpv4-sp/hard/libc_nano.a(lib_a-nano-freer.o)
                0x00000000080078c0                _free_r
 .text._malloc_r
                0x000000000800795c       0xb4 /home/mats/gcc-arm-none-eabi-7-2018-q2-update/bin/../lib/gcc/arm-none-eabi/7.3.1/../../../../arm-none-eabi/lib/thumb/v7e-m/fpv4-sp/hard/libc_nano.a(lib_a-nano-mallocr.o)
                0x000000000800795c                _malloc_r
 .text._sbrk_r  0x0000000008007a10       0x20 /home/mats/gcc-arm-none-eabi-7-2018-q2-update/bin/../lib/gcc/arm-none-eabi/7.3.1/../../../../arm-none-eabi/lib/thumb/v7e-m/fpv4-sp/hard/libc_nano.a(lib_a-sbrkr.o)
                0x0000000008007a10                _sbrk_r
 .text._raise_r
                0x0000000008007a30       0x50 /home/mats/gcc-arm-none-eabi-7-2018-q2-update/bin/../lib/gcc/arm-none-eabi/7.3.1/../../../../arm-none-eabi/lib/thumb/v7e-m/fpv4-sp/hard/libc_nano.a(lib_a-signal.o)
                0x0000000008007a30                _raise_r
 .text.raise    0x0000000008007a80       0x10 /home/mats/gcc-arm-none-eabi-7-2018-q2-update/bin/../lib/gcc/arm-none-eabi/7.3.1/../../../../arm-none-eabi/lib/thumb/v7e-m/fpv4-sp/hard/libc_nano.a(lib_a-signal.o)
                0x0000000008007a80                raise
 .text._kill_r  0x0000000008007a90       0x24 /home/mats/gcc-arm-none-eabi-7-2018-q2-update/bin/../lib/gcc/arm-none-eabi/7.3.1/../../../../arm-none-eabi/lib/thumb/v7e-m/fpv4-sp/hard/libc_nano.a(lib_a-signalr.o)
                0x0000000008007a90                _kill_r
 .text._getpid_r
                0x0000000008007ab4        0x4 /home/mats/gcc-arm-none-eabi-7-2018-q2-update/bin/../lib/gcc/arm-none-eabi/7.3.1/../../../../arm-none-eabi/lib/thumb/v7e-m/fpv4-sp/hard/libc_nano.a(lib_a-signalr.o)
                0x0000000008007ab4                _getpid_r
 .text.__sread  0x0000000008007ab8       0x22 /home/mats/gcc-arm-none-eabi-7-2018-q2-update/bin/../lib/gcc/arm-none-eabi/7.3.1/../../../../arm-none-eabi/lib/thumb/v7e-m/fpv4-sp/hard/libc_nano.a(lib_a-stdio.o)
                0x0000000008007ab8                __sread
 .text.__swrite
                0x0000000008007ada       0x38 /home/mats/gcc-arm-none-eabi-7-2018-q2-update/bin/../lib/gcc/arm-none-eabi/7.3.1/../../../../arm-none-eabi/lib/thumb/v7e-m/fpv4-sp/hard/libc_nano.a(lib_a-stdio.o)
                0x0000000008007ada                __swrite
 .text.__sseek  0x0000000008007b12       0x24 /home/mats/gcc-arm-none-eabi-7-2018-q2-update/bin/../lib/gcc/arm-none-eabi/7.3.1/../../../../arm-none-eabi/lib/thumb/v7e-m/fpv4-sp/hard/libc_nano.a(lib_a-stdio.o)
                0x0000000008007b12                __sseek
 .text.__sclose
                0x0000000008007b36        0x8 /home/mats/gcc-arm-none-eabi-7-2018-q2-update/bin/../lib/gcc/arm-none-eabi/7.3.1/../../../../arm-none-eabi/lib/thumb/v7e-m/fpv4-sp/hard/libc_nano.a(lib_a-stdio.o)
                0x0000000008007b36                __sclose
 *fill*         0x0000000008007b3e        0x2 
 .text._write_r
                0x0000000008007b40       0x24 /home/mats/gcc-arm-none-eabi-7-2018-q2-update/bin/../lib/gcc/arm-none-eabi/7.3.1/../../../../arm-none-eabi/lib/thumb/v7e-m/fpv4-sp/hard/libc_nano.a(lib_a-writer.o)
                0x0000000008007b40                _write_r
 .text._close_r
                0x0000000008007b64       0x20 /home/mats/gcc-arm-none-eabi-7-2018-q2-update/bin/../lib/gcc/arm-none-eabi/7.3.1/../../../../arm-none-eabi/lib/thumb/v7e-m/fpv4-sp/hard/libc_nano.a(lib_a-closer.o)
                0x0000000008007b64                _close_r
 .text._fstat_r
                0x0000000008007b84       0x24 /home/mats/gcc-arm-none-eabi-7-2018-q2-update/bin/../lib/gcc/arm-none-eabi/7.3.1/../../../../arm-none-eabi/lib/thumb/v7e-m/fpv4-sp/hard/libc_nano.a(lib_a-fstatr.o)
                0x0000000008007b84                _fstat_r
 .text._isatty_r
                0x0000000008007ba8       0x20 /home/mats/gcc-arm-none-eabi-7-2018-q2-update/bin/../lib/gcc/arm-none-eabi/7.3.1/../../../../arm-none-eabi/lib/thumb/v7e-m/fpv4-sp/hard/libc_nano.a(lib_a-isattyr.o)
                0x0000000008007ba8                _isatty_r
 .text._lseek_r
                0x0000000008007bc8       0x24 /home/mats/gcc-arm-none-eabi-7-2018-q2-update/bin/../lib/gcc/arm-none-eabi/7.3.1/../../../../arm-none-eabi/lib/thumb/v7e-m/fpv4-sp/hard/libc_nano.a(lib_a-lseekr.o)
                0x0000000008007bc8                _lseek_r
 .text.__malloc_lock
                0x0000000008007bec        0x2 /home/mats/gcc-arm-none-eabi-7-2018-q2-update/bin/../lib/gcc/arm-none-eabi/7.3.1/../../../../arm-none-eabi/lib/thumb/v7e-m/fpv4-sp/hard/libc_nano.a(lib_a-mlock.o)
                0x0000000008007bec                __malloc_lock
 .text.__malloc_unlock
                0x0000000008007bee        0x2 /home/mats/gcc-arm-none-eabi-7-2018-q2-update/bin/../lib/gcc/arm-none-eabi/7.3.1/../../../../arm-none-eabi/lib/thumb/v7e-m/fpv4-sp/hard/libc_nano.a(lib_a-mlock.o)
                0x0000000008007bee                __malloc_unlock
 .text._read_r  0x0000000008007bf0       0x24 /home/mats/gcc-arm-none-eabi-7-2018-q2-update/bin/../lib/gcc/arm-none-eabi/7.3.1/../../../../arm-none-eabi/lib/thumb/v7e-m/fpv4-sp/hard/libc_nano.a(lib_a-readr.o)
                0x0000000008007bf0                _read_r
 .text._close   0x0000000008007c14       0x10 /home/mats/gcc-arm-none-eabi-7-2018-q2-update/bin/../lib/gcc/arm-none-eabi/7.3.1/../../../../arm-none-eabi/lib/thumb/v7e-m/fpv4-sp/hard/libnosys.a(close.o)
                0x0000000008007c14                _close
 .text._fstat   0x0000000008007c24       0x10 /home/mats/gcc-arm-none-eabi-7-2018-q2-update/bin/../lib/gcc/arm-none-eabi/7.3.1/../../../../arm-none-eabi/lib/thumb/v7e-m/fpv4-sp/hard/libnosys.a(fstat.o)
                0x0000000008007c24                _fstat
 .text._getpid  0x0000000008007c34       0x10 /home/mats/gcc-arm-none-eabi-7-2018-q2-update/bin/../lib/gcc/arm-none-eabi/7.3.1/../../../../arm-none-eabi/lib/thumb/v7e-m/fpv4-sp/hard/libnosys.a(getpid.o)
                0x0000000008007c34                _getpid
 .text._isatty  0x0000000008007c44       0x10 /home/mats/gcc-arm-none-eabi-7-2018-q2-update/bin/../lib/gcc/arm-none-eabi/7.3.1/../../../../arm-none-eabi/lib/thumb/v7e-m/fpv4-sp/hard/libnosys.a(isatty.o)
                0x0000000008007c44                _isatty
 .text._kill    0x0000000008007c54       0x10 /home/mats/gcc-arm-none-eabi-7-2018-q2-update/bin/../lib/gcc/arm-none-eabi/7.3.1/../../../../arm-none-eabi/lib/thumb/v7e-m/fpv4-sp/hard/libnosys.a(kill.o)
                0x0000000008007c54                _kill
 .text._lseek   0x0000000008007c64       0x10 /home/mats/gcc-arm-none-eabi-7-2018-q2-update/bin/../lib/gcc/arm-none-eabi/7.3.1/../../../../arm-none-eabi/lib/thumb/v7e-m/fpv4-sp/hard/libnosys.a(lseek.o)
                0x0000000008007c64                _lseek
 .text._read    0x0000000008007c74       0x10 /home/mats/gcc-arm-none-eabi-7-2018-q2-update/bin/../lib/gcc/arm-none-eabi/7.3.1/../../../../arm-none-eabi/lib/thumb/v7e-m/fpv4-sp/hard/libnosys.a(read.o)
                0x0000000008007c74                _read
 .text._sbrk    0x0000000008007c84       0x1c /home/mats/gcc-arm-none-eabi-7-2018-q2-update/bin/../lib/gcc/arm-none-eabi/7.3.1/../../../../arm-none-eabi/lib/thumb/v7e-m/fpv4-sp/hard/libnosys.a(sbrk.o)
                0x0000000008007c84                _sbrk
 .text._exit    0x0000000008007ca0        0x4 /home/mats/gcc-arm-none-eabi-7-2018-q2-update/bin/../lib/gcc/arm-none-eabi/7.3.1/../../../../arm-none-eabi/lib/thumb/v7e-m/fpv4-sp/hard/libnosys.a(_exit.o)
                0x0000000008007ca0                _exit
 *(.glue_7)
 .glue_7        0x0000000008007ca4        0x0 linker stubs
 *(.glue_7t)
 .glue_7t       0x0000000008007ca4        0x0 linker stubs
 *(.eh_frame)
 .eh_frame      0x0000000008007ca4        0x0 /home/mats/gcc-arm-none-eabi-7-2018-q2-update/bin/../lib/gcc/arm-none-eabi/7.3.1/thumb/v7e-m/fpv4-sp/hard/crtbegin.o
 *(.init)
 .init          0x0000000008007ca4        0x4 /home/mats/gcc-arm-none-eabi-7-2018-q2-update/bin/../lib/gcc/arm-none-eabi/7.3.1/thumb/v7e-m/fpv4-sp/hard/crti.o
                0x0000000008007ca4                _init
 .init          0x0000000008007ca8        0x8 /home/mats/gcc-arm-none-eabi-7-2018-q2-update/bin/../lib/gcc/arm-none-eabi/7.3.1/thumb/v7e-m/fpv4-sp/hard/crtn.o
 *(.fini)
 .fini          0x0000000008007cb0        0x4 /home/mats/gcc-arm-none-eabi-7-2018-q2-update/bin/../lib/gcc/arm-none-eabi/7.3.1/thumb/v7e-m/fpv4-sp/hard/crti.o
                0x0000000008007cb0                _fini
 .fini          0x0000000008007cb4        0x8 /home/mats/gcc-arm-none-eabi-7-2018-q2-update/bin/../lib/gcc/arm-none-eabi/7.3.1/thumb/v7e-m/fpv4-sp/hard/crtn.o
                0x0000000008007cc0                . = ALIGN (0x8)
 *fill*         0x0000000008007cbc        0x4 
                0x0000000008007cc0                _etext = .

.vfp11_veneer   0x0000000008007cc0        0x0
 .vfp11_veneer  0x0000000008007cc0        0x0 linker stubs

.v4_bx          0x0000000008007cc0        0x0
 .v4_bx         0x0000000008007cc0        0x0 linker stubs

.iplt           0x0000000008007cc0        0x0
 .iplt          0x0000000008007cc0        0x0 /home/mats/gcc-arm-none-eabi-7-2018-q2-update/bin/../lib/gcc/arm-none-eabi/7.3.1/thumb/v7e-m/fpv4-sp/hard/crtbegin.o

.rodata         0x0000000008007cc0      0xec8
                0x0000000008007cc0                . = ALIGN (0x8)
 *(.rodata)
 .rodata        0x0000000008007cc0       0x14 ../../applications/lorawan-example/build/lorawan-example.o
 *(.rodata*)
 .rodata.LoRaWAN_send.str1.4
                0x0000000008007cd4       0x25 ../../applications/lorawan-example/build/lorawan-example.o
 *fill*         0x0000000008007cf9        0x3 
 .rodata.check_modules.str1.4
                0x0000000008007cfc       0x24 ../../applications/lorawan-example/build/lorawan-example.o
 .rodata.main.str1.4
                0x0000000008007d20       0x37 ../../applications/lorawan-example/build/lorawan-example.o
 *fill*         0x0000000008007d57        0x1 
 .rodata.printWelcome.str1.4
                0x0000000008007d58       0x58 ../../applications/lorawan-example/build/lorawan-example.o
                                         0x5c (size before relaxing)
 .rodata.str1.4
                0x0000000008007db0       0x15 ../../applications/lorawan-example/build/lorawan-example.o
 *fill*         0x0000000008007dc5        0x3 
 .rodata.process_rx_fifo.str1.4
                0x0000000008007dc8       0x1c ../../applications/lorawan-example/build/modem_interface.o
 .rodata.__func__.11040
                0x0000000008007de4       0x15 ../../applications/lorawan-example/build/modem.o
 *fill*         0x0000000008007df9        0x3 
 .rodata.__func__.5583
                0x0000000008007dfc       0x19 ../../applications/lorawan-example/build/modem.o
 *fill*         0x0000000008007e15        0x3 
 .rodata.alloc_command.str1.4
                0x0000000008007e18       0x1a ../../applications/lorawan-example/build/modem.o
 *fill*         0x0000000008007e32        0x2 
 .rodata.process_serial_frame.str1.4
                0x0000000008007e34       0x91 ../../applications/lorawan-example/build/modem.o
 *fill*         0x0000000008007ec5        0x3 
 .rodata.__func__.6200
                0x0000000008007ec8       0x19 ../../applications/lorawan-example/build/alp.o
 *fill*         0x0000000008007ee1        0x3 
 .rodata.__func__.6632
                0x0000000008007ee4       0x1a ../../applications/lorawan-example/build/alp.o
 *fill*         0x0000000008007efe        0x2 
 .rodata.__func__.6642
                0x0000000008007f00       0x1e ../../applications/lorawan-example/build/alp.o
 *fill*         0x0000000008007f1e        0x2 
 .rodata.__func__.6661
                0x0000000008007f20       0x1a ../../applications/lorawan-example/build/alp.o
 *fill*         0x0000000008007f3a        0x2 
 .rodata.__func__.6674
                0x0000000008007f3c       0x23 ../../applications/lorawan-example/build/alp.o
 *fill*         0x0000000008007f5f        0x1 
 .rodata.__func__.6696
                0x0000000008007f60       0x18 ../../applications/lorawan-example/build/alp.o
 .rodata.__func__.6711
                0x0000000008007f78       0x14 ../../applications/lorawan-example/build/alp.o
 .rodata.__func__.6718
                0x0000000008007f8c       0x17 ../../applications/lorawan-example/build/alp.o
 *fill*         0x0000000008007fa3        0x1 
 .rodata.__func__.6728
                0x0000000008007fa4       0x11 ../../applications/lorawan-example/build/alp.o
 *fill*         0x0000000008007fb5        0x3 
 .rodata.__func__.6765
                0x0000000008007fb8       0x1e ../../applications/lorawan-example/build/alp.o
 *fill*         0x0000000008007fd6        0x2 
 .rodata.alp_append_file_offset_operand.str1.4
                0x0000000008007fd8       0x2c ../../applications/lorawan-example/build/alp.o
 .rodata.alp_append_forward_action.str1.4
                0x0000000008008004      0x56a ../../applications/lorawan-example/build/alp.o
 *fill*         0x000000000800856e        0x2 
 .rodata.alp_append_length_operand.str1.4
                0x0000000008008570       0x97 ../../applications/lorawan-example/build/alp.o
 *fill*         0x0000000008008607        0x1 
 .rodata.alp_append_return_file_data_action.str1.4
                0x0000000008008608       0x68 ../../applications/lorawan-example/build/alp.o
 .rodata.alp_append_tag_request_action.str1.4
                0x0000000008008670       0x53 ../../applications/lorawan-example/build/alp.o
 *fill*         0x00000000080086c3        0x1 
 .rodata.alp_parse_action.str1.4
                0x00000000080086c4       0x26 ../../applications/lorawan-example/build/alp.o
 *fill*         0x00000000080086ea        0x2 
 .rodata.alp_parse_file_offset_operand.str1.4
                0x00000000080086ec       0x13 ../../applications/lorawan-example/build/alp.o
 *fill*         0x00000000080086ff        0x1 
 .rodata.parse_op_return_status.str1.4
                0x0000000008008700       0x84 ../../applications/lorawan-example/build/alp.o
                                         0xac (size before relaxing)
 .rodata.parse_op_return_tag.str1.4
                0x0000000008008784       0x5f ../../applications/lorawan-example/build/alp.o
 *fill*         0x00000000080087e3        0x1 
 .rodata.parse_operand_file_data.str1.4
                0x00000000080087e4       0x59 ../../applications/lorawan-example/build/alp.o
 *fill*         0x000000000800883d        0x3 
 .rodata.Murata_Initialize.str1.4
                0x0000000008008840       0xda ../../applications/lorawan-example/build/murata.o
 *fill*         0x000000000800891a        0x2 
 .rodata.Murata_LoRaWAN_Send.str1.4
                0x000000000800891c       0x2f ../../applications/lorawan-example/build/murata.o
 *fill*         0x000000000800894b        0x1 
 .rodata.on_modem_command_completed_callback.str1.4
                0x000000000800894c       0x3d ../../applications/lorawan-example/build/murata.o
 *fill*         0x0000000008008989        0x3 
 .rodata.on_modem_reboot_callback.str1.4
                0x000000000800898c       0x24 ../../applications/lorawan-example/build/murata.o
 .rodata.on_modem_return_file_data_callback.str1.4
                0x00000000080089b0       0x47 ../../applications/lorawan-example/build/murata.o
 *fill*         0x00000000080089f7        0x1 
 .rodata.on_modem_write_file_data_callback.str1.4
                0x00000000080089f8       0x46 ../../applications/lorawan-example/build/murata.o
 *fill*         0x0000000008008a3e        0x2 
 .rodata.vTaskStartScheduler.str1.4
                0x0000000008008a40        0x5 ../../applications/lorawan-example/build/tasks.o
 *fill*         0x0000000008008a45        0x3 
 .rodata.prvCheckForValidListAndQueue.str1.4
                0x0000000008008a48        0x5 ../../applications/lorawan-example/build/timers.o
 *fill*         0x0000000008008a4d        0x3 
 .rodata.xTimerCreateTimerTask.str1.4
                0x0000000008008a50        0x8 ../../applications/lorawan-example/build/timers.o
 .rodata.osTimerCreate.str1.4
                0x0000000008008a58        0x8 ../../applications/lorawan-example/build/cmsis_os.o
                                          0x1 (size before relaxing)
 .rodata.AHBPrescTable
                0x0000000008008a58       0x10 ../../applications/lorawan-example/build/system_stm32l4xx.o
                0x0000000008008a58                AHBPrescTable
 .rodata.APBPrescTable
                0x0000000008008a68        0x8 ../../applications/lorawan-example/build/system_stm32l4xx.o
                0x0000000008008a68                APBPrescTable
 .rodata.MSIRangeTable
                0x0000000008008a70       0x30 ../../applications/lorawan-example/build/system_stm32l4xx.o
                0x0000000008008a70                MSIRangeTable
 .rodata.platform_getHeader.str1.4
                0x0000000008008aa0       0x14 ../../applications/lorawan-example/build/octa.o
                                         0x13 (size before relaxing)
 .rodata.__assert_func.str1.1
                0x0000000008008ab4       0x3c /home/mats/gcc-arm-none-eabi-7-2018-q2-update/bin/../lib/gcc/arm-none-eabi/7.3.1/../../../../arm-none-eabi/lib/thumb/v7e-m/fpv4-sp/hard/libc_nano.a(lib_a-assert.o)
                                         0x3d (size before relaxing)
 .rodata._global_impure_ptr
                0x0000000008008af0        0x4 /home/mats/gcc-arm-none-eabi-7-2018-q2-update/bin/../lib/gcc/arm-none-eabi/7.3.1/../../../../arm-none-eabi/lib/thumb/v7e-m/fpv4-sp/hard/libc_nano.a(lib_a-impure.o)
                0x0000000008008af0                _global_impure_ptr
 .rodata._vfprintf_r.str1.1
                0x0000000008008af4       0x11 /home/mats/gcc-arm-none-eabi-7-2018-q2-update/bin/../lib/gcc/arm-none-eabi/7.3.1/../../../../arm-none-eabi/lib/thumb/v7e-m/fpv4-sp/hard/libc_nano.a(lib_a-nano-vfprintf.o)
 .rodata._printf_i.str1.1
                0x0000000008008b05       0x22 /home/mats/gcc-arm-none-eabi-7-2018-q2-update/bin/../lib/gcc/arm-none-eabi/7.3.1/../../../../arm-none-eabi/lib/thumb/v7e-m/fpv4-sp/hard/libc_nano.a(lib_a-nano-vfprintf_i.o)
 *fill*         0x0000000008008b27        0x1 
 .rodata.__sf_fake_stderr
                0x0000000008008b28       0x20 /home/mats/gcc-arm-none-eabi-7-2018-q2-update/bin/../lib/gcc/arm-none-eabi/7.3.1/../../../../arm-none-eabi/lib/thumb/v7e-m/fpv4-sp/hard/libc_nano.a(lib_a-findfp.o)
                0x0000000008008b28                __sf_fake_stderr
 .rodata.__sf_fake_stdin
                0x0000000008008b48       0x20 /home/mats/gcc-arm-none-eabi-7-2018-q2-update/bin/../lib/gcc/arm-none-eabi/7.3.1/../../../../arm-none-eabi/lib/thumb/v7e-m/fpv4-sp/hard/libc_nano.a(lib_a-findfp.o)
                0x0000000008008b48                __sf_fake_stdin
 .rodata.__sf_fake_stdout
                0x0000000008008b68       0x20 /home/mats/gcc-arm-none-eabi-7-2018-q2-update/bin/../lib/gcc/arm-none-eabi/7.3.1/../../../../arm-none-eabi/lib/thumb/v7e-m/fpv4-sp/hard/libc_nano.a(lib_a-findfp.o)
                0x0000000008008b68                __sf_fake_stdout
                0x0000000008008b88                . = ALIGN (0x8)

.ARM.extab      0x0000000008008b88        0x0
                0x0000000008008b88                . = ALIGN (0x8)
 *(.ARM.extab* .gnu.linkonce.armextab.*)
                0x0000000008008b88                . = ALIGN (0x8)

.ARM            0x0000000008008b88        0x8
                0x0000000008008b88                . = ALIGN (0x8)
                0x0000000008008b88                __exidx_start = .
 *(.ARM.exidx*)
 .ARM.exidx     0x0000000008008b88        0x8 /home/mats/gcc-arm-none-eabi-7-2018-q2-update/bin/../lib/gcc/arm-none-eabi/7.3.1/thumb/v7e-m/fpv4-sp/hard/libgcc.a(_udivmoddi4.o)
                0x0000000008008b90                __exidx_end = .
                0x0000000008008b90                . = ALIGN (0x8)

.rel.dyn        0x0000000008008b90        0x0
 .rel.iplt      0x0000000008008b90        0x0 /home/mats/gcc-arm-none-eabi-7-2018-q2-update/bin/../lib/gcc/arm-none-eabi/7.3.1/thumb/v7e-m/fpv4-sp/hard/crtbegin.o

.preinit_array  0x0000000008008b90        0x0
                0x0000000008008b90                . = ALIGN (0x8)
                0x0000000008008b90                PROVIDE (__preinit_array_start = .)
 *(.preinit_array*)
                0x0000000008008b90                PROVIDE (__preinit_array_end = .)
                0x0000000008008b90                . = ALIGN (0x8)

.init_array     0x0000000008008b90        0x8
                0x0000000008008b90                . = ALIGN (0x8)
                0x0000000008008b90                PROVIDE (__init_array_start = .)
 *(SORT_BY_NAME(.init_array.*))
 *(.init_array*)
 .init_array    0x0000000008008b90        0x4 /home/mats/gcc-arm-none-eabi-7-2018-q2-update/bin/../lib/gcc/arm-none-eabi/7.3.1/thumb/v7e-m/fpv4-sp/hard/crtbegin.o
                0x0000000008008b94                PROVIDE (__init_array_end = .)
                0x0000000008008b98                . = ALIGN (0x8)
 *fill*         0x0000000008008b94        0x4 

.fini_array     0x0000000008008b98        0x8
                0x0000000008008b98                . = ALIGN (0x8)
                [!provide]                        PROVIDE (__fini_array_start = .)
 *(SORT_BY_NAME(.fini_array.*))
 *(.fini_array*)
 .fini_array    0x0000000008008b98        0x4 /home/mats/gcc-arm-none-eabi-7-2018-q2-update/bin/../lib/gcc/arm-none-eabi/7.3.1/thumb/v7e-m/fpv4-sp/hard/crtbegin.o
                [!provide]                        PROVIDE (__fini_array_end = .)
                0x0000000008008ba0                . = ALIGN (0x8)
 *fill*         0x0000000008008b9c        0x4 
                0x0000000008008ba0                _sidata = LOADADDR (.data)

.data           0x0000000020000000       0xb0 load address 0x0000000008008ba0
                0x0000000020000000                . = ALIGN (0x8)
                0x0000000020000000                _sdata = .
 *(.data)
 *(.data*)
 .data.modem_callbacks
                0x0000000020000000       0x14 ../../applications/lorawan-example/build/murata.o
                0x0000000020000000                modem_callbacks
 .data.session_config
                0x0000000020000014       0x30 ../../applications/lorawan-example/build/murata.o
                0x0000000020000014                session_config
 .data.uxCriticalNesting
                0x0000000020000044        0x4 ../../applications/lorawan-example/build/port.o
 .data.SystemCoreClock
                0x0000000020000048        0x4 ../../applications/lorawan-example/build/system_stm32l4xx.o
                0x0000000020000048                SystemCoreClock
 .data._impure_ptr
                0x000000002000004c        0x4 /home/mats/gcc-arm-none-eabi-7-2018-q2-update/bin/../lib/gcc/arm-none-eabi/7.3.1/../../../../arm-none-eabi/lib/thumb/v7e-m/fpv4-sp/hard/libc_nano.a(lib_a-impure.o)
                0x000000002000004c                _impure_ptr
 .data.impure_data
                0x0000000020000050       0x60 /home/mats/gcc-arm-none-eabi-7-2018-q2-update/bin/../lib/gcc/arm-none-eabi/7.3.1/../../../../arm-none-eabi/lib/thumb/v7e-m/fpv4-sp/hard/libc_nano.a(lib_a-impure.o)
                0x00000000200000b0                . = ALIGN (0x8)
                0x00000000200000b0                _edata = .

.igot.plt       0x00000000200000b0        0x0 load address 0x0000000008008c50
 .igot.plt      0x00000000200000b0        0x0 /home/mats/gcc-arm-none-eabi-7-2018-q2-update/bin/../lib/gcc/arm-none-eabi/7.3.1/thumb/v7e-m/fpv4-sp/hard/crtbegin.o
                0x00000000200000b0                . = ALIGN (0x4)

.bss            0x00000000200000b0    0x24bd4 load address 0x0000000008008c50
                0x00000000200000b0                _sbss = .
                0x00000000200000b0                __bss_start__ = _sbss
 *(.bss)
 .bss           0x00000000200000b0       0x1c /home/mats/gcc-arm-none-eabi-7-2018-q2-update/bin/../lib/gcc/arm-none-eabi/7.3.1/thumb/v7e-m/fpv4-sp/hard/crtbegin.o
 *(.bss*)
 .bss.LoRaWAN_Counter
                0x00000000200000cc        0x2 ../../applications/lorawan-example/build/lorawan-example.o
                0x00000000200000cc                LoRaWAN_Counter
 .bss.lora_init
                0x00000000200000ce        0x1 ../../applications/lorawan-example/build/lorawan-example.o
                0x00000000200000ce                lora_init
 *fill*         0x00000000200000cf        0x1 
 .bss.crc       0x00000000200000d0        0x2 ../../applications/lorawan-example/build/crc.o
 *fill*         0x00000000200000d2        0x2 
 .bss.alp_handler
                0x00000000200000d4        0x4 ../../applications/lorawan-example/build/modem_interface.o
 .bss.logging_handler
                0x00000000200000d8        0x4 ../../applications/lorawan-example/build/modem_interface.o
 .bss.modem_interface_tx_buffer
                0x00000000200000dc       0xff ../../applications/lorawan-example/build/modem_interface.o
 *fill*         0x00000000200001db        0x1 
 .bss.modem_interface_tx_fifo
                0x00000000200001dc       0x10 ../../applications/lorawan-example/build/modem_interface.o
 .bss.packet_down_counter
                0x00000000200001ec        0x1 ../../applications/lorawan-example/build/modem_interface.o
 .bss.packet_up_counter
                0x00000000200001ed        0x1 ../../applications/lorawan-example/build/modem_interface.o
 .bss.parsed_header
                0x00000000200001ee        0x1 ../../applications/lorawan-example/build/modem_interface.o
 .bss.payload_len
                0x00000000200001ef        0x1 ../../applications/lorawan-example/build/modem_interface.o
 .bss.ping_response_handler
                0x00000000200001f0        0x4 ../../applications/lorawan-example/build/modem_interface.o
 .bss.rx_buffer
                0x00000000200001f4      0x100 ../../applications/lorawan-example/build/modem_interface.o
 .bss.target_rebooted_cb
                0x00000000200002f4        0x4 ../../applications/lorawan-example/build/modem_interface.o
 .bss.callbacks
                0x00000000200002f8        0x4 ../../applications/lorawan-example/build/modem.o
 .bss.command   0x00000000200002fc      0x114 ../../applications/lorawan-example/build/modem.o
 .bss.next_tag_id
                0x0000000020000410        0x1 ../../applications/lorawan-example/build/modem.o
 .bss.murata_notification_sent
                0x0000000020000411        0x1 ../../applications/lorawan-example/build/murata.o
                0x0000000020000411                murata_notification_sent
 *fill*         0x0000000020000412        0x2 
 .bss.pxCurrentTCB
                0x0000000020000414        0x4 ../../applications/lorawan-example/build/tasks.o
                0x0000000020000414                pxCurrentTCB
 .bss.pxDelayedTaskList
                0x0000000020000418        0x4 ../../applications/lorawan-example/build/tasks.o
 .bss.pxOverflowDelayedTaskList
                0x000000002000041c        0x4 ../../applications/lorawan-example/build/tasks.o
 .bss.pxReadyTasksLists
                0x0000000020000420       0x8c ../../applications/lorawan-example/build/tasks.o
 .bss.uxCurrentNumberOfTasks
                0x00000000200004ac        0x4 ../../applications/lorawan-example/build/tasks.o
 .bss.uxDeletedTasksWaitingCleanUp
                0x00000000200004b0        0x4 ../../applications/lorawan-example/build/tasks.o
 .bss.uxPendedTicks
                0x00000000200004b4        0x4 ../../applications/lorawan-example/build/tasks.o
 .bss.uxSchedulerSuspended
                0x00000000200004b8        0x4 ../../applications/lorawan-example/build/tasks.o
 .bss.uxTaskNumber